Archive member included to satisfy reference by file (symbol)

d:/program files (x86)/gnu tools arm embedded/9 2019-q4-major/bin/../lib/gcc/arm-none-eabi/9.2.1/thumb/v7e-m+fp/hard\libgcc.a(_arm_muldf3.o)
                              CMakeFiles/RMC_Code.elf.dir/Applications/Hardward/PWM_control.c.obj (__aeabi_dmul)
d:/program files (x86)/gnu tools arm embedded/9 2019-q4-major/bin/../lib/gcc/arm-none-eabi/9.2.1/thumb/v7e-m+fp/hard\libgcc.a(_arm_addsubdf3.o)
                              CMakeFiles/RMC_Code.elf.dir/Applications/Hardward/PWM_control.c.obj (__aeabi_dadd)
d:/program files (x86)/gnu tools arm embedded/9 2019-q4-major/bin/../lib/gcc/arm-none-eabi/9.2.1/thumb/v7e-m+fp/hard\libgcc.a(_arm_fixunsdfsi.o)
                              CMakeFiles/RMC_Code.elf.dir/Applications/Hardward/PWM_control.c.obj (__aeabi_d2uiz)
d:/program files (x86)/gnu tools arm embedded/9 2019-q4-major/bin/../lib/gcc/arm-none-eabi/9.2.1/thumb/v7e-m+fp/hard\libgcc.a(_aeabi_uldivmod.o)
                              CMakeFiles/RMC_Code.elf.dir/Drivers/STM32F4xx_HAL_Driver/Src/stm32f4xx_hal_rcc.c.obj (__aeabi_uldivmod)
d:/program files (x86)/gnu tools arm embedded/9 2019-q4-major/bin/../lib/gcc/arm-none-eabi/9.2.1/thumb/v7e-m+fp/hard\libgcc.a(_udivmoddi4.o)
                              d:/program files (x86)/gnu tools arm embedded/9 2019-q4-major/bin/../lib/gcc/arm-none-eabi/9.2.1/thumb/v7e-m+fp/hard\libgcc.a(_aeabi_uldivmod.o) (__udivmoddi4)
d:/program files (x86)/gnu tools arm embedded/9 2019-q4-major/bin/../lib/gcc/arm-none-eabi/9.2.1/thumb/v7e-m+fp/hard\libgcc.a(_dvmd_tls.o)
                              d:/program files (x86)/gnu tools arm embedded/9 2019-q4-major/bin/../lib/gcc/arm-none-eabi/9.2.1/thumb/v7e-m+fp/hard\libgcc.a(_aeabi_uldivmod.o) (__aeabi_ldiv0)
d:/program files (x86)/gnu tools arm embedded/9 2019-q4-major/bin/../lib/gcc/arm-none-eabi/9.2.1/../../../../arm-none-eabi/lib/thumb/v7e-m+fp/hard\libg.a(lib_a-errno.o)
                              CMakeFiles/RMC_Code.elf.dir/Src/syscalls.c.obj (__errno)
d:/program files (x86)/gnu tools arm embedded/9 2019-q4-major/bin/../lib/gcc/arm-none-eabi/9.2.1/../../../../arm-none-eabi/lib/thumb/v7e-m+fp/hard\libg.a(lib_a-exit.o)
                              d:/program files (x86)/gnu tools arm embedded/9 2019-q4-major/bin/../lib/gcc/arm-none-eabi/9.2.1/../../../../arm-none-eabi/lib/thumb/v7e-m+fp/hard/crt0.o (exit)
d:/program files (x86)/gnu tools arm embedded/9 2019-q4-major/bin/../lib/gcc/arm-none-eabi/9.2.1/../../../../arm-none-eabi/lib/thumb/v7e-m+fp/hard\libg.a(lib_a-impure.o)
                              d:/program files (x86)/gnu tools arm embedded/9 2019-q4-major/bin/../lib/gcc/arm-none-eabi/9.2.1/../../../../arm-none-eabi/lib/thumb/v7e-m+fp/hard\libg.a(lib_a-exit.o) (_global_impure_ptr)
d:/program files (x86)/gnu tools arm embedded/9 2019-q4-major/bin/../lib/gcc/arm-none-eabi/9.2.1/../../../../arm-none-eabi/lib/thumb/v7e-m+fp/hard\libg.a(lib_a-init.o)
                              d:/program files (x86)/gnu tools arm embedded/9 2019-q4-major/bin/../lib/gcc/arm-none-eabi/9.2.1/../../../../arm-none-eabi/lib/thumb/v7e-m+fp/hard/crt0.o (__libc_init_array)
d:/program files (x86)/gnu tools arm embedded/9 2019-q4-major/bin/../lib/gcc/arm-none-eabi/9.2.1/../../../../arm-none-eabi/lib/thumb/v7e-m+fp/hard\libg.a(lib_a-malloc.o)
                              CMakeFiles/RMC_Code.elf.dir/Applications/Hardward/IMU_updata.c.obj (malloc)
d:/program files (x86)/gnu tools arm embedded/9 2019-q4-major/bin/../lib/gcc/arm-none-eabi/9.2.1/../../../../arm-none-eabi/lib/thumb/v7e-m+fp/hard\libg.a(lib_a-mallocr.o)
                              d:/program files (x86)/gnu tools arm embedded/9 2019-q4-major/bin/../lib/gcc/arm-none-eabi/9.2.1/../../../../arm-none-eabi/lib/thumb/v7e-m+fp/hard\libg.a(lib_a-malloc.o) (_malloc_r)
d:/program files (x86)/gnu tools arm embedded/9 2019-q4-major/bin/../lib/gcc/arm-none-eabi/9.2.1/../../../../arm-none-eabi/lib/thumb/v7e-m+fp/hard\libg.a(lib_a-memcpy.o)
                              CMakeFiles/RMC_Code.elf.dir/Middlewares/Third_Party/FreeRTOS/Source/CMSIS_RTOS_V2/cmsis_os2.c.obj (memcpy)
d:/program files (x86)/gnu tools arm embedded/9 2019-q4-major/bin/../lib/gcc/arm-none-eabi/9.2.1/../../../../arm-none-eabi/lib/thumb/v7e-m+fp/hard\libg.a(lib_a-memset.o)
                              d:/program files (x86)/gnu tools arm embedded/9 2019-q4-major/bin/../lib/gcc/arm-none-eabi/9.2.1/../../../../arm-none-eabi/lib/thumb/v7e-m+fp/hard/crt0.o (memset)
d:/program files (x86)/gnu tools arm embedded/9 2019-q4-major/bin/../lib/gcc/arm-none-eabi/9.2.1/../../../../arm-none-eabi/lib/thumb/v7e-m+fp/hard\libg.a(lib_a-mlock.o)
                              d:/program files (x86)/gnu tools arm embedded/9 2019-q4-major/bin/../lib/gcc/arm-none-eabi/9.2.1/../../../../arm-none-eabi/lib/thumb/v7e-m+fp/hard\libg.a(lib_a-mallocr.o) (__malloc_lock)
[...]
Memory Configuration

Name             Origin             Length             Attributes
CCMRAM           0x10000000         0x00010000         xrw
RAM              0x20000000         0x00020000         xrw
FLASH            0x08000000         0x00100000         xr
*default*        0x00000000         0xffffffff

Linker script and memory map

LOAD d:/program files (x86)/gnu tools arm embedded/9 2019-q4-major/bin/../lib/gcc/arm-none-eabi/9.2.1/thumb/v7e-m+fp/hard/crti.o
LOAD d:/program files (x86)/gnu tools arm embedded/9 2019-q4-major/bin/../lib/gcc/arm-none-eabi/9.2.1/thumb/v7e-m+fp/hard/crtbegin.o
LOAD d:/program files (x86)/gnu tools arm embedded/9 2019-q4-major/bin/../lib/gcc/arm-none-eabi/9.2.1/../../../../arm-none-eabi/lib/thumb/v7e-m+fp/hard/crt0.o
LOAD CMakeFiles/RMC_Code.elf.dir/Algorithm/PID_controller.c.obj
LOAD CMakeFiles/RMC_Code.elf.dir/Algorithm/pid.c.obj
LOAD CMakeFiles/RMC_Code.elf.dir/Applications/Hardward/CAN_receive&send.c.obj
LOAD CMakeFiles/RMC_Code.elf.dir/Applications/Hardward/DBUS_remote_control.c.obj
LOAD CMakeFiles/RMC_Code.elf.dir/Applications/Hardward/IMU_updata.c.obj
LOAD CMakeFiles/RMC_Code.elf.dir/Applications/Hardward/LED_control.c.obj
LOAD CMakeFiles/RMC_Code.elf.dir/Applications/Hardward/PWM_control.c.obj
LOAD CMakeFiles/RMC_Code.elf.dir/Applications/Softward/DegCyclePID.c.obj
LOAD CMakeFiles/RMC_Code.elf.dir/Applications/Softward/DegCyclePID_3508.c.obj
LOAD CMakeFiles/RMC_Code.elf.dir/Applications/Softward/FIRE.c.obj
LOAD CMakeFiles/RMC_Code.elf.dir/Applications/Softward/IMU_calculate.c.obj
LOAD CMakeFiles/RMC_Code.elf.dir/Applications/Softward/MotorPID_test.c.obj
LOAD CMakeFiles/RMC_Code.elf.dir/Applications/Softward/chassis_move1.c.obj
LOAD CMakeFiles/RMC_Code.elf.dir/Drivers/Chip/BMI088Middleware.c.obj
LOAD CMakeFiles/RMC_Code.elf.dir/Drivers/Chip/BMI088driver.c.obj
LOAD CMakeFiles/RMC_Code.elf.dir/Drivers/Chip/ist8310driver.c.obj
LOAD CMakeFiles/RMC_Code.elf.dir/Drivers/Chip/ist8310driver_middleware.c.obj
LOAD CMakeFiles/RMC_Code.elf.dir/Drivers/STM32F4xx_HAL_Driver/Src/stm32f4xx_hal.c.obj
LOAD CMakeFiles/RMC_Code.elf.dir/Drivers/STM32F4xx_HAL_Driver/Src/stm32f4xx_hal_can.c.obj
LOAD CMakeFiles/RMC_Code.elf.dir/Drivers/STM32F4xx_HAL_Driver/Src/stm32f4xx_hal_cortex.c.obj
LOAD CMakeFiles/RMC_Code.elf.dir/Drivers/STM32F4xx_HAL_Driver/Src/stm32f4xx_hal_dma.c.obj
LOAD CMakeFiles/RMC_Code.elf.dir/Drivers/STM32F4xx_HAL_Driver/Src/stm32f4xx_hal_dma_ex.c.obj
LOAD CMakeFiles/RMC_Code.elf.dir/Drivers/STM32F4xx_HAL_Driver/Src/stm32f4xx_hal_exti.c.obj
LOAD CMakeFiles/RMC_Code.elf.dir/Drivers/STM32F4xx_HAL_Driver/Src/stm32f4xx_hal_flash.c.obj
LOAD CMakeFiles/RMC_Code.elf.dir/Drivers/STM32F4xx_HAL_Driver/Src/stm32f4xx_hal_flash_ex.c.obj
LOAD CMakeFiles/RMC_Code.elf.dir/Drivers/STM32F4xx_HAL_Driver/Src/stm32f4xx_hal_flash_ramfunc.c.obj
LOAD CMakeFiles/RMC_Code.elf.dir/Drivers/STM32F4xx_HAL_Driver/Src/stm32f4xx_hal_gpio.c.obj
LOAD CMakeFiles/RMC_Code.elf.dir/Drivers/STM32F4xx_HAL_Driver/Src/stm32f4xx_hal_i2c.c.obj
LOAD CMakeFiles/RMC_Code.elf.dir/Drivers/STM32F4xx_HAL_Driver/Src/stm32f4xx_hal_i2c_ex.c.obj
LOAD CMakeFiles/RMC_Code.elf.dir/Drivers/STM32F4xx_HAL_Driver/Src/stm32f4xx_hal_pwr.c.obj
LOAD CMakeFiles/RMC_Code.elf.dir/Drivers/STM32F4xx_HAL_Driver/Src/stm32f4xx_hal_pwr_ex.c.obj
LOAD CMakeFiles/RMC_Code.elf.dir/Drivers/STM32F4xx_HAL_Driver/Src/stm32f4xx_hal_rcc.c.obj
LOAD CMakeFiles/RMC_Code.elf.dir/Drivers/STM32F4xx_HAL_Driver/Src/stm32f4xx_hal_rcc_ex.c.obj
LOAD CMakeFiles/RMC_Code.elf.dir/Drivers/STM32F4xx_HAL_Driver/Src/stm32f4xx_hal_spi.c.obj
LOAD CMakeFiles/RMC_Code.elf.dir/Drivers/STM32F4xx_HAL_Driver/Src/stm32f4xx_hal_tim.c.obj
LOAD CMakeFiles/RMC_Code.elf.dir/Drivers/STM32F4xx_HAL_Driver/Src/stm32f4xx_hal_tim_ex.c.obj
LOAD CMakeFiles/RMC_Code.elf.dir/Drivers/STM32F4xx_HAL_Driver/Src/stm32f4xx_hal_uart.c.obj
LOAD CMakeFiles/RMC_Code.elf.dir/Middlewares/Third_Party/FreeRTOS/Source/CMSIS_RTOS_V2/cmsis_os2.c.obj
LOAD CMakeFiles/RMC_Code.elf.dir/Middlewares/Third_Party/FreeRTOS/Source/croutine.c.obj
LOAD CMakeFiles/RMC_Code.elf.dir/Middlewares/Third_Party/FreeRTOS/Source/event_groups.c.obj
LOAD CMakeFiles/RMC_Code.elf.dir/Middlewares/Third_Party/FreeRTOS/Source/list.c.obj
LOAD CMakeFiles/RMC_Code.elf.dir/Middlewares/Third_Party/FreeRTOS/Source/portable/GCC/ARM_CM4F/port.c.obj
LOAD CMakeFiles/RMC_Code.elf.dir/Middlewares/Third_Party/FreeRTOS/Source/portable/MemMang/heap_4.c.obj
LOAD CMakeFiles/RMC_Code.elf.dir/Middlewares/Third_Party/FreeRTOS/Source/queue.c.obj
LOAD CMakeFiles/RMC_Code.elf.dir/Middlewares/Third_Party/FreeRTOS/Source/stream_buffer.c.obj
LOAD CMakeFiles/RMC_Code.elf.dir/Middlewares/Third_Party/FreeRTOS/Source/tasks.c.obj
LOAD CMakeFiles/RMC_Code.elf.dir/Middlewares/Third_Party/FreeRTOS/Source/timers.c.obj
LOAD CMakeFiles/RMC_Code.elf.dir/Src/can.c.obj
LOAD CMakeFiles/RMC_Code.elf.dir/Src/dma.c.obj
LOAD CMakeFiles/RMC_Code.elf.dir/Src/freertos.c.obj
LOAD CMakeFiles/RMC_Code.elf.dir/Src/gpio.c.obj
LOAD CMakeFiles/RMC_Code.elf.dir/Src/i2c.c.obj
LOAD CMakeFiles/RMC_Code.elf.dir/Src/main.c.obj
LOAD CMakeFiles/RMC_Code.elf.dir/Src/spi.c.obj
LOAD CMakeFiles/RMC_Code.elf.dir/Src/stm32f4xx_hal_msp.c.obj
LOAD CMakeFiles/RMC_Code.elf.dir/Src/stm32f4xx_hal_timebase_tim.c.obj
LOAD CMakeFiles/RMC_Code.elf.dir/Src/stm32f4xx_it.c.obj
LOAD CMakeFiles/RMC_Code.elf.dir/Src/syscalls.c.obj
LOAD CMakeFiles/RMC_Code.elf.dir/Src/system_stm32f4xx.c.obj
LOAD CMakeFiles/RMC_Code.elf.dir/Src/tim.c.obj
LOAD CMakeFiles/RMC_Code.elf.dir/Src/usart.c.obj
LOAD CMakeFiles/RMC_Code.elf.dir/Task/Chassis_Task.c.obj
LOAD CMakeFiles/RMC_Code.elf.dir/startup/startup_stm32f407xx.s.obj
START GROUP
LOAD d:/program files (x86)/gnu tools arm embedded/9 2019-q4-major/bin/../lib/gcc/arm-none-eabi/9.2.1/thumb/v7e-m+fp/hard\libgcc.a
LOAD d:/program files (x86)/gnu tools arm embedded/9 2019-q4-major/bin/../lib/gcc/arm-none-eabi/9.2.1/../../../../arm-none-eabi/lib/thumb/v7e-m+fp/hard\libg.a
LOAD d:/program files (x86)/gnu tools arm embedded/9 2019-q4-major/bin/../lib/gcc/arm-none-eabi/9.2.1/../../../../arm-none-eabi/lib/thumb/v7e-m+fp/hard\libc.a
END GROUP
LOAD d:/program files (x86)/gnu tools arm embedded/9 2019-q4-major/bin/../lib/gcc/arm-none-eabi/9.2.1/thumb/v7e-m+fp/hard/crtend.o
LOAD d:/program files (x86)/gnu tools arm embedded/9 2019-q4-major/bin/../lib/gcc/arm-none-eabi/9.2.1/thumb/v7e-m+fp/hard/crtn.o
                0x20020000                _estack = (ORIGIN (RAM) + LENGTH (RAM))
                0x00000200                _Min_Heap_Size = 0x200
                0x00000400                _Min_Stack_Size = 0x400

.isr_vector     0x08000000      0x188
                0x08000000                . = ALIGN (0x4)
 *(.isr_vector)
 .isr_vector    0x08000000      0x188 CMakeFiles/RMC_Code.elf.dir/startup/startup_stm32f407xx.s.obj
                0x08000000                g_pfnVectors
                0x08000188                . = ALIGN (0x4)

.text           0x08000190     0x7fd8
                0x08000190                . = ALIGN (0x4)
 *(.text)
 .text          0x08000190       0x40 d:/program files (x86)/gnu tools arm embedded/9 2019-q4-major/bin/../lib/gcc/arm-none-eabi/9.2.1/thumb/v7e-m+fp/hard/crtbegin.o
 .text          0x080001d0      0x254 d:/program files (x86)/gnu tools arm embedded/9 2019-q4-major/bin/../lib/gcc/arm-none-eabi/9.2.1/thumb/v7e-m+fp/hard\libgcc.a(_arm_muldf3.o)
                0x080001d0                __muldf3
                0x080001d0                __aeabi_dmul
 .text          0x08000424      0x378 d:/program files (x86)/gnu tools arm embedded/9 2019-q4-major/bin/../lib/gcc/arm-none-eabi/9.2.1/thumb/v7e-m+fp/hard\libgcc.a(_arm_addsubdf3.o)
                0x08000424                __aeabi_drsub
                0x0800042c                __aeabi_dsub
                0x0800042c                __subdf3
                0x08000430                __aeabi_dadd
                0x08000430                __adddf3
                0x080006a8                __floatunsidf
                0x080006a8                __aeabi_ui2d
                0x080006c8                __floatsidf
                0x080006c8                __aeabi_i2d
                0x080006ec                __aeabi_f2d
                0x080006ec                __extendsfdf2
                0x08000730                __floatundidf
                0x08000730                __aeabi_ul2d
                0x08000740                __floatdidf
                0x08000740                __aeabi_l2d
 .text          0x0800079c       0x40 d:/program files (x86)/gnu tools arm embedded/9 2019-q4-major/bin/../lib/gcc/arm-none-eabi/9.2.1/thumb/v7e-m+fp/hard\libgcc.a(_arm_fixunsdfsi.o)
                0x0800079c                __aeabi_d2uiz
                0x0800079c                __fixunsdfsi
 .text          0x080007dc       0x30 d:/program files (x86)/gnu tools arm embedded/9 2019-q4-major/bin/../lib/gcc/arm-none-eabi/9.2.1/thumb/v7e-m+fp/hard\libgcc.a(_aeabi_uldivmod.o)
                0x080007dc                __aeabi_uldivmod
 .text          0x0800080c      0x2c4 d:/program files (x86)/gnu tools arm embedded/9 2019-q4-major/bin/../lib/gcc/arm-none-eabi/9.2.1/thumb/v7e-m+fp/hard\libgcc.a(_udivmoddi4.o)
                0x0800080c                __udivmoddi4
 .text          0x08000ad0        0x4 d:/program files (x86)/gnu tools arm embedded/9 2019-q4-major/bin/../lib/gcc/arm-none-eabi/9.2.1/thumb/v7e-m+fp/hard\libgcc.a(_dvmd_tls.o)
                0x08000ad0                __aeabi_idiv0
                0x08000ad0                __aeabi_ldiv0
 .text          0x08000ad4      0x134 d:/program files (x86)/gnu tools arm embedded/9 2019-q4-major/bin/../lib/gcc/arm-none-eabi/9.2.1/../../../../arm-none-eabi/lib/thumb/v7e-m+fp/hard\libg.a(lib_a-memcpy.o)
                0x08000ad4                memcpy
 *(.text*)
 .text.pid_compute
                0x08000c08       0x7e CMakeFiles/RMC_Code.elf.dir/Algorithm/PID_controller.c.obj
                0x08000c08                pid_compute
 *fill*         0x08000c86        0x2 
 .text.pid_tune
                0x08000c88       0x58 CMakeFiles/RMC_Code.elf.dir/Algorithm/PID_controller.c.obj
                0x08000c88                pid_tune
 .text.pid_limits
                0x08000ce0       0x46 CMakeFiles/RMC_Code.elf.dir/Algorithm/PID_controller.c.obj
                0x08000ce0                pid_limits
 .text.pid_direction
                0x08000d26       0x26 CMakeFiles/RMC_Code.elf.dir/Algorithm/PID_controller.c.obj
                0x08000d26                pid_direction
 .text.pid_create
                0x08000d4c       0x46 CMakeFiles/RMC_Code.elf.dir/Algorithm/PID_controller.c.obj
                0x08000d4c                pid_create
 *fill*         0x08000d92        0x2 
 .text.MotorDeg_update
                0x08000d94       0x80 CMakeFiles/RMC_Code.elf.dir/Applications/Hardward/CAN_receive&send.c.obj
                0x08000d94                MotorDeg_update
 .text.HAL_CAN_RxFifo0MsgPendingCallback
                0x08000e14      0x264 CMakeFiles/RMC_Code.elf.dir/Applications/Hardward/CAN_receive&send.c.obj
                0x08000e14                HAL_CAN_RxFifo0MsgPendingCallback
 .text.sbus_to_rc
                0x08001078       0xbc CMakeFiles/RMC_Code.elf.dir/Applications/Hardward/DBUS_remote_control.c.obj
 .text.RC_init  0x08001134       0x68 CMakeFiles/RMC_Code.elf.dir/Applications/Hardward/DBUS_remote_control.c.obj
                0x08001134                RC_init
 .text.remote_control_init
                0x0800119c       0x14 CMakeFiles/RMC_Code.elf.dir/Applications/Hardward/DBUS_remote_control.c.obj
                0x0800119c                remote_control_init
 .text.USART3_IRQHandler
                0x080011b0       0xe4 CMakeFiles/RMC_Code.elf.dir/Applications/Hardward/DBUS_remote_control.c.obj
                0x080011b0                USART3_IRQHandler
 .text.IMU_init
                0x08001294       0x74 CMakeFiles/RMC_Code.elf.dir/Applications/Hardward/IMU_updata.c.obj
                0x08001294                IMU_init
 .text.IMU_heat_set
                0x08001308        0xc CMakeFiles/RMC_Code.elf.dir/Applications/Hardward/IMU_updata.c.obj
                0x08001308                IMU_heat_set
 .text.IMU_updata
                0x08001314       0x34 CMakeFiles/RMC_Code.elf.dir/Applications/Hardward/IMU_updata.c.obj
                0x08001314                IMU_updata
 .text.led_init
                0x08001348       0x28 CMakeFiles/RMC_Code.elf.dir/Applications/Hardward/LED_control.c.obj
                0x08001348                led_init
 .text.led_show
                0x08001370       0x28 CMakeFiles/RMC_Code.elf.dir/Applications/Hardward/LED_control.c.obj
                0x08001370                led_show
 .text.set_servo_angle
                0x08001398       0x84 CMakeFiles/RMC_Code.elf.dir/Applications/Hardward/PWM_control.c.obj
                0x08001398                set_servo_angle
 .text.PWM_servo_control_init
                0x0800141c       0xac CMakeFiles/RMC_Code.elf.dir/Applications/Hardward/PWM_control.c.obj
                0x0800141c                PWM_servo_control_init
 .text.Fire_Init
                0x080014c8       0x54 CMakeFiles/RMC_Code.elf.dir/Applications/Softward/FIRE.c.obj
                0x080014c8                Fire_Init
 .text.Fire_on  0x0800151c       0x14 CMakeFiles/RMC_Code.elf.dir/Applications/Softward/FIRE.c.obj
                0x0800151c                Fire_on
 .text.Fire_test
                0x08001530       0x30 CMakeFiles/RMC_Code.elf.dir/Applications/Softward/FIRE.c.obj
                0x08001530                Fire_test
 .text.BMI088_GPIO_init
                0x08001560        0x2 CMakeFiles/RMC_Code.elf.dir/Drivers/Chip/BMI088Middleware.c.obj
                0x08001560                BMI088_GPIO_init
 .text.BMI088_com_init
                0x08001562        0x2 CMakeFiles/RMC_Code.elf.dir/Drivers/Chip/BMI088Middleware.c.obj
                0x08001562                BMI088_com_init
 .text.BMI088_delay_us
                0x08001564        0x8 CMakeFiles/RMC_Code.elf.dir/Drivers/Chip/BMI088Middleware.c.obj
                0x08001564                BMI088_delay_us
 .text.BMI088_delay_ms
                0x0800156c       0x16 CMakeFiles/RMC_Code.elf.dir/Drivers/Chip/BMI088Middleware.c.obj
                0x0800156c                BMI088_delay_ms
 *fill*         0x08001582        0x2 
 .text.BMI088_ACCEL_NS_L
                0x08001584       0x14 CMakeFiles/RMC_Code.elf.dir/Drivers/Chip/BMI088Middleware.c.obj
                0x08001584                BMI088_ACCEL_NS_L
 .text.BMI088_ACCEL_NS_H
                0x08001598       0x14 CMakeFiles/RMC_Code.elf.dir/Drivers/Chip/BMI088Middleware.c.obj
                0x08001598                BMI088_ACCEL_NS_H
 .text.BMI088_GYRO_NS_L
                0x080015ac       0x14 CMakeFiles/RMC_Code.elf.dir/Drivers/Chip/BMI088Middleware.c.obj
                0x080015ac                BMI088_GYRO_NS_L
 .text.BMI088_GYRO_NS_H
                0x080015c0       0x14 CMakeFiles/RMC_Code.elf.dir/Drivers/Chip/BMI088Middleware.c.obj
                0x080015c0                BMI088_GYRO_NS_H
 .text.BMI088_read_write_byte
                0x080015d4       0x2c CMakeFiles/RMC_Code.elf.dir/Drivers/Chip/BMI088Middleware.c.obj
                0x080015d4                BMI088_read_write_byte
 .text.BMI088_write_single_reg
                0x08001600       0x10 CMakeFiles/RMC_Code.elf.dir/Drivers/Chip/BMI088driver.c.obj
 .text.BMI088_read_single_reg
                0x08001610       0x16 CMakeFiles/RMC_Code.elf.dir/Drivers/Chip/BMI088driver.c.obj
 .text.BMI088_read_muli_reg
                0x08001626       0x22 CMakeFiles/RMC_Code.elf.dir/Drivers/Chip/BMI088driver.c.obj
 .text.bmi088_accel_init
                0x08001648      0x104 CMakeFiles/RMC_Code.elf.dir/Drivers/Chip/BMI088driver.c.obj
                0x08001648                bmi088_accel_init
 .text.bmi088_gyro_init
                0x0800174c       0xf0 CMakeFiles/RMC_Code.elf.dir/Drivers/Chip/BMI088driver.c.obj
                0x0800174c                bmi088_gyro_init
 .text.BMI088_init
                0x0800183c       0x1a CMakeFiles/RMC_Code.elf.dir/Drivers/Chip/BMI088driver.c.obj
                0x0800183c                BMI088_init
 *fill*         0x08001856        0x2 
 .text.BMI088_read
                0x08001858      0x17c CMakeFiles/RMC_Code.elf.dir/Drivers/Chip/BMI088driver.c.obj
                0x08001858                BMI088_read
 .text.ist8310_init
                0x080019d4       0x78 CMakeFiles/RMC_Code.elf.dir/Drivers/Chip/ist8310driver.c.obj
                0x080019d4                ist8310_init
 .text.ist8310_read_mag
                0x08001a4c       0x78 CMakeFiles/RMC_Code.elf.dir/Drivers/Chip/ist8310driver.c.obj
                0x08001a4c                ist8310_read_mag
 .text.ist8310_GPIO_init
                0x08001ac4        0x2 CMakeFiles/RMC_Code.elf.dir/Drivers/Chip/ist8310driver_middleware.c.obj
                0x08001ac4                ist8310_GPIO_init
 .text.ist8310_com_init
                0x08001ac6        0x2 CMakeFiles/RMC_Code.elf.dir/Drivers/Chip/ist8310driver_middleware.c.obj
                0x08001ac6                ist8310_com_init
 .text.ist8310_IIC_read_single_reg
                0x08001ac8       0x30 CMakeFiles/RMC_Code.elf.dir/Drivers/Chip/ist8310driver_middleware.c.obj
                0x08001ac8                ist8310_IIC_read_single_reg
 .text.ist8310_IIC_write_single_reg
                0x08001af8       0x2c CMakeFiles/RMC_Code.elf.dir/Drivers/Chip/ist8310driver_middleware.c.obj
                0x08001af8                ist8310_IIC_write_single_reg
 .text.ist8310_IIC_read_muli_reg
                0x08001b24       0x24 CMakeFiles/RMC_Code.elf.dir/Drivers/Chip/ist8310driver_middleware.c.obj
                0x08001b24                ist8310_IIC_read_muli_reg
 .text.ist8310_delay_ms
                0x08001b48        0x8 CMakeFiles/RMC_Code.elf.dir/Drivers/Chip/ist8310driver_middleware.c.obj
                0x08001b48                ist8310_delay_ms
 .text.ist8310_delay_us
                0x08001b50        0x8 CMakeFiles/RMC_Code.elf.dir/Drivers/Chip/ist8310driver_middleware.c.obj
                0x08001b50                ist8310_delay_us
 .text.ist8310_RST_H
                0x08001b58       0x14 CMakeFiles/RMC_Code.elf.dir/Drivers/Chip/ist8310driver_middleware.c.obj
                0x08001b58                ist8310_RST_H
 .text.ist8310_RST_L
                0x08001b6c       0x14 CMakeFiles/RMC_Code.elf.dir/Drivers/Chip/ist8310driver_middleware.c.obj
                0x08001b6c                ist8310_RST_L
 .text.HAL_Init
                0x08001b80       0x34 CMakeFiles/RMC_Code.elf.dir/Drivers/STM32F4xx_HAL_Driver/Src/stm32f4xx_hal.c.obj
                0x08001b80                HAL_Init
 .text.HAL_IncTick
                0x08001bb4       0x18 CMakeFiles/RMC_Code.elf.dir/Drivers/STM32F4xx_HAL_Driver/Src/stm32f4xx_hal.c.obj
                0x08001bb4                HAL_IncTick
 .text.HAL_GetTick
                0x08001bcc        0xc CMakeFiles/RMC_Code.elf.dir/Drivers/STM32F4xx_HAL_Driver/Src/stm32f4xx_hal.c.obj
                0x08001bcc                HAL_GetTick
 .text.HAL_Delay
                0x08001bd8       0x28 CMakeFiles/RMC_Code.elf.dir/Drivers/STM32F4xx_HAL_Driver/Src/stm32f4xx_hal.c.obj
                0x08001bd8                HAL_Delay
 .text.HAL_CAN_Init
                0x08001c00      0x14c CMakeFiles/RMC_Code.elf.dir/Drivers/STM32F4xx_HAL_Driver/Src/stm32f4xx_hal_can.c.obj
                0x08001c00                HAL_CAN_Init
 .text.HAL_CAN_ConfigFilter
                0x08001d4c      0x130 CMakeFiles/RMC_Code.elf.dir/Drivers/STM32F4xx_HAL_Driver/Src/stm32f4xx_hal_can.c.obj
                0x08001d4c                HAL_CAN_ConfigFilter
 .text.HAL_CAN_Start
                0x08001e7c       0x5c CMakeFiles/RMC_Code.elf.dir/Drivers/STM32F4xx_HAL_Driver/Src/stm32f4xx_hal_can.c.obj
                0x08001e7c                HAL_CAN_Start
 .text.HAL_CAN_GetRxMessage
                0x08001ed8      0x140 CMakeFiles/RMC_Code.elf.dir/Drivers/STM32F4xx_HAL_Driver/Src/stm32f4xx_hal_can.c.obj
                0x08001ed8                HAL_CAN_GetRxMessage
 .text.HAL_CAN_ActivateNotification
                0x08002018       0x24 CMakeFiles/RMC_Code.elf.dir/Drivers/STM32F4xx_HAL_Driver/Src/stm32f4xx_hal_can.c.obj
                0x08002018                HAL_CAN_ActivateNotification
 .text.HAL_CAN_TxMailbox0CompleteCallback
                0x0800203c        0x2 CMakeFiles/RMC_Code.elf.dir/Drivers/STM32F4xx_HAL_Driver/Src/stm32f4xx_hal_can.c.obj
                0x0800203c                HAL_CAN_TxMailbox0CompleteCallback
 .text.HAL_CAN_TxMailbox1CompleteCallback
                0x0800203e        0x2 CMakeFiles/RMC_Code.elf.dir/Drivers/STM32F4xx_HAL_Driver/Src/stm32f4xx_hal_can.c.obj
                0x0800203e                HAL_CAN_TxMailbox1CompleteCallback
 .text.HAL_CAN_TxMailbox2CompleteCallback
                0x08002040        0x2 CMakeFiles/RMC_Code.elf.dir/Drivers/STM32F4xx_HAL_Driver/Src/stm32f4xx_hal_can.c.obj
                0x08002040                HAL_CAN_TxMailbox2CompleteCallback
 .text.HAL_CAN_TxMailbox0AbortCallback
                0x08002042        0x2 CMakeFiles/RMC_Code.elf.dir/Drivers/STM32F4xx_HAL_Driver/Src/stm32f4xx_hal_can.c.obj
                0x08002042                HAL_CAN_TxMailbox0AbortCallback
 .text.HAL_CAN_TxMailbox1AbortCallback
                0x08002044        0x2 CMakeFiles/RMC_Code.elf.dir/Drivers/STM32F4xx_HAL_Driver/Src/stm32f4xx_hal_can.c.obj
                0x08002044                HAL_CAN_TxMailbox1AbortCallback
 .text.HAL_CAN_TxMailbox2AbortCallback
                0x08002046        0x2 CMakeFiles/RMC_Code.elf.dir/Drivers/STM32F4xx_HAL_Driver/Src/stm32f4xx_hal_can.c.obj
                0x08002046                HAL_CAN_TxMailbox2AbortCallback
 .text.HAL_CAN_RxFifo0FullCallback
                0x08002048        0x2 CMakeFiles/RMC_Code.elf.dir/Drivers/STM32F4xx_HAL_Driver/Src/stm32f4xx_hal_can.c.obj
                0x08002048                HAL_CAN_RxFifo0FullCallback
 .text.HAL_CAN_RxFifo1MsgPendingCallback
                0x0800204a        0x2 CMakeFiles/RMC_Code.elf.dir/Drivers/STM32F4xx_HAL_Driver/Src/stm32f4xx_hal_can.c.obj
                0x0800204a                HAL_CAN_RxFifo1MsgPendingCallback
 .text.HAL_CAN_RxFifo1FullCallback
                0x0800204c        0x2 CMakeFiles/RMC_Code.elf.dir/Drivers/STM32F4xx_HAL_Driver/Src/stm32f4xx_hal_can.c.obj
                0x0800204c                HAL_CAN_RxFifo1FullCallback
 .text.HAL_CAN_SleepCallback
                0x0800204e        0x2 CMakeFiles/RMC_Code.elf.dir/Drivers/STM32F4xx_HAL_Driver/Src/stm32f4xx_hal_can.c.obj
                0x0800204e                HAL_CAN_SleepCallback
 .text.HAL_CAN_WakeUpFromRxMsgCallback
                0x08002050        0x2 CMakeFiles/RMC_Code.elf.dir/Drivers/STM32F4xx_HAL_Driver/Src/stm32f4xx_hal_can.c.obj
                0x08002050                HAL_CAN_WakeUpFromRxMsgCallback
 .text.HAL_CAN_ErrorCallback
                0x08002052        0x2 CMakeFiles/RMC_Code.elf.dir/Drivers/STM32F4xx_HAL_Driver/Src/stm32f4xx_hal_can.c.obj
                0x08002052                HAL_CAN_ErrorCallback
 .text.HAL_CAN_IRQHandler
                0x08002054      0x24a CMakeFiles/RMC_Code.elf.dir/Drivers/STM32F4xx_HAL_Driver/Src/stm32f4xx_hal_can.c.obj
                0x08002054                HAL_CAN_IRQHandler
 *fill*         0x0800229e        0x2 
 .text.HAL_NVIC_SetPriorityGrouping
                0x080022a0       0x24 CMakeFiles/RMC_Code.elf.dir/Drivers/STM32F4xx_HAL_Driver/Src/stm32f4xx_hal_cortex.c.obj
                0x080022a0                HAL_NVIC_SetPriorityGrouping
 .text.HAL_NVIC_SetPriority
                0x080022c4       0x68 CMakeFiles/RMC_Code.elf.dir/Drivers/STM32F4xx_HAL_Driver/Src/stm32f4xx_hal_cortex.c.obj
                0x080022c4                HAL_NVIC_SetPriority
 .text.HAL_NVIC_EnableIRQ
                0x0800232c       0x1c CMakeFiles/RMC_Code.elf.dir/Drivers/STM32F4xx_HAL_Driver/Src/stm32f4xx_hal_cortex.c.obj
                0x0800232c                HAL_NVIC_EnableIRQ
 .text.DMA_CalcBaseAndBitshift
                0x08002348       0x44 CMakeFiles/RMC_Code.elf.dir/Drivers/STM32F4xx_HAL_Driver/Src/stm32f4xx_hal_dma.c.obj
 .text.DMA_CheckFifoParam
                0x0800238c       0x8e CMakeFiles/RMC_Code.elf.dir/Drivers/STM32F4xx_HAL_Driver/Src/stm32f4xx_hal_dma.c.obj
 *fill*         0x0800241a        0x2 
 .text.HAL_DMA_Init
                0x0800241c       0xcc CMakeFiles/RMC_Code.elf.dir/Drivers/STM32F4xx_HAL_Driver/Src/stm32f4xx_hal_dma.c.obj
                0x0800241c                HAL_DMA_Init
 .text.HAL_DMA_IRQHandler
                0x080024e8      0x1dc CMakeFiles/RMC_Code.elf.dir/Drivers/STM32F4xx_HAL_Driver/Src/stm32f4xx_hal_dma.c.obj
                0x080024e8                HAL_DMA_IRQHandler
 .text.HAL_GPIO_Init
                0x080026c4      0x1cc CMakeFiles/RMC_Code.elf.dir/Drivers/STM32F4xx_HAL_Driver/Src/stm32f4xx_hal_gpio.c.obj
                0x080026c4                HAL_GPIO_Init
 .text.HAL_GPIO_WritePin
                0x08002890        0xc CMakeFiles/RMC_Code.elf.dir/Drivers/STM32F4xx_HAL_Driver/Src/stm32f4xx_hal_gpio.c.obj
                0x08002890                HAL_GPIO_WritePin
 .text.I2C_IsAcknowledgeFailed
                0x0800289c       0x32 CMakeFiles/RMC_Code.elf.dir/Drivers/STM32F4xx_HAL_Driver/Src/stm32f4xx_hal_i2c.c.obj
 .text.I2C_WaitOnFlagUntilTimeout
                0x080028ce       0x74 CMakeFiles/RMC_Code.elf.dir/Drivers/STM32F4xx_HAL_Driver/Src/stm32f4xx_hal_i2c.c.obj
 .text.I2C_WaitOnMasterAddressFlagUntilTimeout
                0x08002942       0xaa CMakeFiles/RMC_Code.elf.dir/Drivers/STM32F4xx_HAL_Driver/Src/stm32f4xx_hal_i2c.c.obj
 .text.I2C_WaitOnTXEFlagUntilTimeout
                0x080029ec       0x54 CMakeFiles/RMC_Code.elf.dir/Drivers/STM32F4xx_HAL_Driver/Src/stm32f4xx_hal_i2c.c.obj
 .text.I2C_RequestMemoryWrite
                0x08002a40       0xd8 CMakeFiles/RMC_Code.elf.dir/Drivers/STM32F4xx_HAL_Driver/Src/stm32f4xx_hal_i2c.c.obj
 .text.I2C_RequestMemoryRead
                0x08002b18      0x154 CMakeFiles/RMC_Code.elf.dir/Drivers/STM32F4xx_HAL_Driver/Src/stm32f4xx_hal_i2c.c.obj
 .text.I2C_WaitOnBTFFlagUntilTimeout
                0x08002c6c       0x54 CMakeFiles/RMC_Code.elf.dir/Drivers/STM32F4xx_HAL_Driver/Src/stm32f4xx_hal_i2c.c.obj
 .text.I2C_WaitOnRXNEFlagUntilTimeout
                0x08002cc0       0x6a CMakeFiles/RMC_Code.elf.dir/Drivers/STM32F4xx_HAL_Driver/Src/stm32f4xx_hal_i2c.c.obj
 *fill*         0x08002d2a        0x2 
 .text.HAL_I2C_Init
                0x08002d2c      0x1bc CMakeFiles/RMC_Code.elf.dir/Drivers/STM32F4xx_HAL_Driver/Src/stm32f4xx_hal_i2c.c.obj
                0x08002d2c                HAL_I2C_Init
 .text.HAL_I2C_Mem_Write
                0x08002ee8      0x164 CMakeFiles/RMC_Code.elf.dir/Drivers/STM32F4xx_HAL_Driver/Src/stm32f4xx_hal_i2c.c.obj
                0x08002ee8                HAL_I2C_Mem_Write
 .text.HAL_I2C_Mem_Read
                0x0800304c      0x2e4 CMakeFiles/RMC_Code.elf.dir/Drivers/STM32F4xx_HAL_Driver/Src/stm32f4xx_hal_i2c.c.obj
                0x0800304c                HAL_I2C_Mem_Read
 .text.HAL_RCC_OscConfig
                0x08003330      0x3ec CMakeFiles/RMC_Code.elf.dir/Drivers/STM32F4xx_HAL_Driver/Src/stm32f4xx_hal_rcc.c.obj
                0x08003330                HAL_RCC_OscConfig
 .text.HAL_RCC_GetSysClockFreq
                0x0800371c       0xa0 CMakeFiles/RMC_Code.elf.dir/Drivers/STM32F4xx_HAL_Driver/Src/stm32f4xx_hal_rcc.c.obj
                0x0800371c                HAL_RCC_GetSysClockFreq
 .text.HAL_RCC_ClockConfig
                0x080037bc      0x160 CMakeFiles/RMC_Code.elf.dir/Drivers/STM32F4xx_HAL_Driver/Src/stm32f4xx_hal_rcc.c.obj
                0x080037bc                HAL_RCC_ClockConfig
 .text.HAL_RCC_GetHCLKFreq
                0x0800391c        0xc CMakeFiles/RMC_Code.elf.dir/Drivers/STM32F4xx_HAL_Driver/Src/stm32f4xx_hal_rcc.c.obj
                0x0800391c                HAL_RCC_GetHCLKFreq
 .text.HAL_RCC_GetPCLK1Freq
                0x08003928       0x20 CMakeFiles/RMC_Code.elf.dir/Drivers/STM32F4xx_HAL_Driver/Src/stm32f4xx_hal_rcc.c.obj
                0x08003928                HAL_RCC_GetPCLK1Freq
 .text.HAL_RCC_GetPCLK2Freq
                0x08003948       0x20 CMakeFiles/RMC_Code.elf.dir/Drivers/STM32F4xx_HAL_Driver/Src/stm32f4xx_hal_rcc.c.obj
                0x08003948                HAL_RCC_GetPCLK2Freq
 .text.HAL_RCC_GetClockConfig
                0x08003968       0x3c CMakeFiles/RMC_Code.elf.dir/Drivers/STM32F4xx_HAL_Driver/Src/stm32f4xx_hal_rcc.c.obj
                0x08003968                HAL_RCC_GetClockConfig
 .text.SPI_WaitFlagStateUntilTimeout
                0x080039a4       0x94 CMakeFiles/RMC_Code.elf.dir/Drivers/STM32F4xx_HAL_Driver/Src/stm32f4xx_hal_spi.c.obj
 .text.SPI_EndRxTxTransaction
                0x08003a38       0x68 CMakeFiles/RMC_Code.elf.dir/Drivers/STM32F4xx_HAL_Driver/Src/stm32f4xx_hal_spi.c.obj
 .text.HAL_SPI_Init
                0x08003aa0       0x80 CMakeFiles/RMC_Code.elf.dir/Drivers/STM32F4xx_HAL_Driver/Src/stm32f4xx_hal_spi.c.obj
                0x08003aa0                HAL_SPI_Init
 .text.HAL_SPI_TransmitReceive
                0x08003b20      0x238 CMakeFiles/RMC_Code.elf.dir/Drivers/STM32F4xx_HAL_Driver/Src/stm32f4xx_hal_spi.c.obj
                0x08003b20                HAL_SPI_TransmitReceive
 .text.TIM_OC1_SetConfig
                0x08003d58       0x68 CMakeFiles/RMC_Code.elf.dir/Drivers/STM32F4xx_HAL_Driver/Src/stm32f4xx_hal_tim.c.obj
 .text.TIM_OC3_SetConfig
                0x08003dc0       0x70 CMakeFiles/RMC_Code.elf.dir/Drivers/STM32F4xx_HAL_Driver/Src/stm32f4xx_hal_tim.c.obj
 .text.TIM_OC4_SetConfig
                0x08003e30       0x50 CMakeFiles/RMC_Code.elf.dir/Drivers/STM32F4xx_HAL_Driver/Src/stm32f4xx_hal_tim.c.obj
 .text.TIM_TI1_ConfigInputStage
                0x08003e80       0x24 CMakeFiles/RMC_Code.elf.dir/Drivers/STM32F4xx_HAL_Driver/Src/stm32f4xx_hal_tim.c.obj
 .text.TIM_TI2_ConfigInputStage
                0x08003ea4       0x26 CMakeFiles/RMC_Code.elf.dir/Drivers/STM32F4xx_HAL_Driver/Src/stm32f4xx_hal_tim.c.obj
 .text.TIM_ITRx_SetConfig
                0x08003eca       0x10 CMakeFiles/RMC_Code.elf.dir/Drivers/STM32F4xx_HAL_Driver/Src/stm32f4xx_hal_tim.c.obj
 .text.HAL_TIM_Base_Start
                0x08003eda       0x24 CMakeFiles/RMC_Code.elf.dir/Drivers/STM32F4xx_HAL_Driver/Src/stm32f4xx_hal_tim.c.obj
                0x08003eda                HAL_TIM_Base_Start
 .text.HAL_TIM_Base_Start_IT
                0x08003efe       0x22 CMakeFiles/RMC_Code.elf.dir/Drivers/STM32F4xx_HAL_Driver/Src/stm32f4xx_hal_tim.c.obj
                0x08003efe                HAL_TIM_Base_Start_IT
 .text.HAL_TIM_OC_MspInit
                0x08003f20        0x2 CMakeFiles/RMC_Code.elf.dir/Drivers/STM32F4xx_HAL_Driver/Src/stm32f4xx_hal_tim.c.obj
                0x08003f20                HAL_TIM_OC_MspInit
 .text.HAL_TIM_PWM_MspInit
                0x08003f22        0x2 CMakeFiles/RMC_Code.elf.dir/Drivers/STM32F4xx_HAL_Driver/Src/stm32f4xx_hal_tim.c.obj
                0x08003f22                HAL_TIM_PWM_MspInit
 .text.HAL_TIM_OC_DelayElapsedCallback
                0x08003f24        0x2 CMakeFiles/RMC_Code.elf.dir/Drivers/STM32F4xx_HAL_Driver/Src/stm32f4xx_hal_tim.c.obj
                0x08003f24                HAL_TIM_OC_DelayElapsedCallback
 .text.HAL_TIM_IC_CaptureCallback
                0x08003f26        0x2 CMakeFiles/RMC_Code.elf.dir/Drivers/STM32F4xx_HAL_Driver/Src/stm32f4xx_hal_tim.c.obj
                0x08003f26                HAL_TIM_IC_CaptureCallback
 .text.HAL_TIM_PWM_PulseFinishedCallback
                0x08003f28        0x2 CMakeFiles/RMC_Code.elf.dir/Drivers/STM32F4xx_HAL_Driver/Src/stm32f4xx_hal_tim.c.obj
                0x08003f28                HAL_TIM_PWM_PulseFinishedCallback
 .text.HAL_TIM_TriggerCallback
                0x08003f2a        0x2 CMakeFiles/RMC_Code.elf.dir/Drivers/STM32F4xx_HAL_Driver/Src/stm32f4xx_hal_tim.c.obj
                0x08003f2a                HAL_TIM_TriggerCallback
 .text.HAL_TIM_IRQHandler
                0x08003f2c      0x17a CMakeFiles/RMC_Code.elf.dir/Drivers/STM32F4xx_HAL_Driver/Src/stm32f4xx_hal_tim.c.obj
                0x08003f2c                HAL_TIM_IRQHandler
 *fill*         0x080040a6        0x2 
 .text.TIM_Base_SetConfig
                0x080040a8       0xc8 CMakeFiles/RMC_Code.elf.dir/Drivers/STM32F4xx_HAL_Driver/Src/stm32f4xx_hal_tim.c.obj
                0x080040a8                TIM_Base_SetConfig
 .text.HAL_TIM_Base_Init
                0x08004170       0x34 CMakeFiles/RMC_Code.elf.dir/Drivers/STM32F4xx_HAL_Driver/Src/stm32f4xx_hal_tim.c.obj
                0x08004170                HAL_TIM_Base_Init
 .text.HAL_TIM_OC_Init
                0x080041a4       0x34 CMakeFiles/RMC_Code.elf.dir/Drivers/STM32F4xx_HAL_Driver/Src/stm32f4xx_hal_tim.c.obj
                0x080041a4                HAL_TIM_OC_Init
 .text.HAL_TIM_PWM_Init
                0x080041d8       0x34 CMakeFiles/RMC_Code.elf.dir/Drivers/STM32F4xx_HAL_Driver/Src/stm32f4xx_hal_tim.c.obj
                0x080041d8                HAL_TIM_PWM_Init
 .text.TIM_OC2_SetConfig
                0x0800420c       0x70 CMakeFiles/RMC_Code.elf.dir/Drivers/STM32F4xx_HAL_Driver/Src/stm32f4xx_hal_tim.c.obj
                0x0800420c                TIM_OC2_SetConfig
 .text.HAL_TIM_OC_ConfigChannel
                0x0800427c       0x5e CMakeFiles/RMC_Code.elf.dir/Drivers/STM32F4xx_HAL_Driver/Src/stm32f4xx_hal_tim.c.obj
                0x0800427c                HAL_TIM_OC_ConfigChannel
 .text.HAL_TIM_PWM_ConfigChannel
                0x080042da       0xdc CMakeFiles/RMC_Code.elf.dir/Drivers/STM32F4xx_HAL_Driver/Src/stm32f4xx_hal_tim.c.obj
                0x080042da                HAL_TIM_PWM_ConfigChannel
 .text.TIM_ETR_SetConfig
                0x080043b6       0x18 CMakeFiles/RMC_Code.elf.dir/Drivers/STM32F4xx_HAL_Driver/Src/stm32f4xx_hal_tim.c.obj
                0x080043b6                TIM_ETR_SetConfig
 .text.HAL_TIM_ConfigClockSource
                0x080043ce       0xda CMakeFiles/RMC_Code.elf.dir/Drivers/STM32F4xx_HAL_Driver/Src/stm32f4xx_hal_tim.c.obj
                0x080043ce                HAL_TIM_ConfigClockSource
 .text.TIM_CCxChannelCmd
                0x080044a8       0x24 CMakeFiles/RMC_Code.elf.dir/Drivers/STM32F4xx_HAL_Driver/Src/stm32f4xx_hal_tim.c.obj
                0x080044a8                TIM_CCxChannelCmd
 .text.HAL_TIM_PWM_Start
                0x080044cc       0x40 CMakeFiles/RMC_Code.elf.dir/Drivers/STM32F4xx_HAL_Driver/Src/stm32f4xx_hal_tim.c.obj
                0x080044cc                HAL_TIM_PWM_Start
 .text.HAL_TIMEx_MasterConfigSynchronization
                0x0800450c       0x88 CMakeFiles/RMC_Code.elf.dir/Drivers/STM32F4xx_HAL_Driver/Src/stm32f4xx_hal_tim_ex.c.obj
                0x0800450c                HAL_TIMEx_MasterConfigSynchronization
 .text.HAL_TIMEx_ConfigBreakDeadTime
                0x08004594       0x52 CMakeFiles/RMC_Code.elf.dir/Drivers/STM32F4xx_HAL_Driver/Src/stm32f4xx_hal_tim_ex.c.obj
                0x08004594                HAL_TIMEx_ConfigBreakDeadTime
 .text.HAL_TIMEx_CommutCallback
                0x080045e6        0x2 CMakeFiles/RMC_Code.elf.dir/Drivers/STM32F4xx_HAL_Driver/Src/stm32f4xx_hal_tim_ex.c.obj
                0x080045e6                HAL_TIMEx_CommutCallback
 .text.HAL_TIMEx_BreakCallback
                0x080045e8        0x2 CMakeFiles/RMC_Code.elf.dir/Drivers/STM32F4xx_HAL_Driver/Src/stm32f4xx_hal_tim_ex.c.obj
                0x080045e8                HAL_TIMEx_BreakCallback
 *fill*         0x080045ea        0x2 
 .text.UART_SetConfig
                0x080045ec      0x1e8 CMakeFiles/RMC_Code.elf.dir/Drivers/STM32F4xx_HAL_Driver/Src/stm32f4xx_hal_uart.c.obj
 .text.HAL_UART_Init
                0x080047d4       0x5e CMakeFiles/RMC_Code.elf.dir/Drivers/STM32F4xx_HAL_Driver/Src/stm32f4xx_hal_uart.c.obj
                0x080047d4                HAL_UART_Init
 *fill*         0x08004832        0x2 
 .text.osKernelInitialize
                0x08004834       0x3c CMakeFiles/RMC_Code.elf.dir/Middlewares/Third_Party/FreeRTOS/Source/CMSIS_RTOS_V2/cmsis_os2.c.obj
                0x08004834                osKernelInitialize
 .text.osKernelStart
                0x08004870       0x48 CMakeFiles/RMC_Code.elf.dir/Middlewares/Third_Party/FreeRTOS/Source/CMSIS_RTOS_V2/cmsis_os2.c.obj
                0x08004870                osKernelStart
 .text.osThreadNew
                0x080048b8       0xd8 CMakeFiles/RMC_Code.elf.dir/Middlewares/Third_Party/FreeRTOS/Source/CMSIS_RTOS_V2/cmsis_os2.c.obj
                0x080048b8                osThreadNew
 .text.osDelay  0x08004990       0x3c CMakeFiles/RMC_Code.elf.dir/Middlewares/Third_Party/FreeRTOS/Source/CMSIS_RTOS_V2/cmsis_os2.c.obj
                0x08004990                osDelay
 .text.vApplicationGetIdleTaskMemory
                0x080049cc       0x18 CMakeFiles/RMC_Code.elf.dir/Middlewares/Third_Party/FreeRTOS/Source/CMSIS_RTOS_V2/cmsis_os2.c.obj
                0x080049cc                vApplicationGetIdleTaskMemory
 .text.vApplicationGetTimerTaskMemory
                0x080049e4       0x18 CMakeFiles/RMC_Code.elf.dir/Middlewares/Third_Party/FreeRTOS/Source/CMSIS_RTOS_V2/cmsis_os2.c.obj
                0x080049e4                vApplicationGetTimerTaskMemory
 .text.vListInitialise
                0x080049fc       0x16 CMakeFiles/RMC_Code.elf.dir/Middlewares/Third_Party/FreeRTOS/Source/list.c.obj
                0x080049fc                vListInitialise
 .text.vListInitialiseItem
                0x08004a12        0x6 CMakeFiles/RMC_Code.elf.dir/Middlewares/Third_Party/FreeRTOS/Source/list.c.obj
                0x08004a12                vListInitialiseItem
 .text.vListInsertEnd
                0x08004a18       0x16 CMakeFiles/RMC_Code.elf.dir/Middlewares/Third_Party/FreeRTOS/Source/list.c.obj
                0x08004a18                vListInsertEnd
 .text.vListInsert
                0x08004a2e       0x32 CMakeFiles/RMC_Code.elf.dir/Middlewares/Third_Party/FreeRTOS/Source/list.c.obj
                0x08004a2e                vListInsert
 .text.uxListRemove
                0x08004a60       0x26 CMakeFiles/RMC_Code.elf.dir/Middlewares/Third_Party/FreeRTOS/Source/list.c.obj
                0x08004a60                uxListRemove
 *fill*         0x08004a86        0x2 
 .text.prvTaskExitError
                0x08004a88       0x40 CMakeFiles/RMC_Code.elf.dir/Middlewares/Third_Party/FreeRTOS/Source/portable/GCC/ARM_CM4F/port.c.obj
 .text.prvPortStartFirstTask
                0x08004ac8       0x28 CMakeFiles/RMC_Code.elf.dir/Middlewares/Third_Party/FreeRTOS/Source/portable/GCC/ARM_CM4F/port.c.obj
 .text.vPortEnableVFP
                0x08004af0       0x14 CMakeFiles/RMC_Code.elf.dir/Middlewares/Third_Party/FreeRTOS/Source/portable/GCC/ARM_CM4F/port.c.obj
 .text.pxPortInitialiseStack
                0x08004b04       0x2c CMakeFiles/RMC_Code.elf.dir/Middlewares/Third_Party/FreeRTOS/Source/portable/GCC/ARM_CM4F/port.c.obj
                0x08004b04                pxPortInitialiseStack
 .text.SVC_Handler
                0x08004b30       0x24 CMakeFiles/RMC_Code.elf.dir/Middlewares/Third_Party/FreeRTOS/Source/portable/GCC/ARM_CM4F/port.c.obj
                0x08004b30                SVC_Handler
 .text.vPortEnterCritical
                0x08004b54       0x44 CMakeFiles/RMC_Code.elf.dir/Middlewares/Third_Party/FreeRTOS/Source/portable/GCC/ARM_CM4F/port.c.obj
                0x08004b54                vPortEnterCritical
 .text.vPortExitCritical
                0x08004b98       0x2c CMakeFiles/RMC_Code.elf.dir/Middlewares/Third_Party/FreeRTOS/Source/portable/GCC/ARM_CM4F/port.c.obj
                0x08004b98                vPortExitCritical
 *fill*         0x08004bc4        0xc 
 .text.PendSV_Handler
                0x08004bd0       0x64 CMakeFiles/RMC_Code.elf.dir/Middlewares/Third_Party/FreeRTOS/Source/portable/GCC/ARM_CM4F/port.c.obj
                0x08004bd0                PendSV_Handler
 .text.SysTick_Handler
                0x08004c34       0x2c CMakeFiles/RMC_Code.elf.dir/Middlewares/Third_Party/FreeRTOS/Source/portable/GCC/ARM_CM4F/port.c.obj
                0x08004c34                SysTick_Handler
 .text.vPortSetupTimerInterrupt
                0x08004c60       0x38 CMakeFiles/RMC_Code.elf.dir/Middlewares/Third_Party/FreeRTOS/Source/portable/GCC/ARM_CM4F/port.c.obj
                0x08004c60                vPortSetupTimerInterrupt
 .text.xPortStartScheduler
                0x08004c98      0x110 CMakeFiles/RMC_Code.elf.dir/Middlewares/Third_Party/FreeRTOS/Source/portable/GCC/ARM_CM4F/port.c.obj
                0x08004c98                xPortStartScheduler
 .text.vPortValidateInterruptPriority
                0x08004da8       0x5c CMakeFiles/RMC_Code.elf.dir/Middlewares/Third_Party/FreeRTOS/Source/portable/GCC/ARM_CM4F/port.c.obj
                0x08004da8                vPortValidateInterruptPriority
 .text.prvHeapInit
                0x08004e04       0x64 CMakeFiles/RMC_Code.elf.dir/Middlewares/Third_Party/FreeRTOS/Source/portable/MemMang/heap_4.c.obj
 .text.prvInsertBlockIntoFreeList
                0x08004e68       0x58 CMakeFiles/RMC_Code.elf.dir/Middlewares/Third_Party/FreeRTOS/Source/portable/MemMang/heap_4.c.obj
 .text.pvPortMalloc
                0x08004ec0       0xf0 CMakeFiles/RMC_Code.elf.dir/Middlewares/Third_Party/FreeRTOS/Source/portable/MemMang/heap_4.c.obj
                0x08004ec0                pvPortMalloc
 .text.vPortFree
                0x08004fb0       0x70 CMakeFiles/RMC_Code.elf.dir/Middlewares/Third_Party/FreeRTOS/Source/portable/MemMang/heap_4.c.obj
                0x08004fb0                vPortFree
 .text.prvIsQueueFull
                0x08005020       0x1e CMakeFiles/RMC_Code.elf.dir/Middlewares/Third_Party/FreeRTOS/Source/queue.c.obj
 .text.prvIsQueueEmpty
                0x0800503e       0x1a CMakeFiles/RMC_Code.elf.dir/Middlewares/Third_Party/FreeRTOS/Source/queue.c.obj
 .text.prvCopyDataToQueue
                0x08005058       0x76 CMakeFiles/RMC_Code.elf.dir/Middlewares/Third_Party/FreeRTOS/Source/queue.c.obj
 .text.prvCopyDataFromQueue
                0x080050ce       0x24 CMakeFiles/RMC_Code.elf.dir/Middlewares/Third_Party/FreeRTOS/Source/queue.c.obj
 .text.prvUnlockQueue
                0x080050f2       0x6e CMakeFiles/RMC_Code.elf.dir/Middlewares/Third_Party/FreeRTOS/Source/queue.c.obj
 .text.xQueueGenericReset
                0x08005160       0x84 CMakeFiles/RMC_Code.elf.dir/Middlewares/Third_Party/FreeRTOS/Source/queue.c.obj
                0x08005160                xQueueGenericReset
 .text.prvInitialiseNewQueue
                0x080051e4       0x22 CMakeFiles/RMC_Code.elf.dir/Middlewares/Third_Party/FreeRTOS/Source/queue.c.obj
 .text.xQueueGenericCreateStatic
                0x08005206       0x94 CMakeFiles/RMC_Code.elf.dir/Middlewares/Third_Party/FreeRTOS/Source/queue.c.obj
                0x08005206                xQueueGenericCreateStatic
 *fill*         0x0800529a        0x2 
 .text.xQueueGenericSend
                0x0800529c      0x180 CMakeFiles/RMC_Code.elf.dir/Middlewares/Third_Party/FreeRTOS/Source/queue.c.obj
                0x0800529c                xQueueGenericSend
 .text.xQueueGenericSendFromISR
                0x0800541c       0xce CMakeFiles/RMC_Code.elf.dir/Middlewares/Third_Party/FreeRTOS/Source/queue.c.obj
                0x0800541c                xQueueGenericSendFromISR
 *fill*         0x080054ea        0x2 
 .text.xQueueReceive
                0x080054ec      0x15c CMakeFiles/RMC_Code.elf.dir/Middlewares/Third_Party/FreeRTOS/Source/queue.c.obj
                0x080054ec                xQueueReceive
 .text.vQueueAddToRegistry
                0x08005648       0x28 CMakeFiles/RMC_Code.elf.dir/Middlewares/Third_Party/FreeRTOS/Source/queue.c.obj
                0x08005648                vQueueAddToRegistry
 .text.vQueueWaitForMessageRestricted
                0x08005670       0x52 CMakeFiles/RMC_Code.elf.dir/Middlewares/Third_Party/FreeRTOS/Source/queue.c.obj
                0x08005670                vQueueWaitForMessageRestricted
 *fill*         0x080056c2        0x2 
 .text.prvResetNextTaskUnblockTime
                0x080056c4       0x2c CMakeFiles/RMC_Code.elf.dir/Middlewares/Third_Party/FreeRTOS/Source/tasks.c.obj
 .text.prvInitialiseNewTask
                0x080056f0       0x9a CMakeFiles/RMC_Code.elf.dir/Middlewares/Third_Party/FreeRTOS/Source/tasks.c.obj
 *fill*         0x0800578a        0x2 
 .text.prvInitialiseTaskLists
                0x0800578c       0x68 CMakeFiles/RMC_Code.elf.dir/Middlewares/Third_Party/FreeRTOS/Source/tasks.c.obj
 .text.prvAddNewTaskToReadyList
                0x080057f4       0xac CMakeFiles/RMC_Code.elf.dir/Middlewares/Third_Party/FreeRTOS/Source/tasks.c.obj
 .text.prvDeleteTCB
                0x080058a0       0x38 CMakeFiles/RMC_Code.elf.dir/Middlewares/Third_Party/FreeRTOS/Source/tasks.c.obj
 .text.prvCheckTasksWaitingTermination
                0x080058d8       0x4c CMakeFiles/RMC_Code.elf.dir/Middlewares/Third_Party/FreeRTOS/Source/tasks.c.obj
 .text.prvIdleTask
                0x08005924       0x28 CMakeFiles/RMC_Code.elf.dir/Middlewares/Third_Party/FreeRTOS/Source/tasks.c.obj
 .text.prvAddCurrentTaskToDelayedList
                0x0800594c       0x7c CMakeFiles/RMC_Code.elf.dir/Middlewares/Third_Party/FreeRTOS/Source/tasks.c.obj
 .text.xTaskCreateStatic
                0x080059c8       0x74 CMakeFiles/RMC_Code.elf.dir/Middlewares/Third_Party/FreeRTOS/Source/tasks.c.obj
                0x080059c8                xTaskCreateStatic
 .text.xTaskCreate
                0x08005a3c       0x68 CMakeFiles/RMC_Code.elf.dir/Middlewares/Third_Party/FreeRTOS/Source/tasks.c.obj
                0x08005a3c                xTaskCreate
 .text.vTaskStartScheduler
                0x08005aa4       0x94 CMakeFiles/RMC_Code.elf.dir/Middlewares/Third_Party/FreeRTOS/Source/tasks.c.obj
                0x08005aa4                vTaskStartScheduler
 .text.vTaskSuspendAll
                0x08005b38       0x10 CMakeFiles/RMC_Code.elf.dir/Middlewares/Third_Party/FreeRTOS/Source/tasks.c.obj
                0x08005b38                vTaskSuspendAll
 .text.xTaskGetTickCount
                0x08005b48        0xc CMakeFiles/RMC_Code.elf.dir/Middlewares/Third_Party/FreeRTOS/Source/tasks.c.obj
                0x08005b48                xTaskGetTickCount
 .text.xTaskIncrementTick
                0x08005b54      0x118 CMakeFiles/RMC_Code.elf.dir/Middlewares/Third_Party/FreeRTOS/Source/tasks.c.obj
                0x08005b54                xTaskIncrementTick
 .text.xTaskResumeAll
                0x08005c6c       0xf8 CMakeFiles/RMC_Code.elf.dir/Middlewares/Third_Party/FreeRTOS/Source/tasks.c.obj
                0x08005c6c                xTaskResumeAll
 .text.vTaskDelay
                0x08005d64       0x4c CMakeFiles/RMC_Code.elf.dir/Middlewares/Third_Party/FreeRTOS/Source/tasks.c.obj
                0x08005d64                vTaskDelay
 .text.vTaskSwitchContext
                0x08005db0       0x98 CMakeFiles/RMC_Code.elf.dir/Middlewares/Third_Party/FreeRTOS/Source/tasks.c.obj
                0x08005db0                vTaskSwitchContext
 .text.vTaskPlaceOnEventList
                0x08005e48       0x30 CMakeFiles/RMC_Code.elf.dir/Middlewares/Third_Party/FreeRTOS/Source/tasks.c.obj
                0x08005e48                vTaskPlaceOnEventList
 .text.vTaskPlaceOnEventListRestricted
                0x08005e78       0x38 CMakeFiles/RMC_Code.elf.dir/Middlewares/Third_Party/FreeRTOS/Source/tasks.c.obj
                0x08005e78                vTaskPlaceOnEventListRestricted
 .text.xTaskRemoveFromEventList
                0x08005eb0       0x8c CMakeFiles/RMC_Code.elf.dir/Middlewares/Third_Party/FreeRTOS/Source/tasks.c.obj
                0x08005eb0                xTaskRemoveFromEventList
 .text.vTaskInternalSetTimeOutState
                0x08005f3c       0x18 CMakeFiles/RMC_Code.elf.dir/Middlewares/Third_Party/FreeRTOS/Source/tasks.c.obj
                0x08005f3c                vTaskInternalSetTimeOutState
 .text.xTaskCheckForTimeOut
                0x08005f54       0x84 CMakeFiles/RMC_Code.elf.dir/Middlewares/Third_Party/FreeRTOS/Source/tasks.c.obj
                0x08005f54                xTaskCheckForTimeOut
 .text.vTaskMissedYield
                0x08005fd8        0xc CMakeFiles/RMC_Code.elf.dir/Middlewares/Third_Party/FreeRTOS/Source/tasks.c.obj
                0x08005fd8                vTaskMissedYield
 .text.xTaskGetSchedulerState
                0x08005fe4       0x20 CMakeFiles/RMC_Code.elf.dir/Middlewares/Third_Party/FreeRTOS/Source/tasks.c.obj
                0x08005fe4                xTaskGetSchedulerState
 .text.xTaskPriorityDisinherit
                0x08006004       0x90 CMakeFiles/RMC_Code.elf.dir/Middlewares/Third_Party/FreeRTOS/Source/tasks.c.obj
                0x08006004                xTaskPriorityDisinherit
 .text.prvGetNextExpireTime
                0x08006094       0x20 CMakeFiles/RMC_Code.elf.dir/Middlewares/Third_Party/FreeRTOS/Source/timers.c.obj
 .text.prvInsertTimerInActiveList
                0x080060b4       0x48 CMakeFiles/RMC_Code.elf.dir/Middlewares/Third_Party/FreeRTOS/Source/timers.c.obj
 .text.prvCheckForValidListAndQueue
                0x080060fc       0x70 CMakeFiles/RMC_Code.elf.dir/Middlewares/Third_Party/FreeRTOS/Source/timers.c.obj
 .text.xTimerCreateTimerTask
                0x0800616c       0x64 CMakeFiles/RMC_Code.elf.dir/Middlewares/Third_Party/FreeRTOS/Source/timers.c.obj
                0x0800616c                xTimerCreateTimerTask
 .text.xTimerGenericCommand
                0x080061d0       0x6c CMakeFiles/RMC_Code.elf.dir/Middlewares/Third_Party/FreeRTOS/Source/timers.c.obj
                0x080061d0                xTimerGenericCommand
 .text.prvSwitchTimerLists
                0x0800623c       0x7c CMakeFiles/RMC_Code.elf.dir/Middlewares/Third_Party/FreeRTOS/Source/timers.c.obj
 .text.prvSampleTimeNow
                0x080062b8       0x2c CMakeFiles/RMC_Code.elf.dir/Middlewares/Third_Party/FreeRTOS/Source/timers.c.obj
 .text.prvProcessExpiredTimer
                0x080062e4       0x6c CMakeFiles/RMC_Code.elf.dir/Middlewares/Third_Party/FreeRTOS/Source/timers.c.obj
 .text.prvProcessTimerOrBlockTask
                0x08006350       0x74 CMakeFiles/RMC_Code.elf.dir/Middlewares/Third_Party/FreeRTOS/Source/timers.c.obj
 .text.prvProcessReceivedCommands
                0x080063c4      0x10c CMakeFiles/RMC_Code.elf.dir/Middlewares/Third_Party/FreeRTOS/Source/timers.c.obj
 .text.prvTimerTask
                0x080064d0       0x16 CMakeFiles/RMC_Code.elf.dir/Middlewares/Third_Party/FreeRTOS/Source/timers.c.obj
 *fill*         0x080064e6        0x2 
 .text.MX_CAN1_Init
                0x080064e8       0x40 CMakeFiles/RMC_Code.elf.dir/Src/can.c.obj
                0x080064e8                MX_CAN1_Init
 .text.MX_CAN2_Init
                0x08006528       0x40 CMakeFiles/RMC_Code.elf.dir/Src/can.c.obj
                0x08006528                MX_CAN2_Init
 .text.HAL_CAN_MspInit
                0x08006568      0x128 CMakeFiles/RMC_Code.elf.dir/Src/can.c.obj
                0x08006568                HAL_CAN_MspInit
 .text.can_filter_init
                0x08006690       0x5c CMakeFiles/RMC_Code.elf.dir/Src/can.c.obj
                0x08006690                can_filter_init
 .text.MX_DMA_Init
                0x080066ec       0x88 CMakeFiles/RMC_Code.elf.dir/Src/dma.c.obj
                0x080066ec                MX_DMA_Init
 .text.ChassisTask_callback
                0x08006774       0x50 CMakeFiles/RMC_Code.elf.dir/Src/freertos.c.obj
                0x08006774                ChassisTask_callback
 .text.Arm_Gimbal_Task_callback
                0x080067c4        0xa CMakeFiles/RMC_Code.elf.dir/Src/freertos.c.obj
                0x080067c4                Arm_Gimbal_Task_callback
 .text.RemoteTask_callback
                0x080067ce        0x8 CMakeFiles/RMC_Code.elf.dir/Src/freertos.c.obj
                0x080067ce                RemoteTask_callback
 *fill*         0x080067d6        0x2 
 .text.MX_FREERTOS_Init
                0x080067d8       0x54 CMakeFiles/RMC_Code.elf.dir/Src/freertos.c.obj
                0x080067d8                MX_FREERTOS_Init
 .text.MX_GPIO_Init
                0x0800682c      0x16c CMakeFiles/RMC_Code.elf.dir/Src/gpio.c.obj
                0x0800682c                MX_GPIO_Init
 .text.MX_I2C3_Init
                0x08006998       0x3c CMakeFiles/RMC_Code.elf.dir/Src/i2c.c.obj
                0x08006998                MX_I2C3_Init
 .text.HAL_I2C_MspInit
                0x080069d4       0xb4 CMakeFiles/RMC_Code.elf.dir/Src/i2c.c.obj
                0x080069d4                HAL_I2C_MspInit
 .text.SystemClock_Config
                0x08006a88       0x98 CMakeFiles/RMC_Code.elf.dir/Src/main.c.obj
                0x08006a88                SystemClock_Config
 .text.main     0x08006b20       0x78 CMakeFiles/RMC_Code.elf.dir/Src/main.c.obj
                0x08006b20                main
 .text.HAL_TIM_PeriodElapsedCallback
                0x08006b98       0x28 CMakeFiles/RMC_Code.elf.dir/Src/main.c.obj
                0x08006b98                HAL_TIM_PeriodElapsedCallback
 .text.Error_Handler
                0x08006bc0        0x2 CMakeFiles/RMC_Code.elf.dir/Src/main.c.obj
                0x08006bc0                Error_Handler
 *fill*         0x08006bc2        0x2 
 .text.MX_SPI1_Init
                0x08006bc4       0x48 CMakeFiles/RMC_Code.elf.dir/Src/spi.c.obj
                0x08006bc4                MX_SPI1_Init
 .text.HAL_SPI_MspInit
                0x08006c0c       0xf0 CMakeFiles/RMC_Code.elf.dir/Src/spi.c.obj
                0x08006c0c                HAL_SPI_MspInit
 .text.HAL_MspInit
                0x08006cfc       0x44 CMakeFiles/RMC_Code.elf.dir/Src/stm32f4xx_hal_msp.c.obj
                0x08006cfc                HAL_MspInit
 .text.HAL_InitTick
                0x08006d40       0x78 CMakeFiles/RMC_Code.elf.dir/Src/stm32f4xx_hal_timebase_tim.c.obj
                0x08006d40                HAL_InitTick
 .text.NMI_Handler
                0x08006db8        0x2 CMakeFiles/RMC_Code.elf.dir/Src/stm32f4xx_it.c.obj
                0x08006db8                NMI_Handler
 .text.HardFault_Handler
                0x08006dba        0x2 CMakeFiles/RMC_Code.elf.dir/Src/stm32f4xx_it.c.obj
                0x08006dba                HardFault_Handler
 .text.MemManage_Handler
                0x08006dbc        0x2 CMakeFiles/RMC_Code.elf.dir/Src/stm32f4xx_it.c.obj
                0x08006dbc                MemManage_Handler
 .text.BusFault_Handler
                0x08006dbe        0x2 CMakeFiles/RMC_Code.elf.dir/Src/stm32f4xx_it.c.obj
                0x08006dbe                BusFault_Handler
 .text.UsageFault_Handler
                0x08006dc0        0x2 CMakeFiles/RMC_Code.elf.dir/Src/stm32f4xx_it.c.obj
                0x08006dc0                UsageFault_Handler
 .text.DebugMon_Handler
                0x08006dc2        0x2 CMakeFiles/RMC_Code.elf.dir/Src/stm32f4xx_it.c.obj
                0x08006dc2                DebugMon_Handler
 .text.DMA1_Stream1_IRQHandler
                0x08006dc4       0x10 CMakeFiles/RMC_Code.elf.dir/Src/stm32f4xx_it.c.obj
                0x08006dc4                DMA1_Stream1_IRQHandler
 .text.CAN1_RX0_IRQHandler
                0x08006dd4       0x10 CMakeFiles/RMC_Code.elf.dir/Src/stm32f4xx_it.c.obj
                0x08006dd4                CAN1_RX0_IRQHandler
 .text.TIM2_IRQHandler
                0x08006de4       0x10 CMakeFiles/RMC_Code.elf.dir/Src/stm32f4xx_it.c.obj
                0x08006de4                TIM2_IRQHandler
 .text.TIM8_TRG_COM_TIM14_IRQHandler
                0x08006df4       0x18 CMakeFiles/RMC_Code.elf.dir/Src/stm32f4xx_it.c.obj
                0x08006df4                TIM8_TRG_COM_TIM14_IRQHandler
 .text.DMA2_Stream2_IRQHandler
                0x08006e0c       0x10 CMakeFiles/RMC_Code.elf.dir/Src/stm32f4xx_it.c.obj
                0x08006e0c                DMA2_Stream2_IRQHandler
 .text.DMA2_Stream3_IRQHandler
                0x08006e1c       0x10 CMakeFiles/RMC_Code.elf.dir/Src/stm32f4xx_it.c.obj
                0x08006e1c                DMA2_Stream3_IRQHandler
 .text.CAN2_RX0_IRQHandler
                0x08006e2c       0x10 CMakeFiles/RMC_Code.elf.dir/Src/stm32f4xx_it.c.obj
                0x08006e2c                CAN2_RX0_IRQHandler
 .text.DMA2_Stream5_IRQHandler
                0x08006e3c       0x10 CMakeFiles/RMC_Code.elf.dir/Src/stm32f4xx_it.c.obj
                0x08006e3c                DMA2_Stream5_IRQHandler
 .text.DMA2_Stream7_IRQHandler
                0x08006e4c       0x10 CMakeFiles/RMC_Code.elf.dir/Src/stm32f4xx_it.c.obj
                0x08006e4c                DMA2_Stream7_IRQHandler
 .text._sbrk    0x08006e5c       0x3c CMakeFiles/RMC_Code.elf.dir/Src/syscalls.c.obj
                0x08006e5c                _sbrk
 .text.SystemInit
                0x08006e98       0x4c CMakeFiles/RMC_Code.elf.dir/Src/system_stm32f4xx.c.obj
                0x08006e98                SystemInit
 .text.MX_TIM14_Init
                0x08006ee4       0x34 CMakeFiles/RMC_Code.elf.dir/Src/tim.c.obj
                0x08006ee4                MX_TIM14_Init
 .text.HAL_TIM_Base_MspInit
                0x08006f18       0xe0 CMakeFiles/RMC_Code.elf.dir/Src/tim.c.obj
                0x08006f18                HAL_TIM_Base_MspInit
 .text.HAL_TIM_MspPostInit
                0x08006ff8      0x128 CMakeFiles/RMC_Code.elf.dir/Src/tim.c.obj
                0x08006ff8                HAL_TIM_MspPostInit
 .text.MX_TIM1_Init
                0x08007120      0x124 CMakeFiles/RMC_Code.elf.dir/Src/tim.c.obj
                0x08007120                MX_TIM1_Init
 .text.MX_TIM5_Init
                0x08007244       0xd8 CMakeFiles/RMC_Code.elf.dir/Src/tim.c.obj
                0x08007244                MX_TIM5_Init
 .text.MX_TIM8_Init
                0x0800731c      0x124 CMakeFiles/RMC_Code.elf.dir/Src/tim.c.obj
                0x0800731c                MX_TIM8_Init
 .text.MX_TIM10_Init
                0x08007440       0x74 CMakeFiles/RMC_Code.elf.dir/Src/tim.c.obj
                0x08007440                MX_TIM10_Init
 .text.MX_USART1_UART_Init
                0x080074b4       0x34 CMakeFiles/RMC_Code.elf.dir/Src/usart.c.obj
                0x080074b4                MX_USART1_UART_Init
 .text.MX_USART3_UART_Init
                0x080074e8       0x38 CMakeFiles/RMC_Code.elf.dir/Src/usart.c.obj
                0x080074e8                MX_USART3_UART_Init
 .text.HAL_UART_MspInit
                0x08007520      0x1a0 CMakeFiles/RMC_Code.elf.dir/Src/usart.c.obj
                0x08007520                HAL_UART_MspInit
 .text.Reset_Handler
                0x080076c0       0x50 CMakeFiles/RMC_Code.elf.dir/startup/startup_stm32f407xx.s.obj
                0x080076c0                Reset_Handler
 .text.Default_Handler
                0x08007710        0x2 CMakeFiles/RMC_Code.elf.dir/startup/startup_stm32f407xx.s.obj
                0x08007710                RTC_Alarm_IRQHandler
                0x08007710                HASH_RNG_IRQHandler
                0x08007710                EXTI2_IRQHandler
                0x08007710                TIM8_CC_IRQHandler
                0x08007710                TIM1_CC_IRQHandler
                0x08007710                DMA1_Stream5_IRQHandler
                0x08007710                PVD_IRQHandler
                0x08007710                SDIO_IRQHandler
                0x08007710                TAMP_STAMP_IRQHandler
                0x08007710                CAN2_RX1_IRQHandler
                0x08007710                EXTI3_IRQHandler
                0x08007710                TIM1_UP_TIM10_IRQHandler
                0x08007710                TIM8_UP_TIM13_IRQHandler
                0x08007710                I2C3_ER_IRQHandler
                0x08007710                EXTI0_IRQHandler
                0x08007710                I2C2_EV_IRQHandler
                0x08007710                DMA1_Stream2_IRQHandler
                0x08007710                FPU_IRQHandler
                0x08007710                OTG_HS_WKUP_IRQHandler
                0x08007710                CAN2_SCE_IRQHandler
                0x08007710                SPI1_IRQHandler
                0x08007710                TIM6_DAC_IRQHandler
                0x08007710                TIM1_BRK_TIM9_IRQHandler
                0x08007710                DCMI_IRQHandler
                0x08007710                USART6_IRQHandler
                0x08007710                CAN1_RX1_IRQHandler
                0x08007710                UART5_IRQHandler
                0x08007710                DMA2_Stream0_IRQHandler
                0x08007710                TIM4_IRQHandler
                0x08007710                I2C1_EV_IRQHandler
                0x08007710                DMA1_Stream6_IRQHandler
                0x08007710                UART4_IRQHandler
                0x08007710                TIM3_IRQHandler
                0x08007710                RCC_IRQHandler
                0x08007710                TIM8_BRK_TIM12_IRQHandler
                0x08007710                Default_Handler
                0x08007710                EXTI15_10_IRQHandler
                0x08007710                ADC_IRQHandler
                0x08007710                DMA1_Stream7_IRQHandler
                0x08007710                TIM7_IRQHandler
                0x08007710                CAN2_TX_IRQHandler
                0x08007710                TIM5_IRQHandler
                0x08007710                I2C3_EV_IRQHandler
                0x08007710                EXTI9_5_IRQHandler
                0x08007710                RTC_WKUP_IRQHandler
                0x08007710                ETH_WKUP_IRQHandler
                0x08007710                SPI2_IRQHandler
                0x08007710                OTG_HS_EP1_IN_IRQHandler
                0x08007710                DMA1_Stream0_IRQHandler
                0x08007710                CAN1_TX_IRQHandler
                0x08007710                EXTI4_IRQHandler
                0x08007710                FSMC_IRQHandler
                0x08007710                ETH_IRQHandler
                0x08007710                OTG_HS_EP1_OUT_IRQHandler
                0x08007710                WWDG_IRQHandler
                0x08007710                OTG_FS_WKUP_IRQHandler
                0x08007710                TIM1_TRG_COM_TIM11_IRQHandler
                0x08007710                OTG_HS_IRQHandler
                0x08007710                EXTI1_IRQHandler
                0x08007710                USART2_IRQHandler
                0x08007710                I2C2_ER_IRQHandler
                0x08007710                DMA2_Stream1_IRQHandler
                0x08007710                CAN1_SCE_IRQHandler
                0x08007710                FLASH_IRQHandler
                0x08007710                DMA2_Stream4_IRQHandler
                0x08007710                USART1_IRQHandler
                0x08007710                OTG_FS_IRQHandler
                0x08007710                SPI3_IRQHandler
                0x08007710                DMA1_Stream4_IRQHandler
                0x08007710                I2C1_ER_IRQHandler
                0x08007710                DMA2_Stream6_IRQHandler
                0x08007710                DMA1_Stream3_IRQHandler
 *fill*         0x08007712        0x2 
 .text.__errno  0x08007714        0xc d:/program files (x86)/gnu tools arm embedded/9 2019-q4-major/bin/../lib/gcc/arm-none-eabi/9.2.1/../../../../arm-none-eabi/lib/thumb/v7e-m+fp/hard\libg.a(lib_a-errno.o)
                0x08007714                __errno
 .text.__libc_init_array
                0x08007720       0x48 d:/program files (x86)/gnu tools arm embedded/9 2019-q4-major/bin/../lib/gcc/arm-none-eabi/9.2.1/../../../../arm-none-eabi/lib/thumb/v7e-m+fp/hard\libg.a(lib_a-init.o)
                0x08007720                __libc_init_array
 .text.malloc   0x08007768       0x10 d:/program files (x86)/gnu tools arm embedded/9 2019-q4-major/bin/../lib/gcc/arm-none-eabi/9.2.1/../../../../arm-none-eabi/lib/thumb/v7e-m+fp/hard\libg.a(lib_a-malloc.o)
                0x08007768                malloc
 .text._malloc_r
                0x08007778      0x574 d:/program files (x86)/gnu tools arm embedded/9 2019-q4-major/bin/../lib/gcc/arm-none-eabi/9.2.1/../../../../arm-none-eabi/lib/thumb/v7e-m+fp/hard\libg.a(lib_a-mallocr.o)
                0x08007778                _malloc_r
 .text.memset   0x08007cec       0xa0 d:/program files (x86)/gnu tools arm embedded/9 2019-q4-major/bin/../lib/gcc/arm-none-eabi/9.2.1/../../../../arm-none-eabi/lib/thumb/v7e-m+fp/hard\libg.a(lib_a-memset.o)
                0x08007cec                memset
 .text.__malloc_lock
                0x08007d8c        0xc d:/program files (x86)/gnu tools arm embedded/9 2019-q4-major/bin/../lib/gcc/arm-none-eabi/9.2.1/../../../../arm-none-eabi/lib/thumb/v7e-m+fp/hard\libg.a(lib_a-mlock.o)
                0x08007d8c                __malloc_lock
 .text.__malloc_unlock
                0x08007d98        0xc d:/program files (x86)/gnu tools arm embedded/9 2019-q4-major/bin/../lib/gcc/arm-none-eabi/9.2.1/../../../../arm-none-eabi/lib/thumb/v7e-m+fp/hard\libg.a(lib_a-mlock.o)
                0x08007d98                __malloc_unlock
 .text._sbrk_r  0x08007da4       0x24 d:/program files (x86)/gnu tools arm embedded/9 2019-q4-major/bin/../lib/gcc/arm-none-eabi/9.2.1/../../../../arm-none-eabi/lib/thumb/v7e-m+fp/hard\libg.a(lib_a-sbrkr.o)
                0x08007da4                _sbrk_r
 .text.startup.register_fini
                0x08007dc8       0x14 d:/program files (x86)/gnu tools arm embedded/9 2019-q4-major/bin/../lib/gcc/arm-none-eabi/9.2.1/../../../../arm-none-eabi/lib/thumb/v7e-m+fp/hard\libg.a(lib_a-__call_atexit.o)
 .text.atexit   0x08007ddc        0xc d:/program files (x86)/gnu tools arm embedded/9 2019-q4-major/bin/../lib/gcc/arm-none-eabi/9.2.1/../../../../arm-none-eabi/lib/thumb/v7e-m+fp/hard\libg.a(lib_a-atexit.o)
                0x08007ddc                atexit
 .text.__libc_fini_array
                0x08007de8       0x2c d:/program files (x86)/gnu tools arm embedded/9 2019-q4-major/bin/../lib/gcc/arm-none-eabi/9.2.1/../../../../arm-none-eabi/lib/thumb/v7e-m+fp/hard\libg.a(lib_a-fini.o)
                0x08007de8                __libc_fini_array
 .text._malloc_trim_r
                0x08007e14       0xa0 d:/program files (x86)/gnu tools arm embedded/9 2019-q4-major/bin/../lib/gcc/arm-none-eabi/9.2.1/../../../../arm-none-eabi/lib/thumb/v7e-m+fp/hard\libg.a(lib_a-freer.o)
                0x08007e14                _malloc_trim_r
 .text._free_r  0x08007eb4      0x208 d:/program files (x86)/gnu tools arm embedded/9 2019-q4-major/bin/../lib/gcc/arm-none-eabi/9.2.1/../../../../arm-none-eabi/lib/thumb/v7e-m+fp/hard\libg.a(lib_a-freer.o)
                0x08007eb4                _free_r
 .text.__retarget_lock_acquire_recursive
                0x080080bc        0x4 d:/program files (x86)/gnu tools arm embedded/9 2019-q4-major/bin/../lib/gcc/arm-none-eabi/9.2.1/../../../../arm-none-eabi/lib/thumb/v7e-m+fp/hard\libg.a(lib_a-lock.o)
                0x080080bc                __retarget_lock_acquire_recursive
 .text.__retarget_lock_release_recursive
                0x080080c0        0x4 d:/program files (x86)/gnu tools arm embedded/9 2019-q4-major/bin/../lib/gcc/arm-none-eabi/9.2.1/../../../../arm-none-eabi/lib/thumb/v7e-m+fp/hard\libg.a(lib_a-lock.o)
                0x080080c0                __retarget_lock_release_recursive
 .text.__register_exitproc
                0x080080c4       0x8c d:/program files (x86)/gnu tools arm embedded/9 2019-q4-major/bin/../lib/gcc/arm-none-eabi/9.2.1/../../../../arm-none-eabi/lib/thumb/v7e-m+fp/hard\libg.a(lib_a-__atexit.o)
                0x080080c4                __register_exitproc
 *(.glue_7)
 .glue_7        0x08008150        0x0 linker stubs
 *(.glue_7t)
 .glue_7t       0x08008150        0x0 linker stubs
 *(.eh_frame)
 .eh_frame      0x08008150        0x0 d:/program files (x86)/gnu tools arm embedded/9 2019-q4-major/bin/../lib/gcc/arm-none-eabi/9.2.1/thumb/v7e-m+fp/hard/crtbegin.o
 *(.init)
 .init          0x08008150        0x4 d:/program files (x86)/gnu tools arm embedded/9 2019-q4-major/bin/../lib/gcc/arm-none-eabi/9.2.1/thumb/v7e-m+fp/hard/crti.o
                0x08008150                _init
 .init          0x08008154        0x8 d:/program files (x86)/gnu tools arm embedded/9 2019-q4-major/bin/../lib/gcc/arm-none-eabi/9.2.1/thumb/v7e-m+fp/hard/crtn.o
 *(.fini)
 .fini          0x0800815c        0x4 d:/program files (x86)/gnu tools arm embedded/9 2019-q4-major/bin/../lib/gcc/arm-none-eabi/9.2.1/thumb/v7e-m+fp/hard/crti.o
                0x0800815c                _fini
 .fini          0x08008160        0x8 d:/program files (x86)/gnu tools arm embedded/9 2019-q4-major/bin/../lib/gcc/arm-none-eabi/9.2.1/thumb/v7e-m+fp/hard/crtn.o
                0x08008168                . = ALIGN (0x4)
                0x08008168                _etext = .

.vfp11_veneer   0x08008168        0x0
 .vfp11_veneer  0x08008168        0x0 linker stubs

.v4_bx          0x08008168        0x0
 .v4_bx         0x08008168        0x0 linker stubs

.iplt           0x08008168        0x0
 .iplt          0x08008168        0x0 d:/program files (x86)/gnu tools arm embedded/9 2019-q4-major/bin/../lib/gcc/arm-none-eabi/9.2.1/thumb/v7e-m+fp/hard/crtbegin.o

.rodata         0x08008168      0x10c
                0x08008168                . = ALIGN (0x4)
 *(.rodata)
 .rodata        0x08008168        0x8 CMakeFiles/RMC_Code.elf.dir/Drivers/Chip/BMI088driver.c.obj
 *(.rodata*)
 .rodata.write_BMI088_accel_reg_data_error
                0x08008170       0x12 CMakeFiles/RMC_Code.elf.dir/Drivers/Chip/BMI088driver.c.obj
 *fill*         0x08008182        0x2 
 .rodata.write_BMI088_gyro_reg_data_error
                0x08008184       0x12 CMakeFiles/RMC_Code.elf.dir/Drivers/Chip/BMI088driver.c.obj
 *fill*         0x08008196        0x2 
 .rodata.ist8310_write_reg_data_error
                0x08008198        0xc CMakeFiles/RMC_Code.elf.dir/Drivers/Chip/ist8310driver.c.obj
 .rodata.flagBitshiftOffset.8760
                0x080081a4        0x8 CMakeFiles/RMC_Code.elf.dir/Drivers/STM32F4xx_HAL_Driver/Src/stm32f4xx_hal_dma.c.obj
 .rodata.vTaskStartScheduler.str1.4
                0x080081ac        0x5 CMakeFiles/RMC_Code.elf.dir/Middlewares/Third_Party/FreeRTOS/Source/tasks.c.obj
 *fill*         0x080081b1        0x3 
 .rodata.prvCheckForValidListAndQueue.str1.4
                0x080081b4        0x5 CMakeFiles/RMC_Code.elf.dir/Middlewares/Third_Party/FreeRTOS/Source/timers.c.obj
 *fill*         0x080081b9        0x3 
 .rodata.xTimerCreateTimerTask.str1.4
                0x080081bc        0x8 CMakeFiles/RMC_Code.elf.dir/Middlewares/Third_Party/FreeRTOS/Source/timers.c.obj
 .rodata.str1.4
                0x080081c4       0x28 CMakeFiles/RMC_Code.elf.dir/Src/freertos.c.obj
 .rodata.Arm_Gimbal_Task_attributes
                0x080081ec       0x24 CMakeFiles/RMC_Code.elf.dir/Src/freertos.c.obj
                0x080081ec                Arm_Gimbal_Task_attributes
 .rodata.ChassisTask_attributes
                0x08008210       0x24 CMakeFiles/RMC_Code.elf.dir/Src/freertos.c.obj
                0x08008210                ChassisTask_attributes
 .rodata.RemoteTask_attributes
                0x08008234       0x24 CMakeFiles/RMC_Code.elf.dir/Src/freertos.c.obj
                0x08008234                RemoteTask_attributes
 .rodata.AHBPrescTable
                0x08008258       0x10 CMakeFiles/RMC_Code.elf.dir/Src/system_stm32f4xx.c.obj
                0x08008258                AHBPrescTable
 .rodata.APBPrescTable
                0x08008268        0x8 CMakeFiles/RMC_Code.elf.dir/Src/system_stm32f4xx.c.obj
                0x08008268                APBPrescTable
 .rodata._global_impure_ptr
                0x08008270        0x4 d:/program files (x86)/gnu tools arm embedded/9 2019-q4-major/bin/../lib/gcc/arm-none-eabi/9.2.1/../../../../arm-none-eabi/lib/thumb/v7e-m+fp/hard\libg.a(lib_a-impure.o)
                0x08008270                _global_impure_ptr
                0x08008274                . = ALIGN (0x4)

.ARM.extab      0x08008274        0x0
                0x08008274                . = ALIGN (0x4)
 *(.ARM.extab* .gnu.linkonce.armextab.*)
                0x08008274                . = ALIGN (0x4)

.ARM            0x08008274        0x8
                0x08008274                . = ALIGN (0x4)
                0x08008274                __exidx_start = .
 *(.ARM.exidx*)
 .ARM.exidx     0x08008274        0x8 d:/program files (x86)/gnu tools arm embedded/9 2019-q4-major/bin/../lib/gcc/arm-none-eabi/9.2.1/thumb/v7e-m+fp/hard\libgcc.a(_udivmoddi4.o)
                0x0800827c                __exidx_end = .
                0x0800827c                . = ALIGN (0x4)

.rel.dyn        0x0800827c        0x0
 .rel.iplt      0x0800827c        0x0 d:/program files (x86)/gnu tools arm embedded/9 2019-q4-major/bin/../lib/gcc/arm-none-eabi/9.2.1/thumb/v7e-m+fp/hard/crtbegin.o

.preinit_array  0x0800827c        0x0
                0x0800827c                . = ALIGN (0x4)
                0x0800827c                PROVIDE (__preinit_array_start = .)
 *(.preinit_array*)
                0x0800827c                PROVIDE (__preinit_array_end = .)
                0x0800827c                . = ALIGN (0x4)

.init_array     0x0800827c        0x8
                0x0800827c                . = ALIGN (0x4)
                0x0800827c                PROVIDE (__init_array_start = .)
 *(SORT_BY_NAME(.init_array.*))
 .init_array.00000
                0x0800827c        0x4 d:/program files (x86)/gnu tools arm embedded/9 2019-q4-major/bin/../lib/gcc/arm-none-eabi/9.2.1/../../../../arm-none-eabi/lib/thumb/v7e-m+fp/hard\libg.a(lib_a-__call_atexit.o)
 *(.init_array*)
 .init_array    0x08008280        0x4 d:/program files (x86)/gnu tools arm embedded/9 2019-q4-major/bin/../lib/gcc/arm-none-eabi/9.2.1/thumb/v7e-m+fp/hard/crtbegin.o
                0x08008284                PROVIDE (__init_array_end = .)
                0x08008284                . = ALIGN (0x4)

.fini_array     0x08008284        0x4
                0x08008284                . = ALIGN (0x4)
                0x08008284                PROVIDE (__fini_array_start = .)
 *(SORT_BY_NAME(.fini_array.*))
 *(.fini_array*)
 .fini_array    0x08008284        0x4 d:/program files (x86)/gnu tools arm embedded/9 2019-q4-major/bin/../lib/gcc/arm-none-eabi/9.2.1/thumb/v7e-m+fp/hard/crtbegin.o
                0x08008288                PROVIDE (__fini_array_end = .)
                0x08008288                . = ALIGN (0x4)
                0x08008288                _sidata = LOADADDR (.data)

.data           0x20000000      0x85c load address 0x08008288
                0x20000000                . = ALIGN (0x4)
                0x20000000                _sdata = .
 *(.data)
 *(.data*)
 .data.target_temp
                0x20000000        0x4 CMakeFiles/RMC_Code.elf.dir/Applications/Hardward/IMU_updata.c.obj
                0x20000000                target_temp
 .data.BMI088_ACCEL_SEN
                0x20000004        0x4 CMakeFiles/RMC_Code.elf.dir/Drivers/Chip/BMI088driver.c.obj
                0x20000004                BMI088_ACCEL_SEN
 .data.BMI088_GYRO_SEN
                0x20000008        0x4 CMakeFiles/RMC_Code.elf.dir/Drivers/Chip/BMI088driver.c.obj
                0x20000008                BMI088_GYRO_SEN
 .data.uwTickFreq
                0x2000000c        0x1 CMakeFiles/RMC_Code.elf.dir/Drivers/STM32F4xx_HAL_Driver/Src/stm32f4xx_hal.c.obj
                0x2000000c                uwTickFreq
 *fill*         0x2000000d        0x3 
 .data.uwTickPrio
                0x20000010        0x4 CMakeFiles/RMC_Code.elf.dir/Drivers/STM32F4xx_HAL_Driver/Src/stm32f4xx_hal.c.obj
                0x20000010                uwTickPrio
 .data.uxCriticalNesting
                0x20000014        0x4 CMakeFiles/RMC_Code.elf.dir/Middlewares/Third_Party/FreeRTOS/Source/portable/GCC/ARM_CM4F/port.c.obj
 .data.SystemCoreClock
                0x20000018        0x4 CMakeFiles/RMC_Code.elf.dir/Src/system_stm32f4xx.c.obj
                0x20000018                SystemCoreClock
 .data._impure_ptr
                0x2000001c        0x4 d:/program files (x86)/gnu tools arm embedded/9 2019-q4-major/bin/../lib/gcc/arm-none-eabi/9.2.1/../../../../arm-none-eabi/lib/thumb/v7e-m+fp/hard\libg.a(lib_a-impure.o)
                0x2000001c                _impure_ptr
 .data.impure_data
                0x20000020      0x428 d:/program files (x86)/gnu tools arm embedded/9 2019-q4-major/bin/../lib/gcc/arm-none-eabi/9.2.1/../../../../arm-none-eabi/lib/thumb/v7e-m+fp/hard\libg.a(lib_a-impure.o)
 .data.__malloc_av_
                0x20000448      0x408 d:/program files (x86)/gnu tools arm embedded/9 2019-q4-major/bin/../lib/gcc/arm-none-eabi/9.2.1/../../../../arm-none-eabi/lib/thumb/v7e-m+fp/hard\libg.a(lib_a-mallocr.o)
                0x20000448                __malloc_av_
 .data.__malloc_sbrk_base
                0x20000850        0x4 d:/program files (x86)/gnu tools arm embedded/9 2019-q4-major/bin/../lib/gcc/arm-none-eabi/9.2.1/../../../../arm-none-eabi/lib/thumb/v7e-m+fp/hard\libg.a(lib_a-mallocr.o)
                0x20000850                __malloc_sbrk_base
 .data.__malloc_trim_threshold
                0x20000854        0x4 d:/program files (x86)/gnu tools arm embedded/9 2019-q4-major/bin/../lib/gcc/arm-none-eabi/9.2.1/../../../../arm-none-eabi/lib/thumb/v7e-m+fp/hard\libg.a(lib_a-mallocr.o)
                0x20000854                __malloc_trim_threshold
 .data.__atexit_recursive_mutex
                0x20000858        0x4 d:/program files (x86)/gnu tools arm embedded/9 2019-q4-major/bin/../lib/gcc/arm-none-eabi/9.2.1/../../../../arm-none-eabi/lib/thumb/v7e-m+fp/hard\libg.a(lib_a-__call_atexit.o)
                0x20000858                __atexit_recursive_mutex
                0x2000085c                . = ALIGN (0x4)
                0x2000085c                _edata = .

.igot.plt       0x2000085c        0x0 load address 0x08008ae4
 .igot.plt      0x2000085c        0x0 d:/program files (x86)/gnu tools arm embedded/9 2019-q4-major/bin/../lib/gcc/arm-none-eabi/9.2.1/thumb/v7e-m+fp/hard/crtbegin.o
                0x2000085c                . = ALIGN (0x4)

.bss            0x2000085c     0x50f0 load address 0x08008ae4
                0x2000085c                _sbss = .
                0x2000085c                __bss_start__ = _sbss
 *(.bss)
 .bss           0x2000085c       0x1c d:/program files (x86)/gnu tools arm embedded/9 2019-q4-major/bin/../lib/gcc/arm-none-eabi/9.2.1/thumb/v7e-m+fp/hard/crtbegin.o
 *(.bss*)
 .bss.Can1_motor_data
                0x20000878       0xc0 CMakeFiles/RMC_Code.elf.dir/Applications/Hardward/CAN_receive&send.c.obj
                0x20000878                Can1_motor_data
 .bss.Can2_motor_data
                0x20000938       0xc0 CMakeFiles/RMC_Code.elf.dir/Applications/Hardward/CAN_receive&send.c.obj
                0x20000938                Can2_motor_data
 .bss.RC_data   0x200009f8       0x16 CMakeFiles/RMC_Code.elf.dir/Applications/Hardward/DBUS_remote_control.c.obj
                0x200009f8                RC_data
 *fill*         0x20000a0e        0x2 
 .bss.sbus_rx_buf
                0x20000a10       0x48 CMakeFiles/RMC_Code.elf.dir/Applications/Hardward/DBUS_remote_control.c.obj
 .bss.this_time_rx_len.8700
                0x20000a58        0x2 CMakeFiles/RMC_Code.elf.dir/Applications/Hardward/DBUS_remote_control.c.obj
 *fill*         0x20000a5a        0x2 
 .bss.IMU_data  0x20000a5c       0x28 CMakeFiles/RMC_Code.elf.dir/Applications/Hardward/IMU_updata.c.obj
                0x20000a5c                IMU_data
 .bss.IMU_tempure_pid
                0x20000a84       0x28 CMakeFiles/RMC_Code.elf.dir/Applications/Hardward/IMU_updata.c.obj
                0x20000a84                IMU_tempure_pid
 .bss.out       0x20000aac        0x4 CMakeFiles/RMC_Code.elf.dir/Applications/Hardward/IMU_updata.c.obj
                0x20000aac                out
 .bss.count_i   0x20000ab0        0x4 CMakeFiles/RMC_Code.elf.dir/Applications/Softward/FIRE.c.obj
                0x20000ab0                count_i
 .bss.move_speed
                0x20000ab4        0x4 CMakeFiles/RMC_Code.elf.dir/Applications/Softward/FIRE.c.obj
                0x20000ab4                move_speed
 .bss.uwTick    0x20000ab8        0x4 CMakeFiles/RMC_Code.elf.dir/Drivers/STM32F4xx_HAL_Driver/Src/stm32f4xx_hal.c.obj
                0x20000ab8                uwTick
 .bss.Idle_Stack
                0x20000abc      0x200 CMakeFiles/RMC_Code.elf.dir/Middlewares/Third_Party/FreeRTOS/Source/CMSIS_RTOS_V2/cmsis_os2.c.obj
 .bss.Idle_TCB  0x20000cbc       0x5c CMakeFiles/RMC_Code.elf.dir/Middlewares/Third_Party/FreeRTOS/Source/CMSIS_RTOS_V2/cmsis_os2.c.obj
 .bss.KernelState
                0x20000d18        0x4 CMakeFiles/RMC_Code.elf.dir/Middlewares/Third_Party/FreeRTOS/Source/CMSIS_RTOS_V2/cmsis_os2.c.obj
 .bss.Timer_Stack
                0x20000d1c      0x400 CMakeFiles/RMC_Code.elf.dir/Middlewares/Third_Party/FreeRTOS/Source/CMSIS_RTOS_V2/cmsis_os2.c.obj
 .bss.Timer_TCB
                0x2000111c       0x5c CMakeFiles/RMC_Code.elf.dir/Middlewares/Third_Party/FreeRTOS/Source/CMSIS_RTOS_V2/cmsis_os2.c.obj
 .bss.ucMaxSysCallPriority
                0x20001178        0x1 CMakeFiles/RMC_Code.elf.dir/Middlewares/Third_Party/FreeRTOS/Source/portable/GCC/ARM_CM4F/port.c.obj
 *fill*         0x20001179        0x3 
 .bss.ulMaxPRIGROUPValue
                0x2000117c        0x4 CMakeFiles/RMC_Code.elf.dir/Middlewares/Third_Party/FreeRTOS/Source/portable/GCC/ARM_CM4F/port.c.obj
 .bss.pxEnd     0x20001180        0x4 CMakeFiles/RMC_Code.elf.dir/Middlewares/Third_Party/FreeRTOS/Source/portable/MemMang/heap_4.c.obj
 .bss.ucHeap    0x20001184     0x3c00 CMakeFiles/RMC_Code.elf.dir/Middlewares/Third_Party/FreeRTOS/Source/portable/MemMang/heap_4.c.obj
 .bss.xBlockAllocatedBit
                0x20004d84        0x4 CMakeFiles/RMC_Code.elf.dir/Middlewares/Third_Party/FreeRTOS/Source/portable/MemMang/heap_4.c.obj
 .bss.xFreeBytesRemaining
                0x20004d88        0x4 CMakeFiles/RMC_Code.elf.dir/Middlewares/Third_Party/FreeRTOS/Source/portable/MemMang/heap_4.c.obj
 .bss.xMinimumEverFreeBytesRemaining
                0x20004d8c        0x4 CMakeFiles/RMC_Code.elf.dir/Middlewares/Third_Party/FreeRTOS/Source/portable/MemMang/heap_4.c.obj
 .bss.xStart    0x20004d90        0x8 CMakeFiles/RMC_Code.elf.dir/Middlewares/Third_Party/FreeRTOS/Source/portable/MemMang/heap_4.c.obj
 .bss.xQueueRegistry
                0x20004d98       0x40 CMakeFiles/RMC_Code.elf.dir/Middlewares/Third_Party/FreeRTOS/Source/queue.c.obj
                0x20004d98                xQueueRegistry
 .bss.pxCurrentTCB
                0x20004dd8        0x4 CMakeFiles/RMC_Code.elf.dir/Middlewares/Third_Party/FreeRTOS/Source/tasks.c.obj
                0x20004dd8                pxCurrentTCB
 .bss.pxDelayedTaskList
                0x20004ddc        0x4 CMakeFiles/RMC_Code.elf.dir/Middlewares/Third_Party/FreeRTOS/Source/tasks.c.obj
 .bss.pxOverflowDelayedTaskList
                0x20004de0        0x4 CMakeFiles/RMC_Code.elf.dir/Middlewares/Third_Party/FreeRTOS/Source/tasks.c.obj
 .bss.pxReadyTasksLists
                0x20004de4      0x460 CMakeFiles/RMC_Code.elf.dir/Middlewares/Third_Party/FreeRTOS/Source/tasks.c.obj
 .bss.uxCurrentNumberOfTasks
                0x20005244        0x4 CMakeFiles/RMC_Code.elf.dir/Middlewares/Third_Party/FreeRTOS/Source/tasks.c.obj
 .bss.uxDeletedTasksWaitingCleanUp
                0x20005248        0x4 CMakeFiles/RMC_Code.elf.dir/Middlewares/Third_Party/FreeRTOS/Source/tasks.c.obj
 .bss.uxPendedTicks
                0x2000524c        0x4 CMakeFiles/RMC_Code.elf.dir/Middlewares/Third_Party/FreeRTOS/Source/tasks.c.obj
 .bss.uxSchedulerSuspended
                0x20005250        0x4 CMakeFiles/RMC_Code.elf.dir/Middlewares/Third_Party/FreeRTOS/Source/tasks.c.obj
 .bss.uxTaskNumber
                0x20005254        0x4 CMakeFiles/RMC_Code.elf.dir/Middlewares/Third_Party/FreeRTOS/Source/tasks.c.obj
 .bss.uxTopReadyPriority
                0x20005258        0x4 CMakeFiles/RMC_Code.elf.dir/Middlewares/Third_Party/FreeRTOS/Source/tasks.c.obj
 .bss.xDelayedTaskList1
                0x2000525c       0x14 CMakeFiles/RMC_Code.elf.dir/Middlewares/Third_Party/FreeRTOS/Source/tasks.c.obj
 .bss.xDelayedTaskList2
                0x20005270       0x14 CMakeFiles/RMC_Code.elf.dir/Middlewares/Third_Party/FreeRTOS/Source/tasks.c.obj
 .bss.xNextTaskUnblockTime
                0x20005284        0x4 CMakeFiles/RMC_Code.elf.dir/Middlewares/Third_Party/FreeRTOS/Source/tasks.c.obj
 .bss.xNumOfOverflows
                0x20005288        0x4 CMakeFiles/RMC_Code.elf.dir/Middlewares/Third_Party/FreeRTOS/Source/tasks.c.obj
 .bss.xPendingReadyList
                0x2000528c       0x14 CMakeFiles/RMC_Code.elf.dir/Middlewares/Third_Party/FreeRTOS/Source/tasks.c.obj
 .bss.xSchedulerRunning
                0x200052a0        0x4 CMakeFiles/RMC_Code.elf.dir/Middlewares/Third_Party/FreeRTOS/Source/tasks.c.obj
 .bss.xSuspendedTaskList
                0x200052a4       0x14 CMakeFiles/RMC_Code.elf.dir/Middlewares/Third_Party/FreeRTOS/Source/tasks.c.obj
 .bss.xTasksWaitingTermination
                0x200052b8       0x14 CMakeFiles/RMC_Code.elf.dir/Middlewares/Third_Party/FreeRTOS/Source/tasks.c.obj
 .bss.xTickCount
                0x200052cc        0x4 CMakeFiles/RMC_Code.elf.dir/Middlewares/Third_Party/FreeRTOS/Source/tasks.c.obj
 .bss.xYieldPending
                0x200052d0        0x4 CMakeFiles/RMC_Code.elf.dir/Middlewares/Third_Party/FreeRTOS/Source/tasks.c.obj
 .bss.pxCurrentTimerList
                0x200052d4        0x4 CMakeFiles/RMC_Code.elf.dir/Middlewares/Third_Party/FreeRTOS/Source/timers.c.obj
 .bss.pxOverflowTimerList
                0x200052d8        0x4 CMakeFiles/RMC_Code.elf.dir/Middlewares/Third_Party/FreeRTOS/Source/timers.c.obj
 .bss.ucStaticTimerQueueStorage.6936
                0x200052dc       0xa0 CMakeFiles/RMC_Code.elf.dir/Middlewares/Third_Party/FreeRTOS/Source/timers.c.obj
 .bss.xActiveTimerList1
                0x2000537c       0x14 CMakeFiles/RMC_Code.elf.dir/Middlewares/Third_Party/FreeRTOS/Source/timers.c.obj
 .bss.xActiveTimerList2
                0x20005390       0x14 CMakeFiles/RMC_Code.elf.dir/Middlewares/Third_Party/FreeRTOS/Source/timers.c.obj
 .bss.xLastTime.6885
                0x200053a4        0x4 CMakeFiles/RMC_Code.elf.dir/Middlewares/Third_Party/FreeRTOS/Source/timers.c.obj
 .bss.xStaticTimerQueue.6935
                0x200053a8       0x50 CMakeFiles/RMC_Code.elf.dir/Middlewares/Third_Party/FreeRTOS/Source/timers.c.obj
 .bss.xTimerQueue
                0x200053f8        0x4 CMakeFiles/RMC_Code.elf.dir/Middlewares/Third_Party/FreeRTOS/Source/timers.c.obj
 .bss.xTimerTaskHandle
                0x200053fc        0x4 CMakeFiles/RMC_Code.elf.dir/Middlewares/Third_Party/FreeRTOS/Source/timers.c.obj
 .bss.HAL_RCC_CAN1_CLK_ENABLED
                0x20005400        0x4 CMakeFiles/RMC_Code.elf.dir/Src/can.c.obj
 .bss.hcan1     0x20005404       0x28 CMakeFiles/RMC_Code.elf.dir/Src/can.c.obj
                0x20005404                hcan1
 .bss.hcan2     0x2000542c       0x28 CMakeFiles/RMC_Code.elf.dir/Src/can.c.obj
                0x2000542c                hcan2
 .bss.Arm_Gimbal_TaskHandle
                0x20005454        0x4 CMakeFiles/RMC_Code.elf.dir/Src/freertos.c.obj
                0x20005454                Arm_Gimbal_TaskHandle
 .bss.ChassisTaskHandle
                0x20005458        0x4 CMakeFiles/RMC_Code.elf.dir/Src/freertos.c.obj
                0x20005458                ChassisTaskHandle
 .bss.RemoteTaskHandle
                0x2000545c        0x4 CMakeFiles/RMC_Code.elf.dir/Src/freertos.c.obj
                0x2000545c                RemoteTaskHandle
 .bss.hi2c3     0x20005460       0x54 CMakeFiles/RMC_Code.elf.dir/Src/i2c.c.obj
                0x20005460                hi2c3
 .bss.hdma_spi1_rx
                0x200054b4       0x60 CMakeFiles/RMC_Code.elf.dir/Src/spi.c.obj
                0x200054b4                hdma_spi1_rx
 .bss.hdma_spi1_tx
                0x20005514       0x60 CMakeFiles/RMC_Code.elf.dir/Src/spi.c.obj
                0x20005514                hdma_spi1_tx
 .bss.hspi1     0x20005574       0x58 CMakeFiles/RMC_Code.elf.dir/Src/spi.c.obj
                0x20005574                hspi1
 .bss.htim2     0x200055cc       0x40 CMakeFiles/RMC_Code.elf.dir/Src/stm32f4xx_hal_timebase_tim.c.obj
                0x200055cc                htim2
 .bss.heap_end.7386
                0x2000560c        0x4 CMakeFiles/RMC_Code.elf.dir/Src/syscalls.c.obj
 .bss.htim1     0x20005610       0x40 CMakeFiles/RMC_Code.elf.dir/Src/tim.c.obj
                0x20005610                htim1
 .bss.htim10    0x20005650       0x40 CMakeFiles/RMC_Code.elf.dir/Src/tim.c.obj
                0x20005650                htim10
 .bss.htim14    0x20005690       0x40 CMakeFiles/RMC_Code.elf.dir/Src/tim.c.obj
                0x20005690                htim14
 .bss.htim5     0x200056d0       0x40 CMakeFiles/RMC_Code.elf.dir/Src/tim.c.obj
                0x200056d0                htim5
 .bss.htim8     0x20005710       0x40 CMakeFiles/RMC_Code.elf.dir/Src/tim.c.obj
                0x20005710                htim8
 .bss.hdma_usart1_rx
                0x20005750       0x60 CMakeFiles/RMC_Code.elf.dir/Src/usart.c.obj
                0x20005750                hdma_usart1_rx
 .bss.hdma_usart1_tx
                0x200057b0       0x60 CMakeFiles/RMC_Code.elf.dir/Src/usart.c.obj
                0x200057b0                hdma_usart1_tx
 .bss.hdma_usart3_rx
                0x20005810       0x60 CMakeFiles/RMC_Code.elf.dir/Src/usart.c.obj
                0x20005810                hdma_usart3_rx
 .bss.huart1    0x20005870       0x40 CMakeFiles/RMC_Code.elf.dir/Src/usart.c.obj
                0x20005870                huart1
 .bss.huart3    0x200058b0       0x40 CMakeFiles/RMC_Code.elf.dir/Src/usart.c.obj
                0x200058b0                huart3
 .bss.__malloc_current_mallinfo
                0x200058f0       0x28 d:/program files (x86)/gnu tools arm embedded/9 2019-q4-major/bin/../lib/gcc/arm-none-eabi/9.2.1/../../../../arm-none-eabi/lib/thumb/v7e-m+fp/hard\libg.a(lib_a-mallocr.o)
                0x200058f0                __malloc_current_mallinfo
 .bss.__malloc_max_sbrked_mem
                0x20005918        0x4 d:/program files (x86)/gnu tools arm embedded/9 2019-q4-major/bin/../lib/gcc/arm-none-eabi/9.2.1/../../../../arm-none-eabi/lib/thumb/v7e-m+fp/hard\libg.a(lib_a-mallocr.o)
                0x20005918                __malloc_max_sbrked_mem
 .bss.__malloc_max_total_mem
                0x2000591c        0x4 d:/program files (x86)/gnu tools arm embedded/9 2019-q4-major/bin/../lib/gcc/arm-none-eabi/9.2.1/../../../../arm-none-eabi/lib/thumb/v7e-m+fp/hard\libg.a(lib_a-mallocr.o)
                0x2000591c                __malloc_max_total_mem
 .bss.__malloc_top_pad
                0x20005920        0x4 d:/program files (x86)/gnu tools arm embedded/9 2019-q4-major/bin/../lib/gcc/arm-none-eabi/9.2.1/../../../../arm-none-eabi/lib/thumb/v7e-m+fp/hard\libg.a(lib_a-mallocr.o)
                0x20005920                __malloc_top_pad
 *(COMMON)
 COMMON         0x20005924       0x21 d:/program files (x86)/gnu tools arm embedded/9 2019-q4-major/bin/../lib/gcc/arm-none-eabi/9.2.1/../../../../arm-none-eabi/lib/thumb/v7e-m+fp/hard\libg.a(lib_a-lock.o)
                0x20005924                __lock___atexit_recursive_mutex
                0x20005928                __lock___arc4random_mutex
                0x2000592c                __lock___env_recursive_mutex
                0x20005930                __lock___sinit_recursive_mutex
                0x20005934                __lock___malloc_recursive_mutex
                0x20005938                __lock___at_quick_exit_mutex
                0x2000593c                __lock___dd_hash_mutex
                0x20005940                __lock___tz_mutex
                0x20005944                __lock___sfp_recursive_mutex
 *fill*         0x20005945        0x3 
 COMMON         0x20005948        0x4 d:/program files (x86)/gnu tools arm embedded/9 2019-q4-major/bin/../lib/gcc/arm-none-eabi/9.2.1/../../../../arm-none-eabi/lib/thumb/v7e-m+fp/hard\libg.a(lib_a-reent.o)
                0x20005948                errno
                0x2000594c                . = ALIGN (0x4)
                0x2000594c                _ebss = .
                0x2000594c                __bss_end__ = _ebss

._user_heap_stack
                0x2000594c      0x604 load address 0x08008ae4
                0x20005950                . = ALIGN (0x8)
 *fill*         0x2000594c        0x4 
                0x20005950                PROVIDE (end = .)
                [!provide]                PROVIDE (_end = .)
                0x20005b50                . = (. + _Min_Heap_Size)
 *fill*         0x20005950      0x200 
                0x20005f50                . = (. + _Min_Stack_Size)
 *fill*         0x20005b50      0x400 
                0x20005f50                . = ALIGN (0x8)

/DISCARD/
 libc.a(*)
 libm.a(*)
 libgcc.a(*)

.ARM.attributes
                0x00000000       0x30
 *(.ARM.attributes)
 .ARM.attributes
                0x00000000       0x1e d:/program files (x86)/gnu tools arm embedded/9 2019-q4-major/bin/../lib/gcc/arm-none-eabi/9.2.1/thumb/v7e-m+fp/hard/crti.o
 .ARM.attributes
                0x0000001e       0x34 d:/program files (x86)/gnu tools arm embedded/9 2019-q4-major/bin/../lib/gcc/arm-none-eabi/9.2.1/thumb/v7e-m+fp/hard/crtbegin.o
 .ARM.attributes
                0x00000052       0x34 CMakeFiles/RMC_Code.elf.dir/Algorithm/PID_controller.c.obj
 .ARM.attributes
                0x00000086       0x34 CMakeFiles/RMC_Code.elf.dir/Applications/Hardward/CAN_receive&send.c.obj
 .ARM.attributes
                0x000000ba       0x34 CMakeFiles/RMC_Code.elf.dir/Applications/Hardward/DBUS_remote_control.c.obj
 .ARM.attributes
                0x000000ee       0x34 CMakeFiles/RMC_Code.elf.dir/Applications/Hardward/IMU_updata.c.obj
 .ARM.attributes
                0x00000122       0x34 CMakeFiles/RMC_Code.elf.dir/Applications/Hardward/LED_control.c.obj
 .ARM.attributes
                0x00000156       0x34 CMakeFiles/RMC_Code.elf.dir/Applications/Hardward/PWM_control.c.obj
 .ARM.attributes
                0x0000018a       0x34 CMakeFiles/RMC_Code.elf.dir/Applications/Softward/FIRE.c.obj
 .ARM.attributes
                0x000001be       0x34 CMakeFiles/RMC_Code.elf.dir/Drivers/Chip/BMI088Middleware.c.obj
 .ARM.attributes
                0x000001f2       0x34 CMakeFiles/RMC_Code.elf.dir/Drivers/Chip/BMI088driver.c.obj
 .ARM.attributes
                0x00000226       0x34 CMakeFiles/RMC_Code.elf.dir/Drivers/Chip/ist8310driver.c.obj
 .ARM.attributes
                0x0000025a       0x34 CMakeFiles/RMC_Code.elf.dir/Drivers/Chip/ist8310driver_middleware.c.obj
 .ARM.attributes