Archive member included to satisfy reference by file (symbol)

d:/program files (x86)/gnu tools arm embedded/9 2019-q4-major/bin/../lib/gcc/arm-none-eabi/9.2.1/thumb/v7e-m+fp/hard\libgcc.a(_arm_muldf3.o)
                              CMakeFiles/RMC_Code.elf.dir/Applications/Hardward/PWM_control.c.obj (__aeabi_dmul)
d:/program files (x86)/gnu tools arm embedded/9 2019-q4-major/bin/../lib/gcc/arm-none-eabi/9.2.1/thumb/v7e-m+fp/hard\libgcc.a(_arm_addsubdf3.o)
                              CMakeFiles/RMC_Code.elf.dir/Applications/Hardward/PWM_control.c.obj (__aeabi_dadd)
d:/program files (x86)/gnu tools arm embedded/9 2019-q4-major/bin/../lib/gcc/arm-none-eabi/9.2.1/thumb/v7e-m+fp/hard\libgcc.a(_arm_fixunsdfsi.o)
                              CMakeFiles/RMC_Code.elf.dir/Applications/Hardward/PWM_control.c.obj (__aeabi_d2uiz)
d:/program files (x86)/gnu tools arm embedded/9 2019-q4-major/bin/../lib/gcc/arm-none-eabi/9.2.1/thumb/v7e-m+fp/hard\libgcc.a(_aeabi_uldivmod.o)
                              CMakeFiles/RMC_Code.elf.dir/Drivers/STM32F4xx_HAL_Driver/Src/stm32f4xx_hal_rcc.c.obj (__aeabi_uldivmod)
d:/program files (x86)/gnu tools arm embedded/9 2019-q4-major/bin/../lib/gcc/arm-none-eabi/9.2.1/thumb/v7e-m+fp/hard\libgcc.a(_udivmoddi4.o)
                              d:/program files (x86)/gnu tools arm embedded/9 2019-q4-major/bin/../lib/gcc/arm-none-eabi/9.2.1/thumb/v7e-m+fp/hard\libgcc.a(_aeabi_uldivmod.o) (__udivmoddi4)
d:/program files (x86)/gnu tools arm embedded/9 2019-q4-major/bin/../lib/gcc/arm-none-eabi/9.2.1/thumb/v7e-m+fp/hard\libgcc.a(_dvmd_tls.o)
                              d:/program files (x86)/gnu tools arm embedded/9 2019-q4-major/bin/../lib/gcc/arm-none-eabi/9.2.1/thumb/v7e-m+fp/hard\libgcc.a(_aeabi_uldivmod.o) (__aeabi_ldiv0)
d:/program files (x86)/gnu tools arm embedded/9 2019-q4-major/bin/../lib/gcc/arm-none-eabi/9.2.1/../../../../arm-none-eabi/lib/thumb/v7e-m+fp/hard\libg.a(lib_a-errno.o)
                              CMakeFiles/RMC_Code.elf.dir/Src/syscalls.c.obj (__errno)
d:/program files (x86)/gnu tools arm embedded/9 2019-q4-major/bin/../lib/gcc/arm-none-eabi/9.2.1/../../../../arm-none-eabi/lib/thumb/v7e-m+fp/hard\libg.a(lib_a-exit.o)
                              d:/program files (x86)/gnu tools arm embedded/9 2019-q4-major/bin/../lib/gcc/arm-none-eabi/9.2.1/../../../../arm-none-eabi/lib/thumb/v7e-m+fp/hard/crt0.o (exit)
d:/program files (x86)/gnu tools arm embedded/9 2019-q4-major/bin/../lib/gcc/arm-none-eabi/9.2.1/../../../../arm-none-eabi/lib/thumb/v7e-m+fp/hard\libg.a(lib_a-impure.o)
                              d:/program files (x86)/gnu tools arm embedded/9 2019-q4-major/bin/../lib/gcc/arm-none-eabi/9.2.1/../../../../arm-none-eabi/lib/thumb/v7e-m+fp/hard\libg.a(lib_a-exit.o) (_global_impure_ptr)
d:/program files (x86)/gnu tools arm embedded/9 2019-q4-major/bin/../lib/gcc/arm-none-eabi/9.2.1/../../../../arm-none-eabi/lib/thumb/v7e-m+fp/hard\libg.a(lib_a-init.o)
                              d:/program files (x86)/gnu tools arm embedded/9 2019-q4-major/bin/../lib/gcc/arm-none-eabi/9.2.1/../../../../arm-none-eabi/lib/thumb/v7e-m+fp/hard/crt0.o (__libc_init_array)
d:/program files (x86)/gnu tools arm embedded/9 2019-q4-major/bin/../lib/gcc/arm-none-eabi/9.2.1/../../../../arm-none-eabi/lib/thumb/v7e-m+fp/hard\libg.a(lib_a-malloc.o)
                              CMakeFiles/RMC_Code.elf.dir/Applications/Hardward/IMU_updata.c.obj (malloc)
d:/program files (x86)/gnu tools arm embedded/9 2019-q4-major/bin/../lib/gcc/arm-none-eabi/9.2.1/../../../../arm-none-eabi/lib/thumb/v7e-m+fp/hard\libg.a(lib_a-mallocr.o)
                              d:/program files (x86)/gnu tools arm embedded/9 2019-q4-major/bin/../lib/gcc/arm-none-eabi/9.2.1/../../../../arm-none-eabi/lib/thumb/v7e-m+fp/hard\libg.a(lib_a-malloc.o) (_malloc_r)
d:/program files (x86)/gnu tools arm embedded/9 2019-q4-major/bin/../lib/gcc/arm-none-eabi/9.2.1/../../../../arm-none-eabi/lib/thumb/v7e-m+fp/hard\libg.a(lib_a-memcpy.o)
                              CMakeFiles/RMC_Code.elf.dir/Middlewares/Third_Party/FreeRTOS/Source/CMSIS_RTOS_V2/cmsis_os2.c.obj (memcpy)
d:/program files (x86)/gnu tools arm embedded/9 2019-q4-major/bin/../lib/gcc/arm-none-eabi/9.2.1/../../../../arm-none-eabi/lib/thumb/v7e-m+fp/hard\libg.a(lib_a-memset.o)
                              d:/program files (x86)/gnu tools arm embedded/9 2019-q4-major/bin/../lib/gcc/arm-none-eabi/9.2.1/../../../../arm-none-eabi/lib/thumb/v7e-m+fp/hard/crt0.o (memset)
d:/program files (x86)/gnu tools arm embedded/9 2019-q4-major/bin/../lib/gcc/arm-none-eabi/9.2.1/../../../../arm-none-eabi/lib/thumb/v7e-m+fp/hard\libg.a(lib_a-mlock.o)
                              d:/program files (x86)/gnu tools arm embedded/9 2019-q4-major/bin/../lib/gcc/arm-none-eabi/9.2.1/../../../../arm-none-eabi/lib/thumb/v7e-m+fp/hard\libg.a(lib_a-mallocr.o) (__malloc_lock)
[...]
Memory Configuration

Name             Origin             Length             Attributes
CCMRAM           0x10000000         0x00010000         xrw
RAM              0x20000000         0x00020000         xrw
FLASH            0x08000000         0x00100000         xr
*default*        0x00000000         0xffffffff

Linker script and memory map

LOAD d:/program files (x86)/gnu tools arm embedded/9 2019-q4-major/bin/../lib/gcc/arm-none-eabi/9.2.1/thumb/v7e-m+fp/hard/crti.o
LOAD d:/program files (x86)/gnu tools arm embedded/9 2019-q4-major/bin/../lib/gcc/arm-none-eabi/9.2.1/thumb/v7e-m+fp/hard/crtbegin.o
LOAD d:/program files (x86)/gnu tools arm embedded/9 2019-q4-major/bin/../lib/gcc/arm-none-eabi/9.2.1/../../../../arm-none-eabi/lib/thumb/v7e-m+fp/hard/crt0.o
LOAD CMakeFiles/RMC_Code.elf.dir/Algorithm/PID_controller.c.obj
LOAD CMakeFiles/RMC_Code.elf.dir/Algorithm/pid.c.obj
LOAD CMakeFiles/RMC_Code.elf.dir/Applications/Hardward/CAN_receive&send.c.obj
LOAD CMakeFiles/RMC_Code.elf.dir/Applications/Hardward/DBUS_remote_control.c.obj
LOAD CMakeFiles/RMC_Code.elf.dir/Applications/Hardward/IMU_updata.c.obj
LOAD CMakeFiles/RMC_Code.elf.dir/Applications/Hardward/LED_control.c.obj
LOAD CMakeFiles/RMC_Code.elf.dir/Applications/Hardward/PWM_control.c.obj
LOAD CMakeFiles/RMC_Code.elf.dir/Applications/Softward/DegCyclePID.c.obj
LOAD CMakeFiles/RMC_Code.elf.dir/Applications/Softward/DegCyclePID_3508.c.obj
LOAD CMakeFiles/RMC_Code.elf.dir/Applications/Softward/FIRE.c.obj
LOAD CMakeFiles/RMC_Code.elf.dir/Applications/Softward/IMU_calculate.c.obj
LOAD CMakeFiles/RMC_Code.elf.dir/Applications/Softward/MotorPID_test.c.obj
LOAD CMakeFiles/RMC_Code.elf.dir/Applications/Softward/chassis_move1.c.obj
LOAD CMakeFiles/RMC_Code.elf.dir/Drivers/Chip/BMI088Middleware.c.obj
LOAD CMakeFiles/RMC_Code.elf.dir/Drivers/Chip/BMI088driver.c.obj
LOAD CMakeFiles/RMC_Code.elf.dir/Drivers/Chip/ist8310driver.c.obj
LOAD CMakeFiles/RMC_Code.elf.dir/Drivers/Chip/ist8310driver_middleware.c.obj
LOAD CMakeFiles/RMC_Code.elf.dir/Drivers/STM32F4xx_HAL_Driver/Src/stm32f4xx_hal.c.obj
LOAD CMakeFiles/RMC_Code.elf.dir/Drivers/STM32F4xx_HAL_Driver/Src/stm32f4xx_hal_can.c.obj
LOAD CMakeFiles/RMC_Code.elf.dir/Drivers/STM32F4xx_HAL_Driver/Src/stm32f4xx_hal_cortex.c.obj
LOAD CMakeFiles/RMC_Code.elf.dir/Drivers/STM32F4xx_HAL_Driver/Src/stm32f4xx_hal_dma.c.obj
LOAD CMakeFiles/RMC_Code.elf.dir/Drivers/STM32F4xx_HAL_Driver/Src/stm32f4xx_hal_dma_ex.c.obj
LOAD CMakeFiles/RMC_Code.elf.dir/Drivers/STM32F4xx_HAL_Driver/Src/stm32f4xx_hal_exti.c.obj
LOAD CMakeFiles/RMC_Code.elf.dir/Drivers/STM32F4xx_HAL_Driver/Src/stm32f4xx_hal_flash.c.obj
LOAD CMakeFiles/RMC_Code.elf.dir/Drivers/STM32F4xx_HAL_Driver/Src/stm32f4xx_hal_flash_ex.c.obj
LOAD CMakeFiles/RMC_Code.elf.dir/Drivers/STM32F4xx_HAL_Driver/Src/stm32f4xx_hal_flash_ramfunc.c.obj
LOAD CMakeFiles/RMC_Code.elf.dir/Drivers/STM32F4xx_HAL_Driver/Src/stm32f4xx_hal_gpio.c.obj
LOAD CMakeFiles/RMC_Code.elf.dir/Drivers/STM32F4xx_HAL_Driver/Src/stm32f4xx_hal_i2c.c.obj
LOAD CMakeFiles/RMC_Code.elf.dir/Drivers/STM32F4xx_HAL_Driver/Src/stm32f4xx_hal_i2c_ex.c.obj
LOAD CMakeFiles/RMC_Code.elf.dir/Drivers/STM32F4xx_HAL_Driver/Src/stm32f4xx_hal_pwr.c.obj
LOAD CMakeFiles/RMC_Code.elf.dir/Drivers/STM32F4xx_HAL_Driver/Src/stm32f4xx_hal_pwr_ex.c.obj
LOAD CMakeFiles/RMC_Code.elf.dir/Drivers/STM32F4xx_HAL_Driver/Src/stm32f4xx_hal_rcc.c.obj
LOAD CMakeFiles/RMC_Code.elf.dir/Drivers/STM32F4xx_HAL_Driver/Src/stm32f4xx_hal_rcc_ex.c.obj
LOAD CMakeFiles/RMC_Code.elf.dir/Drivers/STM32F4xx_HAL_Driver/Src/stm32f4xx_hal_spi.c.obj
LOAD CMakeFiles/RMC_Code.elf.dir/Drivers/STM32F4xx_HAL_Driver/Src/stm32f4xx_hal_tim.c.obj
LOAD CMakeFiles/RMC_Code.elf.dir/Drivers/STM32F4xx_HAL_Driver/Src/stm32f4xx_hal_tim_ex.c.obj
LOAD CMakeFiles/RMC_Code.elf.dir/Drivers/STM32F4xx_HAL_Driver/Src/stm32f4xx_hal_uart.c.obj
LOAD CMakeFiles/RMC_Code.elf.dir/Middlewares/Third_Party/FreeRTOS/Source/CMSIS_RTOS_V2/cmsis_os2.c.obj
LOAD CMakeFiles/RMC_Code.elf.dir/Middlewares/Third_Party/FreeRTOS/Source/croutine.c.obj
LOAD CMakeFiles/RMC_Code.elf.dir/Middlewares/Third_Party/FreeRTOS/Source/event_groups.c.obj
LOAD CMakeFiles/RMC_Code.elf.dir/Middlewares/Third_Party/FreeRTOS/Source/list.c.obj
LOAD CMakeFiles/RMC_Code.elf.dir/Middlewares/Third_Party/FreeRTOS/Source/portable/GCC/ARM_CM4F/port.c.obj
LOAD CMakeFiles/RMC_Code.elf.dir/Middlewares/Third_Party/FreeRTOS/Source/portable/MemMang/heap_4.c.obj
LOAD CMakeFiles/RMC_Code.elf.dir/Middlewares/Third_Party/FreeRTOS/Source/queue.c.obj
LOAD CMakeFiles/RMC_Code.elf.dir/Middlewares/Third_Party/FreeRTOS/Source/stream_buffer.c.obj
LOAD CMakeFiles/RMC_Code.elf.dir/Middlewares/Third_Party/FreeRTOS/Source/tasks.c.obj
LOAD CMakeFiles/RMC_Code.elf.dir/Middlewares/Third_Party/FreeRTOS/Source/timers.c.obj
LOAD CMakeFiles/RMC_Code.elf.dir/Src/can.c.obj
LOAD CMakeFiles/RMC_Code.elf.dir/Src/dma.c.obj
LOAD CMakeFiles/RMC_Code.elf.dir/Src/freertos.c.obj
LOAD CMakeFiles/RMC_Code.elf.dir/Src/gpio.c.obj
LOAD CMakeFiles/RMC_Code.elf.dir/Src/i2c.c.obj
LOAD CMakeFiles/RMC_Code.elf.dir/Src/main.c.obj
LOAD CMakeFiles/RMC_Code.elf.dir/Src/spi.c.obj
LOAD CMakeFiles/RMC_Code.elf.dir/Src/stm32f4xx_hal_msp.c.obj
LOAD CMakeFiles/RMC_Code.elf.dir/Src/stm32f4xx_hal_timebase_tim.c.obj
LOAD CMakeFiles/RMC_Code.elf.dir/Src/stm32f4xx_it.c.obj
LOAD CMakeFiles/RMC_Code.elf.dir/Src/syscalls.c.obj
LOAD CMakeFiles/RMC_Code.elf.dir/Src/system_stm32f4xx.c.obj
LOAD CMakeFiles/RMC_Code.elf.dir/Src/tim.c.obj
LOAD CMakeFiles/RMC_Code.elf.dir/Src/usart.c.obj
LOAD CMakeFiles/RMC_Code.elf.dir/Task/Chassis_Task.c.obj
LOAD CMakeFiles/RMC_Code.elf.dir/startup/startup_stm32f407xx.s.obj
START GROUP
LOAD d:/program files (x86)/gnu tools arm embedded/9 2019-q4-major/bin/../lib/gcc/arm-none-eabi/9.2.1/thumb/v7e-m+fp/hard\libgcc.a
LOAD d:/program files (x86)/gnu tools arm embedded/9 2019-q4-major/bin/../lib/gcc/arm-none-eabi/9.2.1/../../../../arm-none-eabi/lib/thumb/v7e-m+fp/hard\libg.a
LOAD d:/program files (x86)/gnu tools arm embedded/9 2019-q4-major/bin/../lib/gcc/arm-none-eabi/9.2.1/../../../../arm-none-eabi/lib/thumb/v7e-m+fp/hard\libc.a
END GROUP
LOAD d:/program files (x86)/gnu tools arm embedded/9 2019-q4-major/bin/../lib/gcc/arm-none-eabi/9.2.1/thumb/v7e-m+fp/hard/crtend.o
LOAD d:/program files (x86)/gnu tools arm embedded/9 2019-q4-major/bin/../lib/gcc/arm-none-eabi/9.2.1/thumb/v7e-m+fp/hard/crtn.o
                0x20020000                _estack = (ORIGIN (RAM) + LENGTH (RAM))
                0x00000200                _Min_Heap_Size = 0x200
                0x00000400                _Min_Stack_Size = 0x400

.isr_vector     0x08000000      0x188
                0x08000000                . = ALIGN (0x4)
 *(.isr_vector)
 .isr_vector    0x08000000      0x188 CMakeFiles/RMC_Code.elf.dir/startup/startup_stm32f407xx.s.obj
                0x08000000                g_pfnVectors
                0x08000188                . = ALIGN (0x4)

.text           0x08000190     0x7f64
                0x08000190                . = ALIGN (0x4)
 *(.text)
 .text          0x08000190       0x40 d:/program files (x86)/gnu tools arm embedded/9 2019-q4-major/bin/../lib/gcc/arm-none-eabi/9.2.1/thumb/v7e-m+fp/hard/crtbegin.o
 .text          0x080001d0      0x254 d:/program files (x86)/gnu tools arm embedded/9 2019-q4-major/bin/../lib/gcc/arm-none-eabi/9.2.1/thumb/v7e-m+fp/hard\libgcc.a(_arm_muldf3.o)
                0x080001d0                __muldf3
                0x080001d0                __aeabi_dmul
 .text          0x08000424      0x378 d:/program files (x86)/gnu tools arm embedded/9 2019-q4-major/bin/../lib/gcc/arm-none-eabi/9.2.1/thumb/v7e-m+fp/hard\libgcc.a(_arm_addsubdf3.o)
                0x08000424                __aeabi_drsub
                0x0800042c                __aeabi_dsub
                0x0800042c                __subdf3
                0x08000430                __aeabi_dadd
                0x08000430                __adddf3
                0x080006a8                __floatunsidf
                0x080006a8                __aeabi_ui2d
                0x080006c8                __floatsidf
                0x080006c8                __aeabi_i2d
                0x080006ec                __aeabi_f2d
                0x080006ec                __extendsfdf2
                0x08000730                __floatundidf
                0x08000730                __aeabi_ul2d
                0x08000740                __floatdidf
                0x08000740                __aeabi_l2d
 .text          0x0800079c       0x40 d:/program files (x86)/gnu tools arm embedded/9 2019-q4-major/bin/../lib/gcc/arm-none-eabi/9.2.1/thumb/v7e-m+fp/hard\libgcc.a(_arm_fixunsdfsi.o)
                0x0800079c                __aeabi_d2uiz
                0x0800079c                __fixunsdfsi
 .text          0x080007dc       0x30 d:/program files (x86)/gnu tools arm embedded/9 2019-q4-major/bin/../lib/gcc/arm-none-eabi/9.2.1/thumb/v7e-m+fp/hard\libgcc.a(_aeabi_uldivmod.o)
                0x080007dc                __aeabi_uldivmod
 .text          0x0800080c      0x2c4 d:/program files (x86)/gnu tools arm embedded/9 2019-q4-major/bin/../lib/gcc/arm-none-eabi/9.2.1/thumb/v7e-m+fp/hard\libgcc.a(_udivmoddi4.o)
                0x0800080c                __udivmoddi4
 .text          0x08000ad0        0x4 d:/program files (x86)/gnu tools arm embedded/9 2019-q4-major/bin/../lib/gcc/arm-none-eabi/9.2.1/thumb/v7e-m+fp/hard\libgcc.a(_dvmd_tls.o)
                0x08000ad0                __aeabi_idiv0
                0x08000ad0                __aeabi_ldiv0
 .text          0x08000ad4      0x134 d:/program files (x86)/gnu tools arm embedded/9 2019-q4-major/bin/../lib/gcc/arm-none-eabi/9.2.1/../../../../arm-none-eabi/lib/thumb/v7e-m+fp/hard\libg.a(lib_a-memcpy.o)
                0x08000ad4                memcpy
 *(.text*)
 .text.pid_compute
                0x08000c08       0x7e CMakeFiles/RMC_Code.elf.dir/Algorithm/PID_controller.c.obj
                0x08000c08                pid_compute
 *fill*         0x08000c86        0x2 
 .text.pid_tune
                0x08000c88       0x58 CMakeFiles/RMC_Code.elf.dir/Algorithm/PID_controller.c.obj
                0x08000c88                pid_tune
 .text.pid_limits
                0x08000ce0       0x46 CMakeFiles/RMC_Code.elf.dir/Algorithm/PID_controller.c.obj
                0x08000ce0                pid_limits
 .text.pid_direction
                0x08000d26       0x26 CMakeFiles/RMC_Code.elf.dir/Algorithm/PID_controller.c.obj
                0x08000d26                pid_direction
 .text.pid_create
                0x08000d4c       0x46 CMakeFiles/RMC_Code.elf.dir/Algorithm/PID_controller.c.obj
                0x08000d4c                pid_create
 *fill*         0x08000d92        0x2 
 .text.MotorDeg_update
                0x08000d94       0x80 CMakeFiles/RMC_Code.elf.dir/Applications/Hardward/CAN_receive&send.c.obj
                0x08000d94                MotorDeg_update
 .text.HAL_CAN_RxFifo0MsgPendingCallback
                0x08000e14      0x264 CMakeFiles/RMC_Code.elf.dir/Applications/Hardward/CAN_receive&send.c.obj
                0x08000e14                HAL_CAN_RxFifo0MsgPendingCallback
 .text.sbus_to_rc
                0x08001078       0xbc CMakeFiles/RMC_Code.elf.dir/Applications/Hardward/DBUS_remote_control.c.obj
 .text.RC_init  0x08001134       0x68 CMakeFiles/RMC_Code.elf.dir/Applications/Hardward/DBUS_remote_control.c.obj
                0x08001134                RC_init
 .text.remote_control_init
                0x0800119c       0x14 CMakeFiles/RMC_Code.elf.dir/Applications/Hardward/DBUS_remote_control.c.obj
                0x0800119c                remote_control_init
 .text.USART3_IRQHandler
                0x080011b0       0xe4 CMakeFiles/RMC_Code.elf.dir/Applications/Hardward/DBUS_remote_control.c.obj
                0x080011b0                USART3_IRQHandler
 .text.IMU_init
                0x08001294       0x74 CMakeFiles/RMC_Code.elf.dir/Applications/Hardward/IMU_updata.c.obj
                0x08001294                IMU_init
 .text.IMU_heat_set
                0x08001308        0xc CMakeFiles/RMC_Code.elf.dir/Applications/Hardward/IMU_updata.c.obj
                0x08001308                IMU_heat_set
 .text.IMU_updata
                0x08001314       0x34 CMakeFiles/RMC_Code.elf.dir/Applications/Hardward/IMU_updata.c.obj
                0x08001314                IMU_updata
 .text.led_init
                0x08001348       0x28 CMakeFiles/RMC_Code.elf.dir/Applications/Hardward/LED_control.c.obj
                0x08001348                led_init
 .text.led_show
                0x08001370       0x28 CMakeFiles/RMC_Code.elf.dir/Applications/Hardward/LED_control.c.obj
                0x08001370                led_show
 .text.set_servo_angle
                0x08001398       0x84 CMakeFiles/RMC_Code.elf.dir/Applications/Hardward/PWM_control.c.obj
                0x08001398                set_servo_angle
 .text.PWM_servo_control_init
                0x0800141c       0xac CMakeFiles/RMC_Code.elf.dir/Applications/Hardward/PWM_control.c.obj
                0x0800141c                PWM_servo_control_init
 .text.Fire_Init
                0x080014c8       0x54 CMakeFiles/RMC_Code.elf.dir/Applications/Softward/FIRE.c.obj
                0x080014c8                Fire_Init
 .text.BMI088_GPIO_init
                0x0800151c        0x2 CMakeFiles/RMC_Code.elf.dir/Drivers/Chip/BMI088Middleware.c.obj
                0x0800151c                BMI088_GPIO_init
 .text.BMI088_com_init
                0x0800151e        0x2 CMakeFiles/RMC_Code.elf.dir/Drivers/Chip/BMI088Middleware.c.obj
                0x0800151e                BMI088_com_init
 .text.BMI088_delay_us
                0x08001520        0x8 CMakeFiles/RMC_Code.elf.dir/Drivers/Chip/BMI088Middleware.c.obj
                0x08001520                BMI088_delay_us
 .text.BMI088_delay_ms
                0x08001528       0x16 CMakeFiles/RMC_Code.elf.dir/Drivers/Chip/BMI088Middleware.c.obj
                0x08001528                BMI088_delay_ms
 *fill*         0x0800153e        0x2 
 .text.BMI088_ACCEL_NS_L
                0x08001540       0x14 CMakeFiles/RMC_Code.elf.dir/Drivers/Chip/BMI088Middleware.c.obj
                0x08001540                BMI088_ACCEL_NS_L
 .text.BMI088_ACCEL_NS_H
                0x08001554       0x14 CMakeFiles/RMC_Code.elf.dir/Drivers/Chip/BMI088Middleware.c.obj
                0x08001554                BMI088_ACCEL_NS_H
 .text.BMI088_GYRO_NS_L
                0x08001568       0x14 CMakeFiles/RMC_Code.elf.dir/Drivers/Chip/BMI088Middleware.c.obj
                0x08001568                BMI088_GYRO_NS_L
 .text.BMI088_GYRO_NS_H
                0x0800157c       0x14 CMakeFiles/RMC_Code.elf.dir/Drivers/Chip/BMI088Middleware.c.obj
                0x0800157c                BMI088_GYRO_NS_H
 .text.BMI088_read_write_byte
                0x08001590       0x2c CMakeFiles/RMC_Code.elf.dir/Drivers/Chip/BMI088Middleware.c.obj
                0x08001590                BMI088_read_write_byte
 .text.BMI088_write_single_reg
                0x080015bc       0x10 CMakeFiles/RMC_Code.elf.dir/Drivers/Chip/BMI088driver.c.obj
 .text.BMI088_read_single_reg
                0x080015cc       0x16 CMakeFiles/RMC_Code.elf.dir/Drivers/Chip/BMI088driver.c.obj
 .text.BMI088_read_muli_reg
                0x080015e2       0x22 CMakeFiles/RMC_Code.elf.dir/Drivers/Chip/BMI088driver.c.obj
 .text.bmi088_accel_init
                0x08001604      0x104 CMakeFiles/RMC_Code.elf.dir/Drivers/Chip/BMI088driver.c.obj
                0x08001604                bmi088_accel_init
 .text.bmi088_gyro_init
                0x08001708       0xf0 CMakeFiles/RMC_Code.elf.dir/Drivers/Chip/BMI088driver.c.obj
                0x08001708                bmi088_gyro_init
 .text.BMI088_init
                0x080017f8       0x1a CMakeFiles/RMC_Code.elf.dir/Drivers/Chip/BMI088driver.c.obj
                0x080017f8                BMI088_init
 *fill*         0x08001812        0x2 
 .text.BMI088_read
                0x08001814      0x17c CMakeFiles/RMC_Code.elf.dir/Drivers/Chip/BMI088driver.c.obj
                0x08001814                BMI088_read
 .text.ist8310_init
                0x08001990       0x78 CMakeFiles/RMC_Code.elf.dir/Drivers/Chip/ist8310driver.c.obj
                0x08001990                ist8310_init
 .text.ist8310_read_mag
                0x08001a08       0x78 CMakeFiles/RMC_Code.elf.dir/Drivers/Chip/ist8310driver.c.obj
                0x08001a08                ist8310_read_mag
 .text.ist8310_GPIO_init
                0x08001a80        0x2 CMakeFiles/RMC_Code.elf.dir/Drivers/Chip/ist8310driver_middleware.c.obj
                0x08001a80                ist8310_GPIO_init
 .text.ist8310_com_init
                0x08001a82        0x2 CMakeFiles/RMC_Code.elf.dir/Drivers/Chip/ist8310driver_middleware.c.obj
                0x08001a82                ist8310_com_init
 .text.ist8310_IIC_read_single_reg
                0x08001a84       0x30 CMakeFiles/RMC_Code.elf.dir/Drivers/Chip/ist8310driver_middleware.c.obj
                0x08001a84                ist8310_IIC_read_single_reg
 .text.ist8310_IIC_write_single_reg
                0x08001ab4       0x2c CMakeFiles/RMC_Code.elf.dir/Drivers/Chip/ist8310driver_middleware.c.obj
                0x08001ab4                ist8310_IIC_write_single_reg
 .text.ist8310_IIC_read_muli_reg
                0x08001ae0       0x24 CMakeFiles/RMC_Code.elf.dir/Drivers/Chip/ist8310driver_middleware.c.obj
                0x08001ae0                ist8310_IIC_read_muli_reg
 .text.ist8310_delay_ms
                0x08001b04        0x8 CMakeFiles/RMC_Code.elf.dir/Drivers/Chip/ist8310driver_middleware.c.obj
                0x08001b04                ist8310_delay_ms
 .text.ist8310_delay_us
                0x08001b0c        0x8 CMakeFiles/RMC_Code.elf.dir/Drivers/Chip/ist8310driver_middleware.c.obj
                0x08001b0c                ist8310_delay_us
 .text.ist8310_RST_H
                0x08001b14       0x14 CMakeFiles/RMC_Code.elf.dir/Drivers/Chip/ist8310driver_middleware.c.obj
                0x08001b14                ist8310_RST_H
 .text.ist8310_RST_L
                0x08001b28       0x14 CMakeFiles/RMC_Code.elf.dir/Drivers/Chip/ist8310driver_middleware.c.obj
                0x08001b28                ist8310_RST_L
 .text.HAL_Init
                0x08001b3c       0x34 CMakeFiles/RMC_Code.elf.dir/Drivers/STM32F4xx_HAL_Driver/Src/stm32f4xx_hal.c.obj
                0x08001b3c                HAL_Init
 .text.HAL_IncTick
                0x08001b70       0x18 CMakeFiles/RMC_Code.elf.dir/Drivers/STM32F4xx_HAL_Driver/Src/stm32f4xx_hal.c.obj
                0x08001b70                HAL_IncTick
 .text.HAL_GetTick
                0x08001b88        0xc CMakeFiles/RMC_Code.elf.dir/Drivers/STM32F4xx_HAL_Driver/Src/stm32f4xx_hal.c.obj
                0x08001b88                HAL_GetTick
 .text.HAL_Delay
                0x08001b94       0x28 CMakeFiles/RMC_Code.elf.dir/Drivers/STM32F4xx_HAL_Driver/Src/stm32f4xx_hal.c.obj
                0x08001b94                HAL_Delay
 .text.HAL_CAN_Init
                0x08001bbc      0x14c CMakeFiles/RMC_Code.elf.dir/Drivers/STM32F4xx_HAL_Driver/Src/stm32f4xx_hal_can.c.obj
                0x08001bbc                HAL_CAN_Init
 .text.HAL_CAN_ConfigFilter
                0x08001d08      0x130 CMakeFiles/RMC_Code.elf.dir/Drivers/STM32F4xx_HAL_Driver/Src/stm32f4xx_hal_can.c.obj
                0x08001d08                HAL_CAN_ConfigFilter
 .text.HAL_CAN_Start
                0x08001e38       0x5c CMakeFiles/RMC_Code.elf.dir/Drivers/STM32F4xx_HAL_Driver/Src/stm32f4xx_hal_can.c.obj
                0x08001e38                HAL_CAN_Start
 .text.HAL_CAN_GetRxMessage
                0x08001e94      0x140 CMakeFiles/RMC_Code.elf.dir/Drivers/STM32F4xx_HAL_Driver/Src/stm32f4xx_hal_can.c.obj
                0x08001e94                HAL_CAN_GetRxMessage
 .text.HAL_CAN_ActivateNotification
                0x08001fd4       0x24 CMakeFiles/RMC_Code.elf.dir/Drivers/STM32F4xx_HAL_Driver/Src/stm32f4xx_hal_can.c.obj
                0x08001fd4                HAL_CAN_ActivateNotification
 .text.HAL_CAN_TxMailbox0CompleteCallback
                0x08001ff8        0x2 CMakeFiles/RMC_Code.elf.dir/Drivers/STM32F4xx_HAL_Driver/Src/stm32f4xx_hal_can.c.obj
                0x08001ff8                HAL_CAN_TxMailbox0CompleteCallback
 .text.HAL_CAN_TxMailbox1CompleteCallback
                0x08001ffa        0x2 CMakeFiles/RMC_Code.elf.dir/Drivers/STM32F4xx_HAL_Driver/Src/stm32f4xx_hal_can.c.obj
                0x08001ffa                HAL_CAN_TxMailbox1CompleteCallback
 .text.HAL_CAN_TxMailbox2CompleteCallback
                0x08001ffc        0x2 CMakeFiles/RMC_Code.elf.dir/Drivers/STM32F4xx_HAL_Driver/Src/stm32f4xx_hal_can.c.obj
                0x08001ffc                HAL_CAN_TxMailbox2CompleteCallback
 .text.HAL_CAN_TxMailbox0AbortCallback
                0x08001ffe        0x2 CMakeFiles/RMC_Code.elf.dir/Drivers/STM32F4xx_HAL_Driver/Src/stm32f4xx_hal_can.c.obj
                0x08001ffe                HAL_CAN_TxMailbox0AbortCallback
 .text.HAL_CAN_TxMailbox1AbortCallback
                0x08002000        0x2 CMakeFiles/RMC_Code.elf.dir/Drivers/STM32F4xx_HAL_Driver/Src/stm32f4xx_hal_can.c.obj
                0x08002000                HAL_CAN_TxMailbox1AbortCallback
 .text.HAL_CAN_TxMailbox2AbortCallback
                0x08002002        0x2 CMakeFiles/RMC_Code.elf.dir/Drivers/STM32F4xx_HAL_Driver/Src/stm32f4xx_hal_can.c.obj
                0x08002002                HAL_CAN_TxMailbox2AbortCallback
 .text.HAL_CAN_RxFifo0FullCallback
                0x08002004        0x2 CMakeFiles/RMC_Code.elf.dir/Drivers/STM32F4xx_HAL_Driver/Src/stm32f4xx_hal_can.c.obj
                0x08002004                HAL_CAN_RxFifo0FullCallback
 .text.HAL_CAN_RxFifo1MsgPendingCallback
                0x08002006        0x2 CMakeFiles/RMC_Code.elf.dir/Drivers/STM32F4xx_HAL_Driver/Src/stm32f4xx_hal_can.c.obj
                0x08002006                HAL_CAN_RxFifo1MsgPendingCallback
 .text.HAL_CAN_RxFifo1FullCallback
                0x08002008        0x2 CMakeFiles/RMC_Code.elf.dir/Drivers/STM32F4xx_HAL_Driver/Src/stm32f4xx_hal_can.c.obj
                0x08002008                HAL_CAN_RxFifo1FullCallback
 .text.HAL_CAN_SleepCallback
                0x0800200a        0x2 CMakeFiles/RMC_Code.elf.dir/Drivers/STM32F4xx_HAL_Driver/Src/stm32f4xx_hal_can.c.obj
                0x0800200a                HAL_CAN_SleepCallback
 .text.HAL_CAN_WakeUpFromRxMsgCallback
                0x0800200c        0x2 CMakeFiles/RMC_Code.elf.dir/Drivers/STM32F4xx_HAL_Driver/Src/stm32f4xx_hal_can.c.obj
                0x0800200c                HAL_CAN_WakeUpFromRxMsgCallback
 .text.HAL_CAN_ErrorCallback
                0x0800200e        0x2 CMakeFiles/RMC_Code.elf.dir/Drivers/STM32F4xx_HAL_Driver/Src/stm32f4xx_hal_can.c.obj
                0x0800200e                HAL_CAN_ErrorCallback
 .text.HAL_CAN_IRQHandler
                0x08002010      0x24a CMakeFiles/RMC_Code.elf.dir/Drivers/STM32F4xx_HAL_Driver/Src/stm32f4xx_hal_can.c.obj
                0x08002010                HAL_CAN_IRQHandler
 *fill*         0x0800225a        0x2 
 .text.HAL_NVIC_SetPriorityGrouping
                0x0800225c       0x24 CMakeFiles/RMC_Code.elf.dir/Drivers/STM32F4xx_HAL_Driver/Src/stm32f4xx_hal_cortex.c.obj
                0x0800225c                HAL_NVIC_SetPriorityGrouping
 .text.HAL_NVIC_SetPriority
                0x08002280       0x68 CMakeFiles/RMC_Code.elf.dir/Drivers/STM32F4xx_HAL_Driver/Src/stm32f4xx_hal_cortex.c.obj
                0x08002280                HAL_NVIC_SetPriority
 .text.HAL_NVIC_EnableIRQ
                0x080022e8       0x1c CMakeFiles/RMC_Code.elf.dir/Drivers/STM32F4xx_HAL_Driver/Src/stm32f4xx_hal_cortex.c.obj
                0x080022e8                HAL_NVIC_EnableIRQ
 .text.DMA_CalcBaseAndBitshift
                0x08002304       0x44 CMakeFiles/RMC_Code.elf.dir/Drivers/STM32F4xx_HAL_Driver/Src/stm32f4xx_hal_dma.c.obj
 .text.DMA_CheckFifoParam
                0x08002348       0x8e CMakeFiles/RMC_Code.elf.dir/Drivers/STM32F4xx_HAL_Driver/Src/stm32f4xx_hal_dma.c.obj
 *fill*         0x080023d6        0x2 
 .text.HAL_DMA_Init
                0x080023d8       0xcc CMakeFiles/RMC_Code.elf.dir/Drivers/STM32F4xx_HAL_Driver/Src/stm32f4xx_hal_dma.c.obj
                0x080023d8                HAL_DMA_Init
 .text.HAL_DMA_IRQHandler
                0x080024a4      0x1dc CMakeFiles/RMC_Code.elf.dir/Drivers/STM32F4xx_HAL_Driver/Src/stm32f4xx_hal_dma.c.obj
                0x080024a4                HAL_DMA_IRQHandler
 .text.HAL_GPIO_Init
                0x08002680      0x1cc CMakeFiles/RMC_Code.elf.dir/Drivers/STM32F4xx_HAL_Driver/Src/stm32f4xx_hal_gpio.c.obj
                0x08002680                HAL_GPIO_Init
 .text.HAL_GPIO_WritePin
                0x0800284c        0xc CMakeFiles/RMC_Code.elf.dir/Drivers/STM32F4xx_HAL_Driver/Src/stm32f4xx_hal_gpio.c.obj
                0x0800284c                HAL_GPIO_WritePin
 .text.I2C_IsAcknowledgeFailed
                0x08002858       0x32 CMakeFiles/RMC_Code.elf.dir/Drivers/STM32F4xx_HAL_Driver/Src/stm32f4xx_hal_i2c.c.obj
 .text.I2C_WaitOnFlagUntilTimeout
                0x0800288a       0x74 CMakeFiles/RMC_Code.elf.dir/Drivers/STM32F4xx_HAL_Driver/Src/stm32f4xx_hal_i2c.c.obj
 .text.I2C_WaitOnMasterAddressFlagUntilTimeout
                0x080028fe       0xaa CMakeFiles/RMC_Code.elf.dir/Drivers/STM32F4xx_HAL_Driver/Src/stm32f4xx_hal_i2c.c.obj
 .text.I2C_WaitOnTXEFlagUntilTimeout
                0x080029a8       0x54 CMakeFiles/RMC_Code.elf.dir/Drivers/STM32F4xx_HAL_Driver/Src/stm32f4xx_hal_i2c.c.obj
 .text.I2C_RequestMemoryWrite
                0x080029fc       0xd8 CMakeFiles/RMC_Code.elf.dir/Drivers/STM32F4xx_HAL_Driver/Src/stm32f4xx_hal_i2c.c.obj
 .text.I2C_RequestMemoryRead
                0x08002ad4      0x154 CMakeFiles/RMC_Code.elf.dir/Drivers/STM32F4xx_HAL_Driver/Src/stm32f4xx_hal_i2c.c.obj
 .text.I2C_WaitOnBTFFlagUntilTimeout
                0x08002c28       0x54 CMakeFiles/RMC_Code.elf.dir/Drivers/STM32F4xx_HAL_Driver/Src/stm32f4xx_hal_i2c.c.obj
 .text.I2C_WaitOnRXNEFlagUntilTimeout
                0x08002c7c       0x6a CMakeFiles/RMC_Code.elf.dir/Drivers/STM32F4xx_HAL_Driver/Src/stm32f4xx_hal_i2c.c.obj
 *fill*         0x08002ce6        0x2 
 .text.HAL_I2C_Init
                0x08002ce8      0x1bc CMakeFiles/RMC_Code.elf.dir/Drivers/STM32F4xx_HAL_Driver/Src/stm32f4xx_hal_i2c.c.obj
                0x08002ce8                HAL_I2C_Init
 .text.HAL_I2C_Mem_Write
                0x08002ea4      0x164 CMakeFiles/RMC_Code.elf.dir/Drivers/STM32F4xx_HAL_Driver/Src/stm32f4xx_hal_i2c.c.obj
                0x08002ea4                HAL_I2C_Mem_Write
 .text.HAL_I2C_Mem_Read
                0x08003008      0x2e4 CMakeFiles/RMC_Code.elf.dir/Drivers/STM32F4xx_HAL_Driver/Src/stm32f4xx_hal_i2c.c.obj
                0x08003008                HAL_I2C_Mem_Read
 .text.HAL_RCC_OscConfig
                0x080032ec      0x3ec CMakeFiles/RMC_Code.elf.dir/Drivers/STM32F4xx_HAL_Driver/Src/stm32f4xx_hal_rcc.c.obj
                0x080032ec                HAL_RCC_OscConfig
 .text.HAL_RCC_GetSysClockFreq
                0x080036d8       0xa0 CMakeFiles/RMC_Code.elf.dir/Drivers/STM32F4xx_HAL_Driver/Src/stm32f4xx_hal_rcc.c.obj
                0x080036d8                HAL_RCC_GetSysClockFreq
 .text.HAL_RCC_ClockConfig
                0x08003778      0x160 CMakeFiles/RMC_Code.elf.dir/Drivers/STM32F4xx_HAL_Driver/Src/stm32f4xx_hal_rcc.c.obj
                0x08003778                HAL_RCC_ClockConfig
 .text.HAL_RCC_GetHCLKFreq
                0x080038d8        0xc CMakeFiles/RMC_Code.elf.dir/Drivers/STM32F4xx_HAL_Driver/Src/stm32f4xx_hal_rcc.c.obj
                0x080038d8                HAL_RCC_GetHCLKFreq
 .text.HAL_RCC_GetPCLK1Freq
                0x080038e4       0x20 CMakeFiles/RMC_Code.elf.dir/Drivers/STM32F4xx_HAL_Driver/Src/stm32f4xx_hal_rcc.c.obj
                0x080038e4                HAL_RCC_GetPCLK1Freq
 .text.HAL_RCC_GetPCLK2Freq
                0x08003904       0x20 CMakeFiles/RMC_Code.elf.dir/Drivers/STM32F4xx_HAL_Driver/Src/stm32f4xx_hal_rcc.c.obj
                0x08003904                HAL_RCC_GetPCLK2Freq
 .text.HAL_RCC_GetClockConfig
                0x08003924       0x3c CMakeFiles/RMC_Code.elf.dir/Drivers/STM32F4xx_HAL_Driver/Src/stm32f4xx_hal_rcc.c.obj
                0x08003924                HAL_RCC_GetClockConfig
 .text.SPI_WaitFlagStateUntilTimeout
                0x08003960       0x94 CMakeFiles/RMC_Code.elf.dir/Drivers/STM32F4xx_HAL_Driver/Src/stm32f4xx_hal_spi.c.obj
 .text.SPI_EndRxTxTransaction
                0x080039f4       0x68 CMakeFiles/RMC_Code.elf.dir/Drivers/STM32F4xx_HAL_Driver/Src/stm32f4xx_hal_spi.c.obj
 .text.HAL_SPI_Init
                0x08003a5c       0x80 CMakeFiles/RMC_Code.elf.dir/Drivers/STM32F4xx_HAL_Driver/Src/stm32f4xx_hal_spi.c.obj
                0x08003a5c                HAL_SPI_Init
 .text.HAL_SPI_TransmitReceive
                0x08003adc      0x238 CMakeFiles/RMC_Code.elf.dir/Drivers/STM32F4xx_HAL_Driver/Src/stm32f4xx_hal_spi.c.obj
                0x08003adc                HAL_SPI_TransmitReceive
 .text.TIM_OC1_SetConfig
                0x08003d14       0x68 CMakeFiles/RMC_Code.elf.dir/Drivers/STM32F4xx_HAL_Driver/Src/stm32f4xx_hal_tim.c.obj
 .text.TIM_OC3_SetConfig
                0x08003d7c       0x70 CMakeFiles/RMC_Code.elf.dir/Drivers/STM32F4xx_HAL_Driver/Src/stm32f4xx_hal_tim.c.obj
 .text.TIM_OC4_SetConfig
                0x08003dec       0x50 CMakeFiles/RMC_Code.elf.dir/Drivers/STM32F4xx_HAL_Driver/Src/stm32f4xx_hal_tim.c.obj
 .text.TIM_TI1_ConfigInputStage
                0x08003e3c       0x24 CMakeFiles/RMC_Code.elf.dir/Drivers/STM32F4xx_HAL_Driver/Src/stm32f4xx_hal_tim.c.obj
 .text.TIM_TI2_ConfigInputStage
                0x08003e60       0x26 CMakeFiles/RMC_Code.elf.dir/Drivers/STM32F4xx_HAL_Driver/Src/stm32f4xx_hal_tim.c.obj
 .text.TIM_ITRx_SetConfig
                0x08003e86       0x10 CMakeFiles/RMC_Code.elf.dir/Drivers/STM32F4xx_HAL_Driver/Src/stm32f4xx_hal_tim.c.obj
 .text.HAL_TIM_Base_Start
                0x08003e96       0x24 CMakeFiles/RMC_Code.elf.dir/Drivers/STM32F4xx_HAL_Driver/Src/stm32f4xx_hal_tim.c.obj
                0x08003e96                HAL_TIM_Base_Start
 .text.HAL_TIM_Base_Start_IT
                0x08003eba       0x22 CMakeFiles/RMC_Code.elf.dir/Drivers/STM32F4xx_HAL_Driver/Src/stm32f4xx_hal_tim.c.obj
                0x08003eba                HAL_TIM_Base_Start_IT
 .text.HAL_TIM_OC_MspInit
                0x08003edc        0x2 CMakeFiles/RMC_Code.elf.dir/Drivers/STM32F4xx_HAL_Driver/Src/stm32f4xx_hal_tim.c.obj
                0x08003edc                HAL_TIM_OC_MspInit
 .text.HAL_TIM_PWM_MspInit
                0x08003ede        0x2 CMakeFiles/RMC_Code.elf.dir/Drivers/STM32F4xx_HAL_Driver/Src/stm32f4xx_hal_tim.c.obj
                0x08003ede                HAL_TIM_PWM_MspInit
 .text.HAL_TIM_OC_DelayElapsedCallback
                0x08003ee0        0x2 CMakeFiles/RMC_Code.elf.dir/Drivers/STM32F4xx_HAL_Driver/Src/stm32f4xx_hal_tim.c.obj
                0x08003ee0                HAL_TIM_OC_DelayElapsedCallback
 .text.HAL_TIM_IC_CaptureCallback
                0x08003ee2        0x2 CMakeFiles/RMC_Code.elf.dir/Drivers/STM32F4xx_HAL_Driver/Src/stm32f4xx_hal_tim.c.obj
                0x08003ee2                HAL_TIM_IC_CaptureCallback
 .text.HAL_TIM_PWM_PulseFinishedCallback
                0x08003ee4        0x2 CMakeFiles/RMC_Code.elf.dir/Drivers/STM32F4xx_HAL_Driver/Src/stm32f4xx_hal_tim.c.obj
                0x08003ee4                HAL_TIM_PWM_PulseFinishedCallback
 .text.HAL_TIM_TriggerCallback
                0x08003ee6        0x2 CMakeFiles/RMC_Code.elf.dir/Drivers/STM32F4xx_HAL_Driver/Src/stm32f4xx_hal_tim.c.obj
                0x08003ee6                HAL_TIM_TriggerCallback
 .text.HAL_TIM_IRQHandler
                0x08003ee8      0x17a CMakeFiles/RMC_Code.elf.dir/Drivers/STM32F4xx_HAL_Driver/Src/stm32f4xx_hal_tim.c.obj
                0x08003ee8                HAL_TIM_IRQHandler
 *fill*         0x08004062        0x2 
 .text.TIM_Base_SetConfig
                0x08004064       0xc8 CMakeFiles/RMC_Code.elf.dir/Drivers/STM32F4xx_HAL_Driver/Src/stm32f4xx_hal_tim.c.obj
                0x08004064                TIM_Base_SetConfig
 .text.HAL_TIM_Base_Init
                0x0800412c       0x34 CMakeFiles/RMC_Code.elf.dir/Drivers/STM32F4xx_HAL_Driver/Src/stm32f4xx_hal_tim.c.obj
                0x0800412c                HAL_TIM_Base_Init
 .text.HAL_TIM_OC_Init
                0x08004160       0x34 CMakeFiles/RMC_Code.elf.dir/Drivers/STM32F4xx_HAL_Driver/Src/stm32f4xx_hal_tim.c.obj
                0x08004160                HAL_TIM_OC_Init
 .text.HAL_TIM_PWM_Init
                0x08004194       0x34 CMakeFiles/RMC_Code.elf.dir/Drivers/STM32F4xx_HAL_Driver/Src/stm32f4xx_hal_tim.c.obj
                0x08004194                HAL_TIM_PWM_Init
 .text.TIM_OC2_SetConfig
                0x080041c8       0x70 CMakeFiles/RMC_Code.elf.dir/Drivers/STM32F4xx_HAL_Driver/Src/stm32f4xx_hal_tim.c.obj
                0x080041c8                TIM_OC2_SetConfig
 .text.HAL_TIM_OC_ConfigChannel
                0x08004238       0x5e CMakeFiles/RMC_Code.elf.dir/Drivers/STM32F4xx_HAL_Driver/Src/stm32f4xx_hal_tim.c.obj
                0x08004238                HAL_TIM_OC_ConfigChannel
 .text.HAL_TIM_PWM_ConfigChannel
                0x08004296       0xdc CMakeFiles/RMC_Code.elf.dir/Drivers/STM32F4xx_HAL_Driver/Src/stm32f4xx_hal_tim.c.obj
                0x08004296                HAL_TIM_PWM_ConfigChannel
 .text.TIM_ETR_SetConfig
                0x08004372       0x18 CMakeFiles/RMC_Code.elf.dir/Drivers/STM32F4xx_HAL_Driver/Src/stm32f4xx_hal_tim.c.obj
                0x08004372                TIM_ETR_SetConfig
 .text.HAL_TIM_ConfigClockSource
                0x0800438a       0xda CMakeFiles/RMC_Code.elf.dir/Drivers/STM32F4xx_HAL_Driver/Src/stm32f4xx_hal_tim.c.obj
                0x0800438a                HAL_TIM_ConfigClockSource
 .text.TIM_CCxChannelCmd
                0x08004464       0x24 CMakeFiles/RMC_Code.elf.dir/Drivers/STM32F4xx_HAL_Driver/Src/stm32f4xx_hal_tim.c.obj
                0x08004464                TIM_CCxChannelCmd
 .text.HAL_TIM_PWM_Start
                0x08004488       0x40 CMakeFiles/RMC_Code.elf.dir/Drivers/STM32F4xx_HAL_Driver/Src/stm32f4xx_hal_tim.c.obj
                0x08004488                HAL_TIM_PWM_Start
 .text.HAL_TIMEx_MasterConfigSynchronization
                0x080044c8       0x88 CMakeFiles/RMC_Code.elf.dir/Drivers/STM32F4xx_HAL_Driver/Src/stm32f4xx_hal_tim_ex.c.obj
                0x080044c8                HAL_TIMEx_MasterConfigSynchronization
 .text.HAL_TIMEx_ConfigBreakDeadTime
                0x08004550       0x52 CMakeFiles/RMC_Code.elf.dir/Drivers/STM32F4xx_HAL_Driver/Src/stm32f4xx_hal_tim_ex.c.obj
                0x08004550                HAL_TIMEx_ConfigBreakDeadTime
 .text.HAL_TIMEx_CommutCallback
                0x080045a2        0x2 CMakeFiles/RMC_Code.elf.dir/Drivers/STM32F4xx_HAL_Driver/Src/stm32f4xx_hal_tim_ex.c.obj
                0x080045a2                HAL_TIMEx_CommutCallback
 .text.HAL_TIMEx_BreakCallback
                0x080045a4        0x2 CMakeFiles/RMC_Code.elf.dir/Drivers/STM32F4xx_HAL_Driver/Src/stm32f4xx_hal_tim_ex.c.obj
                0x080045a4                HAL_TIMEx_BreakCallback
 *fill*         0x080045a6        0x2 
 .text.UART_SetConfig
                0x080045a8      0x1e8 CMakeFiles/RMC_Code.elf.dir/Drivers/STM32F4xx_HAL_Driver/Src/stm32f4xx_hal_uart.c.obj
 .text.HAL_UART_Init
                0x08004790       0x5e CMakeFiles/RMC_Code.elf.dir/Drivers/STM32F4xx_HAL_Driver/Src/stm32f4xx_hal_uart.c.obj
                0x08004790                HAL_UART_Init
 *fill*         0x080047ee        0x2 
 .text.osKernelInitialize
                0x080047f0       0x3c CMakeFiles/RMC_Code.elf.dir/Middlewares/Third_Party/FreeRTOS/Source/CMSIS_RTOS_V2/cmsis_os2.c.obj
                0x080047f0                osKernelInitialize
 .text.osKernelStart
                0x0800482c       0x48 CMakeFiles/RMC_Code.elf.dir/Middlewares/Third_Party/FreeRTOS/Source/CMSIS_RTOS_V2/cmsis_os2.c.obj
                0x0800482c                osKernelStart
 .text.osThreadNew
                0x08004874       0xd8 CMakeFiles/RMC_Code.elf.dir/Middlewares/Third_Party/FreeRTOS/Source/CMSIS_RTOS_V2/cmsis_os2.c.obj
                0x08004874                osThreadNew
 .text.osDelay  0x0800494c       0x3c CMakeFiles/RMC_Code.elf.dir/Middlewares/Third_Party/FreeRTOS/Source/CMSIS_RTOS_V2/cmsis_os2.c.obj
                0x0800494c                osDelay
 .text.vApplicationGetIdleTaskMemory
                0x08004988       0x18 CMakeFiles/RMC_Code.elf.dir/Middlewares/Third_Party/FreeRTOS/Source/CMSIS_RTOS_V2/cmsis_os2.c.obj
                0x08004988                vApplicationGetIdleTaskMemory
 .text.vApplicationGetTimerTaskMemory
                0x080049a0       0x18 CMakeFiles/RMC_Code.elf.dir/Middlewares/Third_Party/FreeRTOS/Source/CMSIS_RTOS_V2/cmsis_os2.c.obj
                0x080049a0                vApplicationGetTimerTaskMemory
 .text.vListInitialise
                0x080049b8       0x16 CMakeFiles/RMC_Code.elf.dir/Middlewares/Third_Party/FreeRTOS/Source/list.c.obj
                0x080049b8                vListInitialise
 .text.vListInitialiseItem
                0x080049ce        0x6 CMakeFiles/RMC_Code.elf.dir/Middlewares/Third_Party/FreeRTOS/Source/list.c.obj
                0x080049ce                vListInitialiseItem
 .text.vListInsertEnd
                0x080049d4       0x16 CMakeFiles/RMC_Code.elf.dir/Middlewares/Third_Party/FreeRTOS/Source/list.c.obj
                0x080049d4                vListInsertEnd
 .text.vListInsert
                0x080049ea       0x32 CMakeFiles/RMC_Code.elf.dir/Middlewares/Third_Party/FreeRTOS/Source/list.c.obj
                0x080049ea                vListInsert
 .text.uxListRemove
                0x08004a1c       0x26 CMakeFiles/RMC_Code.elf.dir/Middlewares/Third_Party/FreeRTOS/Source/list.c.obj
                0x08004a1c                uxListRemove
 *fill*         0x08004a42        0x2 
 .text.prvTaskExitError
                0x08004a44       0x40 CMakeFiles/RMC_Code.elf.dir/Middlewares/Third_Party/FreeRTOS/Source/portable/GCC/ARM_CM4F/port.c.obj
 .text.prvPortStartFirstTask
                0x08004a84       0x28 CMakeFiles/RMC_Code.elf.dir/Middlewares/Third_Party/FreeRTOS/Source/portable/GCC/ARM_CM4F/port.c.obj
 .text.vPortEnableVFP
                0x08004aac       0x14 CMakeFiles/RMC_Code.elf.dir/Middlewares/Third_Party/FreeRTOS/Source/portable/GCC/ARM_CM4F/port.c.obj
 .text.pxPortInitialiseStack
                0x08004ac0       0x2c CMakeFiles/RMC_Code.elf.dir/Middlewares/Third_Party/FreeRTOS/Source/portable/GCC/ARM_CM4F/port.c.obj
                0x08004ac0                pxPortInitialiseStack
 *fill*         0x08004aec        0x4 
 .text.SVC_Handler
                0x08004af0       0x24 CMakeFiles/RMC_Code.elf.dir/Middlewares/Third_Party/FreeRTOS/Source/portable/GCC/ARM_CM4F/port.c.obj
                0x08004af0                SVC_Handler
 .text.vPortEnterCritical
                0x08004b14       0x44 CMakeFiles/RMC_Code.elf.dir/Middlewares/Third_Party/FreeRTOS/Source/portable/GCC/ARM_CM4F/port.c.obj
                0x08004b14                vPortEnterCritical
 .text.vPortExitCritical
                0x08004b58       0x2c CMakeFiles/RMC_Code.elf.dir/Middlewares/Third_Party/FreeRTOS/Source/portable/GCC/ARM_CM4F/port.c.obj
                0x08004b58                vPortExitCritical
 *fill*         0x08004b84        0xc 
 .text.PendSV_Handler
                0x08004b90       0x64 CMakeFiles/RMC_Code.elf.dir/Middlewares/Third_Party/FreeRTOS/Source/portable/GCC/ARM_CM4F/port.c.obj
                0x08004b90                PendSV_Handler
 .text.SysTick_Handler
                0x08004bf4       0x2c CMakeFiles/RMC_Code.elf.dir/Middlewares/Third_Party/FreeRTOS/Source/portable/GCC/ARM_CM4F/port.c.obj
                0x08004bf4                SysTick_Handler
 .text.vPortSetupTimerInterrupt
                0x08004c20       0x38 CMakeFiles/RMC_Code.elf.dir/Middlewares/Third_Party/FreeRTOS/Source/portable/GCC/ARM_CM4F/port.c.obj
                0x08004c20                vPortSetupTimerInterrupt
 .text.xPortStartScheduler
                0x08004c58      0x110 CMakeFiles/RMC_Code.elf.dir/Middlewares/Third_Party/FreeRTOS/Source/portable/GCC/ARM_CM4F/port.c.obj
                0x08004c58                xPortStartScheduler
 .text.vPortValidateInterruptPriority
                0x08004d68       0x5c CMakeFiles/RMC_Code.elf.dir/Middlewares/Third_Party/FreeRTOS/Source/portable/GCC/ARM_CM4F/port.c.obj
                0x08004d68                vPortValidateInterruptPriority
 .text.prvHeapInit
                0x08004dc4       0x64 CMakeFiles/RMC_Code.elf.dir/Middlewares/Third_Party/FreeRTOS/Source/portable/MemMang/heap_4.c.obj
 .text.prvInsertBlockIntoFreeList
                0x08004e28       0x58 CMakeFiles/RMC_Code.elf.dir/Middlewares/Third_Party/FreeRTOS/Source/portable/MemMang/heap_4.c.obj
 .text.pvPortMalloc
                0x08004e80       0xf0 CMakeFiles/RMC_Code.elf.dir/Middlewares/Third_Party/FreeRTOS/Source/portable/MemMang/heap_4.c.obj
                0x08004e80                pvPortMalloc
 .text.vPortFree
                0x08004f70       0x70 CMakeFiles/RMC_Code.elf.dir/Middlewares/Third_Party/FreeRTOS/Source/portable/MemMang/heap_4.c.obj
                0x08004f70                vPortFree
 .text.prvIsQueueFull
                0x08004fe0       0x1e CMakeFiles/RMC_Code.elf.dir/Middlewares/Third_Party/FreeRTOS/Source/queue.c.obj
 .text.prvIsQueueEmpty
                0x08004ffe       0x1a CMakeFiles/RMC_Code.elf.dir/Middlewares/Third_Party/FreeRTOS/Source/queue.c.obj
 .text.prvCopyDataToQueue
                0x08005018       0x76 CMakeFiles/RMC_Code.elf.dir/Middlewares/Third_Party/FreeRTOS/Source/queue.c.obj
 .text.prvCopyDataFromQueue
                0x0800508e       0x24 CMakeFiles/RMC_Code.elf.dir/Middlewares/Third_Party/FreeRTOS/Source/queue.c.obj
 .text.prvUnlockQueue
                0x080050b2       0x6e CMakeFiles/RMC_Code.elf.dir/Middlewares/Third_Party/FreeRTOS/Source/queue.c.obj
 .text.xQueueGenericReset
                0x08005120       0x84 CMakeFiles/RMC_Code.elf.dir/Middlewares/Third_Party/FreeRTOS/Source/queue.c.obj
                0x08005120                xQueueGenericReset
 .text.prvInitialiseNewQueue
                0x080051a4       0x22 CMakeFiles/RMC_Code.elf.dir/Middlewares/Third_Party/FreeRTOS/Source/queue.c.obj
 .text.xQueueGenericCreateStatic
                0x080051c6       0x94 CMakeFiles/RMC_Code.elf.dir/Middlewares/Third_Party/FreeRTOS/Source/queue.c.obj
                0x080051c6                xQueueGenericCreateStatic
 *fill*         0x0800525a        0x2 
 .text.xQueueGenericSend
                0x0800525c      0x180 CMakeFiles/RMC_Code.elf.dir/Middlewares/Third_Party/FreeRTOS/Source/queue.c.obj
                0x0800525c                xQueueGenericSend
 .text.xQueueGenericSendFromISR
                0x080053dc       0xce CMakeFiles/RMC_Code.elf.dir/Middlewares/Third_Party/FreeRTOS/Source/queue.c.obj
                0x080053dc                xQueueGenericSendFromISR
 *fill*         0x080054aa        0x2 
 .text.xQueueReceive
                0x080054ac      0x15c CMakeFiles/RMC_Code.elf.dir/Middlewares/Third_Party/FreeRTOS/Source/queue.c.obj
                0x080054ac                xQueueReceive
 .text.vQueueAddToRegistry
                0x08005608       0x28 CMakeFiles/RMC_Code.elf.dir/Middlewares/Third_Party/FreeRTOS/Source/queue.c.obj
                0x08005608                vQueueAddToRegistry
 .text.vQueueWaitForMessageRestricted
                0x08005630       0x52 CMakeFiles/RMC_Code.elf.dir/Middlewares/Third_Party/FreeRTOS/Source/queue.c.obj
                0x08005630                vQueueWaitForMessageRestricted
 *fill*         0x08005682        0x2 
 .text.prvResetNextTaskUnblockTime
                0x08005684       0x2c CMakeFiles/RMC_Code.elf.dir/Middlewares/Third_Party/FreeRTOS/Source/tasks.c.obj
 .text.prvInitialiseNewTask
                0x080056b0       0x9a CMakeFiles/RMC_Code.elf.dir/Middlewares/Third_Party/FreeRTOS/Source/tasks.c.obj
 *fill*         0x0800574a        0x2 
 .text.prvInitialiseTaskLists
                0x0800574c       0x68 CMakeFiles/RMC_Code.elf.dir/Middlewares/Third_Party/FreeRTOS/Source/tasks.c.obj
 .text.prvAddNewTaskToReadyList
                0x080057b4       0xac CMakeFiles/RMC_Code.elf.dir/Middlewares/Third_Party/FreeRTOS/Source/tasks.c.obj
 .text.prvDeleteTCB
                0x08005860       0x38 CMakeFiles/RMC_Code.elf.dir/Middlewares/Third_Party/FreeRTOS/Source/tasks.c.obj
 .text.prvCheckTasksWaitingTermination
                0x08005898       0x4c CMakeFiles/RMC_Code.elf.dir/Middlewares/Third_Party/FreeRTOS/Source/tasks.c.obj
 .text.prvIdleTask
                0x080058e4       0x28 CMakeFiles/RMC_Code.elf.dir/Middlewares/Third_Party/FreeRTOS/Source/tasks.c.obj
 .text.prvAddCurrentTaskToDelayedList
                0x0800590c       0x7c CMakeFiles/RMC_Code.elf.dir/Middlewares/Third_Party/FreeRTOS/Source/tasks.c.obj
 .text.xTaskCreateStatic
                0x08005988       0x74 CMakeFiles/RMC_Code.elf.dir/Middlewares/Third_Party/FreeRTOS/Source/tasks.c.obj
                0x08005988                xTaskCreateStatic
 .text.xTaskCreate
                0x080059fc       0x68 CMakeFiles/RMC_Code.elf.dir/Middlewares/Third_Party/FreeRTOS/Source/tasks.c.obj
                0x080059fc                xTaskCreate
 .text.vTaskStartScheduler
                0x08005a64       0x94 CMakeFiles/RMC_Code.elf.dir/Middlewares/Third_Party/FreeRTOS/Source/tasks.c.obj
                0x08005a64                vTaskStartScheduler
 .text.vTaskSuspendAll
                0x08005af8       0x10 CMakeFiles/RMC_Code.elf.dir/Middlewares/Third_Party/FreeRTOS/Source/tasks.c.obj
                0x08005af8                vTaskSuspendAll
 .text.xTaskGetTickCount
                0x08005b08        0xc CMakeFiles/RMC_Code.elf.dir/Middlewares/Third_Party/FreeRTOS/Source/tasks.c.obj
                0x08005b08                xTaskGetTickCount
 .text.xTaskIncrementTick
                0x08005b14      0x118 CMakeFiles/RMC_Code.elf.dir/Middlewares/Third_Party/FreeRTOS/Source/tasks.c.obj
                0x08005b14                xTaskIncrementTick
 .text.xTaskResumeAll
                0x08005c2c       0xf8 CMakeFiles/RMC_Code.elf.dir/Middlewares/Third_Party/FreeRTOS/Source/tasks.c.obj
                0x08005c2c                xTaskResumeAll
 .text.vTaskDelay
                0x08005d24       0x4c CMakeFiles/RMC_Code.elf.dir/Middlewares/Third_Party/FreeRTOS/Source/tasks.c.obj
                0x08005d24                vTaskDelay
 .text.vTaskSwitchContext
                0x08005d70       0x98 CMakeFiles/RMC_Code.elf.dir/Middlewares/Third_Party/FreeRTOS/Source/tasks.c.obj
                0x08005d70                vTaskSwitchContext
 .text.vTaskPlaceOnEventList
                0x08005e08       0x30 CMakeFiles/RMC_Code.elf.dir/Middlewares/Third_Party/FreeRTOS/Source/tasks.c.obj
                0x08005e08                vTaskPlaceOnEventList
 .text.vTaskPlaceOnEventListRestricted
                0x08005e38       0x38 CMakeFiles/RMC_Code.elf.dir/Middlewares/Third_Party/FreeRTOS/Source/tasks.c.obj
                0x08005e38                vTaskPlaceOnEventListRestricted
 .text.xTaskRemoveFromEventList
                0x08005e70       0x8c CMakeFiles/RMC_Code.elf.dir/Middlewares/Third_Party/FreeRTOS/Source/tasks.c.obj
                0x08005e70                xTaskRemoveFromEventList
 .text.vTaskInternalSetTimeOutState
                0x08005efc       0x18 CMakeFiles/RMC_Code.elf.dir/Middlewares/Third_Party/FreeRTOS/Source/tasks.c.obj
                0x08005efc                vTaskInternalSetTimeOutState
 .text.xTaskCheckForTimeOut
                0x08005f14       0x84 CMakeFiles/RMC_Code.elf.dir/Middlewares/Third_Party/FreeRTOS/Source/tasks.c.obj
                0x08005f14                xTaskCheckForTimeOut
 .text.vTaskMissedYield
                0x08005f98        0xc CMakeFiles/RMC_Code.elf.dir/Middlewares/Third_Party/FreeRTOS/Source/tasks.c.obj
                0x08005f98                vTaskMissedYield
 .text.xTaskGetSchedulerState
                0x08005fa4       0x20 CMakeFiles/RMC_Code.elf.dir/Middlewares/Third_Party/FreeRTOS/Source/tasks.c.obj
                0x08005fa4                xTaskGetSchedulerState
 .text.xTaskPriorityDisinherit
                0x08005fc4       0x90 CMakeFiles/RMC_Code.elf.dir/Middlewares/Third_Party/FreeRTOS/Source/tasks.c.obj
                0x08005fc4                xTaskPriorityDisinherit
 .text.prvGetNextExpireTime
                0x08006054       0x20 CMakeFiles/RMC_Code.elf.dir/Middlewares/Third_Party/FreeRTOS/Source/timers.c.obj
 .text.prvInsertTimerInActiveList
                0x08006074       0x48 CMakeFiles/RMC_Code.elf.dir/Middlewares/Third_Party/FreeRTOS/Source/timers.c.obj
 .text.prvCheckForValidListAndQueue
                0x080060bc       0x70 CMakeFiles/RMC_Code.elf.dir/Middlewares/Third_Party/FreeRTOS/Source/timers.c.obj
 .text.xTimerCreateTimerTask
                0x0800612c       0x64 CMakeFiles/RMC_Code.elf.dir/Middlewares/Third_Party/FreeRTOS/Source/timers.c.obj
                0x0800612c                xTimerCreateTimerTask
 .text.xTimerGenericCommand
                0x08006190       0x6c CMakeFiles/RMC_Code.elf.dir/Middlewares/Third_Party/FreeRTOS/Source/timers.c.obj
                0x08006190                xTimerGenericCommand
 .text.prvSwitchTimerLists
                0x080061fc       0x7c CMakeFiles/RMC_Code.elf.dir/Middlewares/Third_Party/FreeRTOS/Source/timers.c.obj
 .text.prvSampleTimeNow
                0x08006278       0x2c CMakeFiles/RMC_Code.elf.dir/Middlewares/Third_Party/FreeRTOS/Source/timers.c.obj
 .text.prvProcessExpiredTimer
                0x080062a4       0x6c CMakeFiles/RMC_Code.elf.dir/Middlewares/Third_Party/FreeRTOS/Source/timers.c.obj
 .text.prvProcessTimerOrBlockTask
                0x08006310       0x74 CMakeFiles/RMC_Code.elf.dir/Middlewares/Third_Party/FreeRTOS/Source/timers.c.obj
 .text.prvProcessReceivedCommands
                0x08006384      0x10c CMakeFiles/RMC_Code.elf.dir/Middlewares/Third_Party/FreeRTOS/Source/timers.c.obj
 .text.prvTimerTask
                0x08006490       0x16 CMakeFiles/RMC_Code.elf.dir/Middlewares/Third_Party/FreeRTOS/Source/timers.c.obj
 *fill*         0x080064a6        0x2 
 .text.MX_CAN1_Init
                0x080064a8       0x40 CMakeFiles/RMC_Code.elf.dir/Src/can.c.obj
                0x080064a8                MX_CAN1_Init
 .text.MX_CAN2_Init
                0x080064e8       0x40 CMakeFiles/RMC_Code.elf.dir/Src/can.c.obj
                0x080064e8                MX_CAN2_Init
 .text.HAL_CAN_MspInit
                0x08006528      0x128 CMakeFiles/RMC_Code.elf.dir/Src/can.c.obj
                0x08006528                HAL_CAN_MspInit
 .text.can_filter_init
                0x08006650       0x5c CMakeFiles/RMC_Code.elf.dir/Src/can.c.obj
                0x08006650                can_filter_init
 .text.MX_DMA_Init
                0x080066ac       0x88 CMakeFiles/RMC_Code.elf.dir/Src/dma.c.obj
                0x080066ac                MX_DMA_Init
 .text.ChassisTask_callback
                0x08006734       0x1c CMakeFiles/RMC_Code.elf.dir/Src/freertos.c.obj
                0x08006734                ChassisTask_callback
 .text.Arm_Gimbal_Task_callback
                0x08006750        0xa CMakeFiles/RMC_Code.elf.dir/Src/freertos.c.obj
                0x08006750                Arm_Gimbal_Task_callback
 .text.RemoteTask_callback
                0x0800675a        0x8 CMakeFiles/RMC_Code.elf.dir/Src/freertos.c.obj
                0x0800675a                RemoteTask_callback
 *fill*         0x08006762        0x2 
 .text.MX_FREERTOS_Init
                0x08006764       0x54 CMakeFiles/RMC_Code.elf.dir/Src/freertos.c.obj
                0x08006764                MX_FREERTOS_Init
 .text.MX_GPIO_Init
                0x080067b8      0x16c CMakeFiles/RMC_Code.elf.dir/Src/gpio.c.obj
                0x080067b8                MX_GPIO_Init
 .text.MX_I2C3_Init
                0x08006924       0x3c CMakeFiles/RMC_Code.elf.dir/Src/i2c.c.obj
                0x08006924                MX_I2C3_Init
 .text.HAL_I2C_MspInit
                0x08006960       0xb4 CMakeFiles/RMC_Code.elf.dir/Src/i2c.c.obj
                0x08006960                HAL_I2C_MspInit
 .text.SystemClock_Config
                0x08006a14       0x98 CMakeFiles/RMC_Code.elf.dir/Src/main.c.obj
                0x08006a14                SystemClock_Config
 .text.main     0x08006aac       0x78 CMakeFiles/RMC_Code.elf.dir/Src/main.c.obj
                0x08006aac                main
 .text.HAL_TIM_PeriodElapsedCallback
                0x08006b24       0x28 CMakeFiles/RMC_Code.elf.dir/Src/main.c.obj
                0x08006b24                HAL_TIM_PeriodElapsedCallback
 .text.Error_Handler
                0x08006b4c        0x2 CMakeFiles/RMC_Code.elf.dir/Src/main.c.obj
                0x08006b4c                Error_Handler
 *fill*         0x08006b4e        0x2 
 .text.MX_SPI1_Init
                0x08006b50       0x48 CMakeFiles/RMC_Code.elf.dir/Src/spi.c.obj
                0x08006b50                MX_SPI1_Init
 .text.HAL_SPI_MspInit
                0x08006b98       0xf0 CMakeFiles/RMC_Code.elf.dir/Src/spi.c.obj
                0x08006b98                HAL_SPI_MspInit
 .text.HAL_MspInit
                0x08006c88       0x44 CMakeFiles/RMC_Code.elf.dir/Src/stm32f4xx_hal_msp.c.obj
                0x08006c88                HAL_MspInit
 .text.HAL_InitTick
                0x08006ccc       0x78 CMakeFiles/RMC_Code.elf.dir/Src/stm32f4xx_hal_timebase_tim.c.obj
                0x08006ccc                HAL_InitTick
 .text.NMI_Handler
                0x08006d44        0x2 CMakeFiles/RMC_Code.elf.dir/Src/stm32f4xx_it.c.obj
                0x08006d44                NMI_Handler
 .text.HardFault_Handler
                0x08006d46        0x2 CMakeFiles/RMC_Code.elf.dir/Src/stm32f4xx_it.c.obj
                0x08006d46                HardFault_Handler
 .text.MemManage_Handler
                0x08006d48        0x2 CMakeFiles/RMC_Code.elf.dir/Src/stm32f4xx_it.c.obj
                0x08006d48                MemManage_Handler
 .text.BusFault_Handler
                0x08006d4a        0x2 CMakeFiles/RMC_Code.elf.dir/Src/stm32f4xx_it.c.obj
                0x08006d4a                BusFault_Handler
 .text.UsageFault_Handler
                0x08006d4c        0x2 CMakeFiles/RMC_Code.elf.dir/Src/stm32f4xx_it.c.obj
                0x08006d4c                UsageFault_Handler
 .text.DebugMon_Handler
                0x08006d4e        0x2 CMakeFiles/RMC_Code.elf.dir/Src/stm32f4xx_it.c.obj
                0x08006d4e                DebugMon_Handler
 .text.DMA1_Stream1_IRQHandler
                0x08006d50       0x10 CMakeFiles/RMC_Code.elf.dir/Src/stm32f4xx_it.c.obj
                0x08006d50                DMA1_Stream1_IRQHandler
 .text.CAN1_RX0_IRQHandler
                0x08006d60       0x10 CMakeFiles/RMC_Code.elf.dir/Src/stm32f4xx_it.c.obj
                0x08006d60                CAN1_RX0_IRQHandler
 .text.TIM2_IRQHandler
                0x08006d70       0x10 CMakeFiles/RMC_Code.elf.dir/Src/stm32f4xx_it.c.obj
                0x08006d70                TIM2_IRQHandler
 .text.TIM8_TRG_COM_TIM14_IRQHandler
                0x08006d80       0x18 CMakeFiles/RMC_Code.elf.dir/Src/stm32f4xx_it.c.obj
                0x08006d80                TIM8_TRG_COM_TIM14_IRQHandler
 .text.DMA2_Stream2_IRQHandler
                0x08006d98       0x10 CMakeFiles/RMC_Code.elf.dir/Src/stm32f4xx_it.c.obj
                0x08006d98                DMA2_Stream2_IRQHandler
 .text.DMA2_Stream3_IRQHandler
                0x08006da8       0x10 CMakeFiles/RMC_Code.elf.dir/Src/stm32f4xx_it.c.obj
                0x08006da8                DMA2_Stream3_IRQHandler
 .text.CAN2_RX0_IRQHandler
                0x08006db8       0x10 CMakeFiles/RMC_Code.elf.dir/Src/stm32f4xx_it.c.obj
                0x08006db8                CAN2_RX0_IRQHandler
 .text.DMA2_Stream5_IRQHandler
                0x08006dc8       0x10 CMakeFiles/RMC_Code.elf.dir/Src/stm32f4xx_it.c.obj
                0x08006dc8                DMA2_Stream5_IRQHandler
 .text.DMA2_Stream7_IRQHandler
                0x08006dd8       0x10 CMakeFiles/RMC_Code.elf.dir/Src/stm32f4xx_it.c.obj
                0x08006dd8                DMA2_Stream7_IRQHandler
 .text._sbrk    0x08006de8       0x3c CMakeFiles/RMC_Code.elf.dir/Src/syscalls.c.obj
                0x08006de8                _sbrk
 .text.SystemInit
                0x08006e24       0x4c CMakeFiles/RMC_Code.elf.dir/Src/system_stm32f4xx.c.obj
                0x08006e24                SystemInit
 .text.MX_TIM14_Init
                0x08006e70       0x34 CMakeFiles/RMC_Code.elf.dir/Src/tim.c.obj
                0x08006e70                MX_TIM14_Init
 .text.HAL_TIM_Base_MspInit
                0x08006ea4       0xe0 CMakeFiles/RMC_Code.elf.dir/Src/tim.c.obj
                0x08006ea4                HAL_TIM_Base_MspInit
 .text.HAL_TIM_MspPostInit
                0x08006f84      0x128 CMakeFiles/RMC_Code.elf.dir/Src/tim.c.obj
                0x08006f84                HAL_TIM_MspPostInit
 .text.MX_TIM1_Init
                0x080070ac      0x124 CMakeFiles/RMC_Code.elf.dir/Src/tim.c.obj
                0x080070ac                MX_TIM1_Init
 .text.MX_TIM5_Init
                0x080071d0       0xd8 CMakeFiles/RMC_Code.elf.dir/Src/tim.c.obj
                0x080071d0                MX_TIM5_Init
 .text.MX_TIM8_Init
                0x080072a8      0x124 CMakeFiles/RMC_Code.elf.dir/Src/tim.c.obj
                0x080072a8                MX_TIM8_Init
 .text.MX_TIM10_Init
                0x080073cc       0x74 CMakeFiles/RMC_Code.elf.dir/Src/tim.c.obj
                0x080073cc                MX_TIM10_Init
 .text.MX_USART1_UART_Init
                0x08007440       0x34 CMakeFiles/RMC_Code.elf.dir/Src/usart.c.obj
                0x08007440                MX_USART1_UART_Init
 .text.MX_USART3_UART_Init
                0x08007474       0x38 CMakeFiles/RMC_Code.elf.dir/Src/usart.c.obj
                0x08007474                MX_USART3_UART_Init
 .text.HAL_UART_MspInit
                0x080074ac      0x1a0 CMakeFiles/RMC_Code.elf.dir/Src/usart.c.obj
                0x080074ac                HAL_UART_MspInit
 .text.Reset_Handler
                0x0800764c       0x50 CMakeFiles/RMC_Code.elf.dir/startup/startup_stm32f407xx.s.obj
                0x0800764c                Reset_Handler
 .text.Default_Handler
                0x0800769c        0x2 CMakeFiles/RMC_Code.elf.dir/startup/startup_stm32f407xx.s.obj
                0x0800769c                RTC_Alarm_IRQHandler
                0x0800769c                HASH_RNG_IRQHandler
                0x0800769c                EXTI2_IRQHandler
                0x0800769c                TIM8_CC_IRQHandler
                0x0800769c                TIM1_CC_IRQHandler
                0x0800769c                DMA1_Stream5_IRQHandler
                0x0800769c                PVD_IRQHandler
                0x0800769c                SDIO_IRQHandler
                0x0800769c                TAMP_STAMP_IRQHandler
                0x0800769c                CAN2_RX1_IRQHandler
                0x0800769c                EXTI3_IRQHandler
                0x0800769c                TIM1_UP_TIM10_IRQHandler
                0x0800769c                TIM8_UP_TIM13_IRQHandler
                0x0800769c                I2C3_ER_IRQHandler
                0x0800769c                EXTI0_IRQHandler
                0x0800769c                I2C2_EV_IRQHandler
                0x0800769c                DMA1_Stream2_IRQHandler
                0x0800769c                FPU_IRQHandler
                0x0800769c                OTG_HS_WKUP_IRQHandler
                0x0800769c                CAN2_SCE_IRQHandler
                0x0800769c                SPI1_IRQHandler
                0x0800769c                TIM6_DAC_IRQHandler
                0x0800769c                TIM1_BRK_TIM9_IRQHandler
                0x0800769c                DCMI_IRQHandler
                0x0800769c                USART6_IRQHandler
                0x0800769c                CAN1_RX1_IRQHandler
                0x0800769c                UART5_IRQHandler
                0x0800769c                DMA2_Stream0_IRQHandler
                0x0800769c                TIM4_IRQHandler
                0x0800769c                I2C1_EV_IRQHandler
                0x0800769c                DMA1_Stream6_IRQHandler
                0x0800769c                UART4_IRQHandler
                0x0800769c                TIM3_IRQHandler
                0x0800769c                RCC_IRQHandler
                0x0800769c                TIM8_BRK_TIM12_IRQHandler
                0x0800769c                Default_Handler
                0x0800769c                EXTI15_10_IRQHandler
                0x0800769c                ADC_IRQHandler
                0x0800769c                DMA1_Stream7_IRQHandler
                0x0800769c                TIM7_IRQHandler
                0x0800769c                CAN2_TX_IRQHandler
                0x0800769c                TIM5_IRQHandler
                0x0800769c                I2C3_EV_IRQHandler
                0x0800769c                EXTI9_5_IRQHandler
                0x0800769c                RTC_WKUP_IRQHandler
                0x0800769c                ETH_WKUP_IRQHandler
                0x0800769c                SPI2_IRQHandler
                0x0800769c                OTG_HS_EP1_IN_IRQHandler
                0x0800769c                DMA1_Stream0_IRQHandler
                0x0800769c                CAN1_TX_IRQHandler
                0x0800769c                EXTI4_IRQHandler
                0x0800769c                FSMC_IRQHandler
                0x0800769c                ETH_IRQHandler
                0x0800769c                OTG_HS_EP1_OUT_IRQHandler
                0x0800769c                WWDG_IRQHandler
                0x0800769c                OTG_FS_WKUP_IRQHandler
                0x0800769c                TIM1_TRG_COM_TIM11_IRQHandler
                0x0800769c                OTG_HS_IRQHandler
                0x0800769c                EXTI1_IRQHandler
                0x0800769c                USART2_IRQHandler
                0x0800769c                I2C2_ER_IRQHandler
                0x0800769c                DMA2_Stream1_IRQHandler
                0x0800769c                CAN1_SCE_IRQHandler
                0x0800769c                FLASH_IRQHandler
                0x0800769c                DMA2_Stream4_IRQHandler
                0x0800769c                USART1_IRQHandler
                0x0800769c                OTG_FS_IRQHandler
                0x0800769c                SPI3_IRQHandler
                0x0800769c                DMA1_Stream4_IRQHandler
                0x0800769c                I2C1_ER_IRQHandler
                0x0800769c                DMA2_Stream6_IRQHandler
                0x0800769c                DMA1_Stream3_IRQHandler
 *fill*         0x0800769e        0x2 
 .text.__errno  0x080076a0        0xc d:/program files (x86)/gnu tools arm embedded/9 2019-q4-major/bin/../lib/gcc/arm-none-eabi/9.2.1/../../../../arm-none-eabi/lib/thumb/v7e-m+fp/hard\libg.a(lib_a-errno.o)
                0x080076a0                __errno
 .text.__libc_init_array
                0x080076ac       0x48 d:/program files (x86)/gnu tools arm embedded/9 2019-q4-major/bin/../lib/gcc/arm-none-eabi/9.2.1/../../../../arm-none-eabi/lib/thumb/v7e-m+fp/hard\libg.a(lib_a-init.o)
                0x080076ac                __libc_init_array
 .text.malloc   0x080076f4       0x10 d:/program files (x86)/gnu tools arm embedded/9 2019-q4-major/bin/../lib/gcc/arm-none-eabi/9.2.1/../../../../arm-none-eabi/lib/thumb/v7e-m+fp/hard\libg.a(lib_a-malloc.o)
                0x080076f4                malloc
 .text._malloc_r
                0x08007704      0x574 d:/program files (x86)/gnu tools arm embedded/9 2019-q4-major/bin/../lib/gcc/arm-none-eabi/9.2.1/../../../../arm-none-eabi/lib/thumb/v7e-m+fp/hard\libg.a(lib_a-mallocr.o)
                0x08007704                _malloc_r
 .text.memset   0x08007c78       0xa0 d:/program files (x86)/gnu tools arm embedded/9 2019-q4-major/bin/../lib/gcc/arm-none-eabi/9.2.1/../../../../arm-none-eabi/lib/thumb/v7e-m+fp/hard\libg.a(lib_a-memset.o)
                0x08007c78                memset
 .text.__malloc_lock
                0x08007d18        0xc d:/program files (x86)/gnu tools arm embedded/9 2019-q4-major/bin/../lib/gcc/arm-none-eabi/9.2.1/../../../../arm-none-eabi/lib/thumb/v7e-m+fp/hard\libg.a(lib_a-mlock.o)
                0x08007d18                __malloc_lock
 .text.__malloc_unlock
                0x08007d24        0xc d:/program files (x86)/gnu tools arm embedded/9 2019-q4-major/bin/../lib/gcc/arm-none-eabi/9.2.1/../../../../arm-none-eabi/lib/thumb/v7e-m+fp/hard\libg.a(lib_a-mlock.o)
                0x08007d24                __malloc_unlock
 .text._sbrk_r  0x08007d30       0x24 d:/program files (x86)/gnu tools arm embedded/9 2019-q4-major/bin/../lib/gcc/arm-none-eabi/9.2.1/../../../../arm-none-eabi/lib/thumb/v7e-m+fp/hard\libg.a(lib_a-sbrkr.o)
                0x08007d30                _sbrk_r
 .text.startup.register_fini
                0x08007d54       0x14 d:/program files (x86)/gnu tools arm embedded/9 2019-q4-major/bin/../lib/gcc/arm-none-eabi/9.2.1/../../../../arm-none-eabi/lib/thumb/v7e-m+fp/hard\libg.a(lib_a-__call_atexit.o)
 .text.atexit   0x08007d68        0xc d:/program files (x86)/gnu tools arm embedded/9 2019-q4-major/bin/../lib/gcc/arm-none-eabi/9.2.1/../../../../arm-none-eabi/lib/thumb/v7e-m+fp/hard\libg.a(lib_a-atexit.o)
                0x08007d68                atexit
 .text.__libc_fini_array
                0x08007d74       0x2c d:/program files (x86)/gnu tools arm embedded/9 2019-q4-major/bin/../lib/gcc/arm-none-eabi/9.2.1/../../../../arm-none-eabi/lib/thumb/v7e-m+fp/hard\libg.a(lib_a-fini.o)
                0x08007d74                __libc_fini_array
 .text._malloc_trim_r
                0x08007da0       0xa0 d:/program files (x86)/gnu tools arm embedded/9 2019-q4-major/bin/../lib/gcc/arm-none-eabi/9.2.1/../../../../arm-none-eabi/lib/thumb/v7e-m+fp/hard\libg.a(lib_a-freer.o)
                0x08007da0                _malloc_trim_r
 .text._free_r  0x08007e40      0x208 d:/program files (x86)/gnu tools arm embedded/9 2019-q4-major/bin/../lib/gcc/arm-none-eabi/9.2.1/../../../../arm-none-eabi/lib/thumb/v7e-m+fp/hard\libg.a(lib_a-freer.o)
                0x08007e40                _free_r
 .text.__retarget_lock_acquire_recursive
                0x08008048        0x4 d:/program files (x86)/gnu tools arm embedded/9 2019-q4-major/bin/../lib/gcc/arm-none-eabi/9.2.1/../../../../arm-none-eabi/lib/thumb/v7e-m+fp/hard\libg.a(lib_a-lock.o)
                0x08008048                __retarget_lock_acquire_recursive
 .text.__retarget_lock_release_recursive
                0x0800804c        0x4 d:/program files (x86)/gnu tools arm embedded/9 2019-q4-major/bin/../lib/gcc/arm-none-eabi/9.2.1/../../../../arm-none-eabi/lib/thumb/v7e-m+fp/hard\libg.a(lib_a-lock.o)
                0x0800804c                __retarget_lock_release_recursive
 .text.__register_exitproc
                0x08008050       0x8c d:/program files (x86)/gnu tools arm embedded/9 2019-q4-major/bin/../lib/gcc/arm-none-eabi/9.2.1/../../../../arm-none-eabi/lib/thumb/v7e-m+fp/hard\libg.a(lib_a-__atexit.o)
                0x08008050                __register_exitproc
 *(.glue_7)
 .glue_7        0x080080dc        0x0 linker stubs
 *(.glue_7t)
 .glue_7t       0x080080dc        0x0 linker stubs
 *(.eh_frame)
 .eh_frame      0x080080dc        0x0 d:/program files (x86)/gnu tools arm embedded/9 2019-q4-major/bin/../lib/gcc/arm-none-eabi/9.2.1/thumb/v7e-m+fp/hard/crtbegin.o
 *(.init)
 .init          0x080080dc        0x4 d:/program files (x86)/gnu tools arm embedded/9 2019-q4-major/bin/../lib/gcc/arm-none-eabi/9.2.1/thumb/v7e-m+fp/hard/crti.o
                0x080080dc                _init
 .init          0x080080e0        0x8 d:/program files (x86)/gnu tools arm embedded/9 2019-q4-major/bin/../lib/gcc/arm-none-eabi/9.2.1/thumb/v7e-m+fp/hard/crtn.o
 *(.fini)
 .fini          0x080080e8        0x4 d:/program files (x86)/gnu tools arm embedded/9 2019-q4-major/bin/../lib/gcc/arm-none-eabi/9.2.1/thumb/v7e-m+fp/hard/crti.o
                0x080080e8                _fini
 .fini          0x080080ec        0x8 d:/program files (x86)/gnu tools arm embedded/9 2019-q4-major/bin/../lib/gcc/arm-none-eabi/9.2.1/thumb/v7e-m+fp/hard/crtn.o
                0x080080f4                . = ALIGN (0x4)
                0x080080f4                _etext = .

.vfp11_veneer   0x080080f4        0x0
 .vfp11_veneer  0x080080f4        0x0 linker stubs

.v4_bx          0x080080f4        0x0
 .v4_bx         0x080080f4        0x0 linker stubs

.iplt           0x080080f4        0x0
 .iplt          0x080080f4        0x0 d:/program files (x86)/gnu tools arm embedded/9 2019-q4-major/bin/../lib/gcc/arm-none-eabi/9.2.1/thumb/v7e-m+fp/hard/crtbegin.o

.rodata         0x080080f4      0x10c
                0x080080f4                . = ALIGN (0x4)
 *(.rodata)
 .rodata        0x080080f4        0x8 CMakeFiles/RMC_Code.elf.dir/Drivers/Chip/BMI088driver.c.obj
 *(.rodata*)
 .rodata.write_BMI088_accel_reg_data_error
                0x080080fc       0x12 CMakeFiles/RMC_Code.elf.dir/Drivers/Chip/BMI088driver.c.obj
 *fill*         0x0800810e        0x2 
 .rodata.write_BMI088_gyro_reg_data_error
                0x08008110       0x12 CMakeFiles/RMC_Code.elf.dir/Drivers/Chip/BMI088driver.c.obj
 *fill*         0x08008122        0x2 
 .rodata.ist8310_write_reg_data_error
                0x08008124        0xc CMakeFiles/RMC_Code.elf.dir/Drivers/Chip/ist8310driver.c.obj
 .rodata.flagBitshiftOffset.8760
                0x08008130        0x8 CMakeFiles/RMC_Code.elf.dir/Drivers/STM32F4xx_HAL_Driver/Src/stm32f4xx_hal_dma.c.obj
 .rodata.vTaskStartScheduler.str1.4
                0x08008138        0x5 CMakeFiles/RMC_Code.elf.dir/Middlewares/Third_Party/FreeRTOS/Source/tasks.c.obj
 *fill*         0x0800813d        0x3 
 .rodata.prvCheckForValidListAndQueue.str1.4
                0x08008140        0x5 CMakeFiles/RMC_Code.elf.dir/Middlewares/Third_Party/FreeRTOS/Source/timers.c.obj
 *fill*         0x08008145        0x3 
 .rodata.xTimerCreateTimerTask.str1.4
                0x08008148        0x8 CMakeFiles/RMC_Code.elf.dir/Middlewares/Third_Party/FreeRTOS/Source/timers.c.obj
 .rodata.str1.4
                0x08008150       0x28 CMakeFiles/RMC_Code.elf.dir/Src/freertos.c.obj
 .rodata.Arm_Gimbal_Task_attributes
                0x08008178       0x24 CMakeFiles/RMC_Code.elf.dir/Src/freertos.c.obj
                0x08008178                Arm_Gimbal_Task_attributes
 .rodata.ChassisTask_attributes
                0x0800819c       0x24 CMakeFiles/RMC_Code.elf.dir/Src/freertos.c.obj
                0x0800819c                ChassisTask_attributes
 .rodata.RemoteTask_attributes
                0x080081c0       0x24 CMakeFiles/RMC_Code.elf.dir/Src/freertos.c.obj
                0x080081c0                RemoteTask_attributes
 .rodata.AHBPrescTable
                0x080081e4       0x10 CMakeFiles/RMC_Code.elf.dir/Src/system_stm32f4xx.c.obj
                0x080081e4                AHBPrescTable
 .rodata.APBPrescTable
                0x080081f4        0x8 CMakeFiles/RMC_Code.elf.dir/Src/system_stm32f4xx.c.obj
                0x080081f4                APBPrescTable
 .rodata._global_impure_ptr
                0x080081fc        0x4 d:/program files (x86)/gnu tools arm embedded/9 2019-q4-major/bin/../lib/gcc/arm-none-eabi/9.2.1/../../../../arm-none-eabi/lib/thumb/v7e-m+fp/hard\libg.a(lib_a-impure.o)
                0x080081fc                _global_impure_ptr
                0x08008200                . = ALIGN (0x4)

.ARM.extab      0x08008200        0x0
                0x08008200                . = ALIGN (0x4)
 *(.ARM.extab* .gnu.linkonce.armextab.*)
                0x08008200                . = ALIGN (0x4)

.ARM            0x08008200        0x8
                0x08008200                . = ALIGN (0x4)
                0x08008200                __exidx_start = .
 *(.ARM.exidx*)
 .ARM.exidx     0x08008200        0x8 d:/program files (x86)/gnu tools arm embedded/9 2019-q4-major/bin/../lib/gcc/arm-none-eabi/9.2.1/thumb/v7e-m+fp/hard\libgcc.a(_udivmoddi4.o)
                0x08008208                __exidx_end = .
                0x08008208                . = ALIGN (0x4)

.rel.dyn        0x08008208        0x0
 .rel.iplt      0x08008208        0x0 d:/program files (x86)/gnu tools arm embedded/9 2019-q4-major/bin/../lib/gcc/arm-none-eabi/9.2.1/thumb/v7e-m+fp/hard/crtbegin.o

.preinit_array  0x08008208        0x0
                0x08008208                . = ALIGN (0x4)
                0x08008208                PROVIDE (__preinit_array_start = .)
 *(.preinit_array*)
                0x08008208                PROVIDE (__preinit_array_end = .)
                0x08008208                . = ALIGN (0x4)

.init_array     0x08008208        0x8
                0x08008208                . = ALIGN (0x4)
                0x08008208                PROVIDE (__init_array_start = .)
 *(SORT_BY_NAME(.init_array.*))
 .init_array.00000
                0x08008208        0x4 d:/program files (x86)/gnu tools arm embedded/9 2019-q4-major/bin/../lib/gcc/arm-none-eabi/9.2.1/../../../../arm-none-eabi/lib/thumb/v7e-m+fp/hard\libg.a(lib_a-__call_atexit.o)
 *(.init_array*)
 .init_array    0x0800820c        0x4 d:/program files (x86)/gnu tools arm embedded/9 2019-q4-major/bin/../lib/gcc/arm-none-eabi/9.2.1/thumb/v7e-m+fp/hard/crtbegin.o
                0x08008210                PROVIDE (__init_array_end = .)
                0x08008210                . = ALIGN (0x4)

.fini_array     0x08008210        0x4
                0x08008210                . = ALIGN (0x4)
                0x08008210                PROVIDE (__fini_array_start = .)
 *(SORT_BY_NAME(.fini_array.*))
 *(.fini_array*)
 .fini_array    0x08008210        0x4 d:/program files (x86)/gnu tools arm embedded/9 2019-q4-major/bin/../lib/gcc/arm-none-eabi/9.2.1/thumb/v7e-m+fp/hard/crtbegin.o
                0x08008214                PROVIDE (__fini_array_end = .)
                0x08008214                . = ALIGN (0x4)
                0x08008214                _sidata = LOADADDR (.data)

.data           0x20000000      0x85c load address 0x08008214
                0x20000000                . = ALIGN (0x4)
                0x20000000                _sdata = .
 *(.data)
 *(.data*)
 .data.target_temp
                0x20000000        0x4 CMakeFiles/RMC_Code.elf.dir/Applications/Hardward/IMU_updata.c.obj
                0x20000000                target_temp
 .data.BMI088_ACCEL_SEN
                0x20000004        0x4 CMakeFiles/RMC_Code.elf.dir/Drivers/Chip/BMI088driver.c.obj
                0x20000004                BMI088_ACCEL_SEN
 .data.BMI088_GYRO_SEN
                0x20000008        0x4 CMakeFiles/RMC_Code.elf.dir/Drivers/Chip/BMI088driver.c.obj
                0x20000008                BMI088_GYRO_SEN
 .data.uwTickFreq
                0x2000000c        0x1 CMakeFiles/RMC_Code.elf.dir/Drivers/STM32F4xx_HAL_Driver/Src/stm32f4xx_hal.c.obj
                0x2000000c                uwTickFreq
 *fill*         0x2000000d        0x3 
 .data.uwTickPrio
                0x20000010        0x4 CMakeFiles/RMC_Code.elf.dir/Drivers/STM32F4xx_HAL_Driver/Src/stm32f4xx_hal.c.obj
                0x20000010                uwTickPrio
 .data.uxCriticalNesting
                0x20000014        0x4 CMakeFiles/RMC_Code.elf.dir/Middlewares/Third_Party/FreeRTOS/Source/portable/GCC/ARM_CM4F/port.c.obj
 .data.SystemCoreClock
                0x20000018        0x4 CMakeFiles/RMC_Code.elf.dir/Src/system_stm32f4xx.c.obj
                0x20000018                SystemCoreClock
 .data._impure_ptr
                0x2000001c        0x4 d:/program files (x86)/gnu tools arm embedded/9 2019-q4-major/bin/../lib/gcc/arm-none-eabi/9.2.1/../../../../arm-none-eabi/lib/thumb/v7e-m+fp/hard\libg.a(lib_a-impure.o)
                0x2000001c                _impure_ptr
 .data.impure_data
                0x20000020      0x428 d:/program files (x86)/gnu tools arm embedded/9 2019-q4-major/bin/../lib/gcc/arm-none-eabi/9.2.1/../../../../arm-none-eabi/lib/thumb/v7e-m+fp/hard\libg.a(lib_a-impure.o)
 .data.__malloc_av_
                0x20000448      0x408 d:/program files (x86)/gnu tools arm embedded/9 2019-q4-major/bin/../lib/gcc/arm-none-eabi/9.2.1/../../../../arm-none-eabi/lib/thumb/v7e-m+fp/hard\libg.a(lib_a-mallocr.o)
                0x20000448                __malloc_av_
 .data.__malloc_sbrk_base
                0x20000850        0x4 d:/program files (x86)/gnu tools arm embedded/9 2019-q4-major/bin/../lib/gcc/arm-none-eabi/9.2.1/../../../../arm-none-eabi/lib/thumb/v7e-m+fp/hard\libg.a(lib_a-mallocr.o)
                0x20000850                __malloc_sbrk_base
 .data.__malloc_trim_threshold
                0x20000854        0x4 d:/program files (x86)/gnu tools arm embedded/9 2019-q4-major/bin/../lib/gcc/arm-none-eabi/9.2.1/../../../../arm-none-eabi/lib/thumb/v7e-m+fp/hard\libg.a(lib_a-mallocr.o)
                0x20000854                __malloc_trim_threshold
 .data.__atexit_recursive_mutex
                0x20000858        0x4 d:/program files (x86)/gnu tools arm embedded/9 2019-q4-major/bin/../lib/gcc/arm-none-eabi/9.2.1/../../../../arm-none-eabi/lib/thumb/v7e-m+fp/hard\libg.a(lib_a-__call_atexit.o)
                0x20000858                __atexit_recursive_mutex
                0x2000085c                . = ALIGN (0x4)
                0x2000085c                _edata = .

.igot.plt       0x2000085c        0x0 load address 0x08008a70
 .igot.plt      0x2000085c        0x0 d:/program files (x86)/gnu tools arm embedded/9 2019-q4-major/bin/../lib/gcc/arm-none-eabi/9.2.1/thumb/v7e-m+fp/hard/crtbegin.o
                0x2000085c                . = ALIGN (0x4)

.bss            0x2000085c     0x50e8 load address 0x08008a70
                0x2000085c                _sbss = .
                0x2000085c                __bss_start__ = _sbss
 *(.bss)
 .bss           0x2000085c       0x1c d:/program files (x86)/gnu tools arm embedded/9 2019-q4-major/bin/../lib/gcc/arm-none-eabi/9.2.1/thumb/v7e-m+fp/hard/crtbegin.o
 *(.bss*)
 .bss.Can1_motor_data
                0x20000878       0xc0 CMakeFiles/RMC_Code.elf.dir/Applications/Hardward/CAN_receive&send.c.obj
                0x20000878                Can1_motor_data
 .bss.Can2_motor_data
                0x20000938       0xc0 CMakeFiles/RMC_Code.elf.dir/Applications/Hardward/CAN_receive&send.c.obj
                0x20000938                Can2_motor_data
 .bss.RC_data   0x200009f8       0x16 CMakeFiles/RMC_Code.elf.dir/Applications/Hardward/DBUS_remote_control.c.obj
                0x200009f8                RC_data
 *fill*         0x20000a0e        0x2 
 .bss.sbus_rx_buf
                0x20000a10       0x48 CMakeFiles/RMC_Code.elf.dir/Applications/Hardward/DBUS_remote_control.c.obj
 .bss.this_time_rx_len.8700
                0x20000a58        0x2 CMakeFiles/RMC_Code.elf.dir/Applications/Hardward/DBUS_remote_control.c.obj
 *fill*         0x20000a5a        0x2 
 .bss.IMU_data  0x20000a5c       0x28 CMakeFiles/RMC_Code.elf.dir/Applications/Hardward/IMU_updata.c.obj
                0x20000a5c                IMU_data
 .bss.IMU_tempure_pid
                0x20000a84       0x28 CMakeFiles/RMC_Code.elf.dir/Applications/Hardward/IMU_updata.c.obj
                0x20000a84                IMU_tempure_pid
 .bss.out       0x20000aac        0x4 CMakeFiles/RMC_Code.elf.dir/Applications/Hardward/IMU_updata.c.obj
                0x20000aac                out
 .bss.uwTick    0x20000ab0        0x4 CMakeFiles/RMC_Code.elf.dir/Drivers/STM32F4xx_HAL_Driver/Src/stm32f4xx_hal.c.obj
                0x20000ab0                uwTick
 .bss.Idle_Stack
                0x20000ab4      0x200 CMakeFiles/RMC_Code.elf.dir/Middlewares/Third_Party/FreeRTOS/Source/CMSIS_RTOS_V2/cmsis_os2.c.obj
 .bss.Idle_TCB  0x20000cb4       0x5c CMakeFiles/RMC_Code.elf.dir/Middlewares/Third_Party/FreeRTOS/Source/CMSIS_RTOS_V2/cmsis_os2.c.obj
 .bss.KernelState
                0x20000d10        0x4 CMakeFiles/RMC_Code.elf.dir/Middlewares/Third_Party/FreeRTOS/Source/CMSIS_RTOS_V2/cmsis_os2.c.obj
 .bss.Timer_Stack
                0x20000d14      0x400 CMakeFiles/RMC_Code.elf.dir/Middlewares/Third_Party/FreeRTOS/Source/CMSIS_RTOS_V2/cmsis_os2.c.obj
 .bss.Timer_TCB
                0x20001114       0x5c CMakeFiles/RMC_Code.elf.dir/Middlewares/Third_Party/FreeRTOS/Source/CMSIS_RTOS_V2/cmsis_os2.c.obj
 .bss.ucMaxSysCallPriority
                0x20001170        0x1 CMakeFiles/RMC_Code.elf.dir/Middlewares/Third_Party/FreeRTOS/Source/portable/GCC/ARM_CM4F/port.c.obj
 *fill*         0x20001171        0x3 
 .bss.ulMaxPRIGROUPValue
                0x20001174        0x4 CMakeFiles/RMC_Code.elf.dir/Middlewares/Third_Party/FreeRTOS/Source/portable/GCC/ARM_CM4F/port.c.obj
 .bss.pxEnd     0x20001178        0x4 CMakeFiles/RMC_Code.elf.dir/Middlewares/Third_Party/FreeRTOS/Source/portable/MemMang/heap_4.c.obj
 .bss.ucHeap    0x2000117c     0x3c00 CMakeFiles/RMC_Code.elf.dir/Middlewares/Third_Party/FreeRTOS/Source/portable/MemMang/heap_4.c.obj
 .bss.xBlockAllocatedBit
                0x20004d7c        0x4 CMakeFiles/RMC_Code.elf.dir/Middlewares/Third_Party/FreeRTOS/Source/portable/MemMang/heap_4.c.obj
 .bss.xFreeBytesRemaining
                0x20004d80        0x4 CMakeFiles/RMC_Code.elf.dir/Middlewares/Third_Party/FreeRTOS/Source/portable/MemMang/heap_4.c.obj
 .bss.xMinimumEverFreeBytesRemaining
                0x20004d84        0x4 CMakeFiles/RMC_Code.elf.dir/Middlewares/Third_Party/FreeRTOS/Source/portable/MemMang/heap_4.c.obj
 .bss.xStart    0x20004d88        0x8 CMakeFiles/RMC_Code.elf.dir/Middlewares/Third_Party/FreeRTOS/Source/portable/MemMang/heap_4.c.obj
 .bss.xQueueRegistry
                0x20004d90       0x40 CMakeFiles/RMC_Code.elf.dir/Middlewares/Third_Party/FreeRTOS/Source/queue.c.obj
                0x20004d90                xQueueRegistry
 .bss.pxCurrentTCB
                0x20004dd0        0x4 CMakeFiles/RMC_Code.elf.dir/Middlewares/Third_Party/FreeRTOS/Source/tasks.c.obj
                0x20004dd0                pxCurrentTCB
 .bss.pxDelayedTaskList
                0x20004dd4        0x4 CMakeFiles/RMC_Code.elf.dir/Middlewares/Third_Party/FreeRTOS/Source/tasks.c.obj
 .bss.pxOverflowDelayedTaskList
                0x20004dd8        0x4 CMakeFiles/RMC_Code.elf.dir/Middlewares/Third_Party/FreeRTOS/Source/tasks.c.obj
 .bss.pxReadyTasksLists
                0x20004ddc      0x460 CMakeFiles/RMC_Code.elf.dir/Middlewares/Third_Party/FreeRTOS/Source/tasks.c.obj
 .bss.uxCurrentNumberOfTasks
                0x2000523c        0x4 CMakeFiles/RMC_Code.elf.dir/Middlewares/Third_Party/FreeRTOS/Source/tasks.c.obj
 .bss.uxDeletedTasksWaitingCleanUp
                0x20005240        0x4 CMakeFiles/RMC_Code.elf.dir/Middlewares/Third_Party/FreeRTOS/Source/tasks.c.obj
 .bss.uxPendedTicks
                0x20005244        0x4 CMakeFiles/RMC_Code.elf.dir/Middlewares/Third_Party/FreeRTOS/Source/tasks.c.obj
 .bss.uxSchedulerSuspended
                0x20005248        0x4 CMakeFiles/RMC_Code.elf.dir/Middlewares/Third_Party/FreeRTOS/Source/tasks.c.obj
 .bss.uxTaskNumber
                0x2000524c        0x4 CMakeFiles/RMC_Code.elf.dir/Middlewares/Third_Party/FreeRTOS/Source/tasks.c.obj
 .bss.uxTopReadyPriority
                0x20005250        0x4 CMakeFiles/RMC_Code.elf.dir/Middlewares/Third_Party/FreeRTOS/Source/tasks.c.obj
 .bss.xDelayedTaskList1
                0x20005254       0x14 CMakeFiles/RMC_Code.elf.dir/Middlewares/Third_Party/FreeRTOS/Source/tasks.c.obj
 .bss.xDelayedTaskList2
                0x20005268       0x14 CMakeFiles/RMC_Code.elf.dir/Middlewares/Third_Party/FreeRTOS/Source/tasks.c.obj
 .bss.xNextTaskUnblockTime
                0x2000527c        0x4 CMakeFiles/RMC_Code.elf.dir/Middlewares/Third_Party/FreeRTOS/Source/tasks.c.obj
 .bss.xNumOfOverflows
                0x20005280        0x4 CMakeFiles/RMC_Code.elf.dir/Middlewares/Third_Party/FreeRTOS/Source/tasks.c.obj
 .bss.xPendingReadyList
                0x20005284       0x14 CMakeFiles/RMC_Code.elf.dir/Middlewares/Third_Party/FreeRTOS/Source/tasks.c.obj
 .bss.xSchedulerRunning
                0x20005298        0x4 CMakeFiles/RMC_Code.elf.dir/Middlewares/Third_Party/FreeRTOS/Source/tasks.c.obj
 .bss.xSuspendedTaskList
                0x2000529c       0x14 CMakeFiles/RMC_Code.elf.dir/Middlewares/Third_Party/FreeRTOS/Source/tasks.c.obj
 .bss.xTasksWaitingTermination
                0x200052b0       0x14 CMakeFiles/RMC_Code.elf.dir/Middlewares/Third_Party/FreeRTOS/Source/tasks.c.obj
 .bss.xTickCount
                0x200052c4        0x4 CMakeFiles/RMC_Code.elf.dir/Middlewares/Third_Party/FreeRTOS/Source/tasks.c.obj
 .bss.xYieldPending
                0x200052c8        0x4 CMakeFiles/RMC_Code.elf.dir/Middlewares/Third_Party/FreeRTOS/Source/tasks.c.obj
 .bss.pxCurrentTimerList
                0x200052cc        0x4 CMakeFiles/RMC_Code.elf.dir/Middlewares/Third_Party/FreeRTOS/Source/timers.c.obj
 .bss.pxOverflowTimerList
                0x200052d0        0x4 CMakeFiles/RMC_Code.elf.dir/Middlewares/Third_Party/FreeRTOS/Source/timers.c.obj
 .bss.ucStaticTimerQueueStorage.6936
                0x200052d4       0xa0 CMakeFiles/RMC_Code.elf.dir/Middlewares/Third_Party/FreeRTOS/Source/timers.c.obj
 .bss.xActiveTimerList1
                0x20005374       0x14 CMakeFiles/RMC_Code.elf.dir/Middlewares/Third_Party/FreeRTOS/Source/timers.c.obj
 .bss.xActiveTimerList2
                0x20005388       0x14 CMakeFiles/RMC_Code.elf.dir/Middlewares/Third_Party/FreeRTOS/Source/timers.c.obj
 .bss.xLastTime.6885
                0x2000539c        0x4 CMakeFiles/RMC_Code.elf.dir/Middlewares/Third_Party/FreeRTOS/Source/timers.c.obj
 .bss.xStaticTimerQueue.6935
                0x200053a0       0x50 CMakeFiles/RMC_Code.elf.dir/Middlewares/Third_Party/FreeRTOS/Source/timers.c.obj
 .bss.xTimerQueue
                0x200053f0        0x4 CMakeFiles/RMC_Code.elf.dir/Middlewares/Third_Party/FreeRTOS/Source/timers.c.obj
 .bss.xTimerTaskHandle
                0x200053f4        0x4 CMakeFiles/RMC_Code.elf.dir/Middlewares/Third_Party/FreeRTOS/Source/timers.c.obj
 .bss.HAL_RCC_CAN1_CLK_ENABLED
                0x200053f8        0x4 CMakeFiles/RMC_Code.elf.dir/Src/can.c.obj
 .bss.hcan1     0x200053fc       0x28 CMakeFiles/RMC_Code.elf.dir/Src/can.c.obj
                0x200053fc                hcan1
 .bss.hcan2     0x20005424       0x28 CMakeFiles/RMC_Code.elf.dir/Src/can.c.obj
                0x20005424                hcan2
 .bss.Arm_Gimbal_TaskHandle
                0x2000544c        0x4 CMakeFiles/RMC_Code.elf.dir/Src/freertos.c.obj
                0x2000544c                Arm_Gimbal_TaskHandle
 .bss.ChassisTaskHandle
                0x20005450        0x4 CMakeFiles/RMC_Code.elf.dir/Src/freertos.c.obj
                0x20005450                ChassisTaskHandle
 .bss.RemoteTaskHandle
                0x20005454        0x4 CMakeFiles/RMC_Code.elf.dir/Src/freertos.c.obj
                0x20005454                RemoteTaskHandle
 .bss.hi2c3     0x20005458       0x54 CMakeFiles/RMC_Code.elf.dir/Src/i2c.c.obj
                0x20005458                hi2c3
 .bss.hdma_spi1_rx
                0x200054ac       0x60 CMakeFiles/RMC_Code.elf.dir/Src/spi.c.obj
                0x200054ac                hdma_spi1_rx
 .bss.hdma_spi1_tx
                0x2000550c       0x60 CMakeFiles/RMC_Code.elf.dir/Src/spi.c.obj
                0x2000550c                hdma_spi1_tx
 .bss.hspi1     0x2000556c       0x58 CMakeFiles/RMC_Code.elf.dir/Src/spi.c.obj
                0x2000556c                hspi1
 .bss.htim2     0x200055c4       0x40 CMakeFiles/RMC_Code.elf.dir/Src/stm32f4xx_hal_timebase_tim.c.obj
                0x200055c4                htim2
 .bss.heap_end.7386
                0x20005604        0x4 CMakeFiles/RMC_Code.elf.dir/Src/syscalls.c.obj
 .bss.htim1     0x20005608       0x40 CMakeFiles/RMC_Code.elf.dir/Src/tim.c.obj
                0x20005608                htim1
 .bss.htim10    0x20005648       0x40 CMakeFiles/RMC_Code.elf.dir/Src/tim.c.obj
                0x20005648                htim10
 .bss.htim14    0x20005688       0x40 CMakeFiles/RMC_Code.elf.dir/Src/tim.c.obj
                0x20005688                htim14
 .bss.htim5     0x200056c8       0x40 CMakeFiles/RMC_Code.elf.dir/Src/tim.c.obj
                0x200056c8                htim5
 .bss.htim8     0x20005708       0x40 CMakeFiles/RMC_Code.elf.dir/Src/tim.c.obj
                0x20005708                htim8
 .bss.hdma_usart1_rx
                0x20005748       0x60 CMakeFiles/RMC_Code.elf.dir/Src/usart.c.obj
                0x20005748                hdma_usart1_rx
 .bss.hdma_usart1_tx
                0x200057a8       0x60 CMakeFiles/RMC_Code.elf.dir/Src/usart.c.obj
                0x200057a8                hdma_usart1_tx
 .bss.hdma_usart3_rx
                0x20005808       0x60 CMakeFiles/RMC_Code.elf.dir/Src/usart.c.obj
                0x20005808                hdma_usart3_rx
 .bss.huart1    0x20005868       0x40 CMakeFiles/RMC_Code.elf.dir/Src/usart.c.obj
                0x20005868                huart1
 .bss.huart3    0x200058a8       0x40 CMakeFiles/RMC_Code.elf.dir/Src/usart.c.obj
                0x200058a8                huart3
 .bss.__malloc_current_mallinfo
                0x200058e8       0x28 d:/program files (x86)/gnu tools arm embedded/9 2019-q4-major/bin/../lib/gcc/arm-none-eabi/9.2.1/../../../../arm-none-eabi/lib/thumb/v7e-m+fp/hard\libg.a(lib_a-mallocr.o)
                0x200058e8                __malloc_current_mallinfo
 .bss.__malloc_max_sbrked_mem
                0x20005910        0x4 d:/program files (x86)/gnu tools arm embedded/9 2019-q4-major/bin/../lib/gcc/arm-none-eabi/9.2.1/../../../../arm-none-eabi/lib/thumb/v7e-m+fp/hard\libg.a(lib_a-mallocr.o)
                0x20005910                __malloc_max_sbrked_mem
 .bss.__malloc_max_total_mem
                0x20005914        0x4 d:/program files (x86)/gnu tools arm embedded/9 2019-q4-major/bin/../lib/gcc/arm-none-eabi/9.2.1/../../../../arm-none-eabi/lib/thumb/v7e-m+fp/hard\libg.a(lib_a-mallocr.o)
                0x20005914                __malloc_max_total_mem
 .bss.__malloc_top_pad
                0x20005918        0x4 d:/program files (x86)/gnu tools arm embedded/9 2019-q4-major/bin/../lib/gcc/arm-none-eabi/9.2.1/../../../../arm-none-eabi/lib/thumb/v7e-m+fp/hard\libg.a(lib_a-mallocr.o)
                0x20005918                __malloc_top_pad
 *(COMMON)
 COMMON         0x2000591c       0x21 d:/program files (x86)/gnu tools arm embedded/9 2019-q4-major/bin/../lib/gcc/arm-none-eabi/9.2.1/../../../../arm-none-eabi/lib/thumb/v7e-m+fp/hard\libg.a(lib_a-lock.o)
                0x2000591c                __lock___atexit_recursive_mutex
                0x20005920                __lock___arc4random_mutex
                0x20005924                __lock___env_recursive_mutex
                0x20005928                __lock___sinit_recursive_mutex
                0x2000592c                __lock___malloc_recursive_mutex
                0x20005930                __lock___at_quick_exit_mutex
                0x20005934                __lock___dd_hash_mutex
                0x20005938                __lock___tz_mutex
                0x2000593c                __lock___sfp_recursive_mutex
 *fill*         0x2000593d        0x3 
 COMMON         0x20005940        0x4 d:/program files (x86)/gnu tools arm embedded/9 2019-q4-major/bin/../lib/gcc/arm-none-eabi/9.2.1/../../../../arm-none-eabi/lib/thumb/v7e-m+fp/hard\libg.a(lib_a-reent.o)
                0x20005940                errno
                0x20005944                . = ALIGN (0x4)
                0x20005944                _ebss = .
                0x20005944                __bss_end__ = _ebss

._user_heap_stack
                0x20005944      0x604 load address 0x08008a70
                0x20005948                . = ALIGN (0x8)
 *fill*         0x20005944        0x4 
                0x20005948                PROVIDE (end = .)
                [!provide]                PROVIDE (_end = .)
                0x20005b48                . = (. + _Min_Heap_Size)
 *fill*         0x20005948      0x200 
                0x20005f48                . = (. + _Min_Stack_Size)
 *fill*         0x20005b48      0x400 
                0x20005f48                . = ALIGN (0x8)

/DISCARD/
 libc.a(*)
 libm.a(*)
 libgcc.a(*)

.ARM.attributes
                0x00000000       0x30
 *(.ARM.attributes)
 .ARM.attributes
                0x00000000       0x1e d:/program files (x86)/gnu tools arm embedded/9 2019-q4-major/bin/../lib/gcc/arm-none-eabi/9.2.1/thumb/v7e-m+fp/hard/crti.o
 .ARM.attributes
                0x0000001e       0x34 d:/program files (x86)/gnu tools arm embedded/9 2019-q4-major/bin/../lib/gcc/arm-none-eabi/9.2.1/thumb/v7e-m+fp/hard/crtbegin.o
 .ARM.attributes
                0x00000052       0x34 CMakeFiles/RMC_Code.elf.dir/Algorithm/PID_controller.c.obj
 .ARM.attributes
                0x00000086       0x34 CMakeFiles/RMC_Code.elf.dir/Applications/Hardward/CAN_receive&send.c.obj
 .ARM.attributes
                0x000000ba       0x34 CMakeFiles/RMC_Code.elf.dir/Applications/Hardward/DBUS_remote_control.c.obj
 .ARM.attributes
                0x000000ee       0x34 CMakeFiles/RMC_Code.elf.dir/Applications/Hardward/IMU_updata.c.obj
 .ARM.attributes
                0x00000122       0x34 CMakeFiles/RMC_Code.elf.dir/Applications/Hardward/LED_control.c.obj
 .ARM.attributes
                0x00000156       0x34 CMakeFiles/RMC_Code.elf.dir/Applications/Hardward/PWM_control.c.obj
 .ARM.attributes
                0x0000018a       0x34 CMakeFiles/RMC_Code.elf.dir/Applications/Softward/FIRE.c.obj
 .ARM.attributes
                0x000001be       0x34 CMakeFiles/RMC_Code.elf.dir/Drivers/Chip/BMI088Middleware.c.obj
 .ARM.attributes
                0x000001f2       0x34 CMakeFiles/RMC_Code.elf.dir/Drivers/Chip/BMI088driver.c.obj
 .ARM.attributes
                0x00000226       0x34 CMakeFiles/RMC_Code.elf.dir/Drivers/Chip/ist8310driver.c.obj
 .ARM.attributes
                0x0000025a       0x34 CMakeFiles/RMC_Code.elf.dir/Drivers/Chip/ist8310driver_middleware.c.obj
 .ARM.attributes
                0x0000028e       0x34 CMakeFiles/RMC_Code.elf.dir/Drivers/STM32F4xx_HAL_Driver/Src/stm32f4xx_hal.c.obj
 .ARM.attributes
                0x000002c2       0x34 CMakeFiles/RMC_Code.elf.dir/Drivers/STM32F4xx_HAL_Driver/Src/stm32f4xx_hal_can.c.obj
 .ARM.attributes
                0x000002f6       0x34 CMakeFiles/RMC_Code.elf.dir/Drivers/STM32F4xx_HAL_Driver/Src/stm32f4xx_hal_cortex.c.obj
 .ARM.attributes
                0x0000032a       0x34 CMakeFiles/RMC_Code.elf.dir/Drivers/STM32F4xx_HAL_Driver/Src/stm32f4xx_hal_dma.c.obj
 .ARM.attributes